Component: ARM Compiler 5.05 update 1 (build 106) Tool: armlink [4d0efa]

==============================================================================

Section Cross References

    main.o(.text) refers to free.o(.text) for deal_digital
    main.o(.text) refers to ad5933.o(.text) for DA5933_Get_Rs
    main.o(.text) refers to os_time.o(.text) for OSTimeDlyHMSM
    main.o(.text) refers to key.o(.text) for KEY_Scan
    main.o(.text) refers to driver.o(.text) for Locate_Abs
    main.o(.text) refers to cpu_core.o(.text) for CPU_Init
    main.o(.text) refers to os_stat.o(.text) for OSStatTaskCPUUsageInit
    main.o(.text) refers to os_core.o(.text) for OSSchedRoundRobinCfg
    main.o(.text) refers to cpu_a.o(.text) for CPU_SR_Save
    main.o(.text) refers to os_task.o(.text) for OSTaskCreate
    main.o(.text) refers to delay.o(.text) for delay_init
    main.o(.text) refers to misc.o(.text) for NVIC_PriorityGroupConfig
    main.o(.text) refers to usart.o(.text) for uart_init
    main.o(.text) refers to led.o(.text) for LED_Init
    main.o(.text) refers to iic.o(.text) for IIC_Init
    main.o(.text) refers to os_var.o(.data) for OSSchedLockNestingCtr
    main.o(.text) refers to main.o(.bss) for LED0_TASK_STK
    system_stm32f4xx.o(.text) refers to system_stm32f4xx.o(.data) for SystemCoreClock
    led.o(.text) refers to stm32f4xx_rcc.o(.text) for RCC_AHB1PeriphClockCmd
    led.o(.text) refers to stm32f4xx_gpio.o(.text) for GPIO_Init
    iic.o(.text) refers to stm32f4xx_rcc.o(.text) for RCC_AHB1PeriphClockCmd
    iic.o(.text) refers to stm32f4xx_gpio.o(.text) for GPIO_Init
    iic.o(.text) refers to delay.o(.text) for delay_us
    ad5933.o(.text) refers to iic.o(.text) for IIC_Start
    ad5933.o(.text) refers to f2d.o(x$fpl$f2d) for __aeabi_f2d
    ad5933.o(.text) refers to dmul.o(x$fpl$dmul) for __aeabi_dmul
    ad5933.o(.text) refers to dfixu.o(x$fpl$dfixu) for __aeabi_d2uiz
    ad5933.o(.text) refers to delay.o(.text) for delay_ms
    ad5933.o(.text) refers to dflt_clz.o(x$fpl$dflt) for __aeabi_i2d
    ad5933.o(.text) refers to atan2.o(i.__hardfp_atan2) for __hardfp_atan2
    ad5933.o(.text) refers to daddsub_clz.o(x$fpl$dsub) for __aeabi_dsub
    ad5933.o(.text) refers to d2f.o(x$fpl$d2f) for __aeabi_d2f
    ad5933.o(.text) refers to sqrt.o(i.__hardfp_sqrt) for __hardfp_sqrt
    ad5933.o(.text) refers to os_time.o(.text) for OSTimeDlyHMSM
    ad5933.o(.text) refers to sin.o(i.__hardfp_sin) for __hardfp_sin
    ad5933.o(.text) refers to ddiv.o(x$fpl$ddiv) for __aeabi_ddiv
    ad5933.o(.text) refers to ad5933.o(.data) for rads
    free.o(.text) refers to _printf_percent.o(.ARM.Collect$$_printf_percent$$00000000) for _printf_percent
    free.o(.text) refers to _printf_d.o(.ARM.Collect$$_printf_percent$$00000009) for _printf_d
    free.o(.text) refers to _printf_f.o(.ARM.Collect$$_printf_percent$$00000003) for _printf_f
    free.o(.text) refers to _printf_dec.o(.text) for _printf_int_dec
    free.o(.text) refers to printf1.o(x$fpl$printf1) for _printf_fp_dec
    free.o(.text) refers to os_core.o(.text) for OSIntEnter
    free.o(.text) refers to stm32f4xx_usart.o(.text) for USART_GetITStatus
    free.o(.text) refers to stm32f4xx_rcc.o(.text) for RCC_AHB1PeriphClockCmd
    free.o(.text) refers to stm32f4xx_gpio.o(.text) for GPIO_Init
    free.o(.text) refers to misc.o(.text) for NVIC_Init
    free.o(.text) refers to f2d.o(x$fpl$f2d) for __aeabi_f2d
    free.o(.text) refers to noretval__2printf.o(.text) for __2printf
    free.o(.text) refers to free.o(.data) for USART2_RX_STA
    free.o(.text) refers to free.o(.bss) for USART2_RX_BUF
    free.o(.text) refers to driver.o(.data) for current_pos
    free.o(.text) refers to ad5933.o(.data) for resistance_mes
    task_manage.o(.text) refers to _printf_pad.o(.text) for _printf_pre_padding
    task_manage.o(.text) refers to _printf_percent.o(.ARM.Collect$$_printf_percent$$00000000) for _printf_percent
    task_manage.o(.text) refers to _printf_f.o(.ARM.Collect$$_printf_percent$$00000003) for _printf_f
    task_manage.o(.text) refers to printf1.o(x$fpl$printf1) for _printf_fp_dec
    task_manage.o(.text) refers to ad5933.o(.text) for DA5933_Get_Cap
    task_manage.o(.text) refers to f2d.o(x$fpl$f2d) for __aeabi_f2d
    task_manage.o(.text) refers to noretval__2printf.o(.text) for __2printf
    task_manage.o(.text) refers to noretval__2sprintf.o(.text) for __2sprintf
    task_manage.o(.text) refers to delay.o(.text) for delay_ms
    task_manage.o(.text) refers to task_manage.o(.bss) for str
    driver.o(.text) refers to stm32f4xx_rcc.o(.text) for RCC_AHB1PeriphClockCmd
    driver.o(.text) refers to stm32f4xx_gpio.o(.text) for GPIO_Init
    driver.o(.text) refers to stm32f4xx_tim.o(.text) for TIM_TimeBaseStructInit
    driver.o(.text) refers to misc.o(.text) for NVIC_Init
    driver.o(.text) refers to noretval__2printf.o(.text) for __2printf
    driver.o(.text) refers to driver.o(.data) for is_rcr_finish
    driver.o(.text) refers to driver.o(.conststring) for .conststring
[...]
    TIM_SetCompare2                          0x08002ae3   Thumb Code     4  stm32f4xx_tim.o(.text)
    TIM_SetCompare3                          0x08002ae7   Thumb Code     4  stm32f4xx_tim.o(.text)
    TIM_SetCompare4                          0x08002aeb   Thumb Code     4  stm32f4xx_tim.o(.text)
    TIM_ForcedOC1Config                      0x08002aef   Thumb Code    18  stm32f4xx_tim.o(.text)
    TIM_ForcedOC2Config                      0x08002b01   Thumb Code    26  stm32f4xx_tim.o(.text)
    TIM_ForcedOC3Config                      0x08002b1b   Thumb Code    18  stm32f4xx_tim.o(.text)
    TIM_ForcedOC4Config                      0x08002b2d   Thumb Code    26  stm32f4xx_tim.o(.text)
    TIM_OC1PreloadConfig                     0x08002b47   Thumb Code    18  stm32f4xx_tim.o(.text)
    TIM_OC2PreloadConfig                     0x08002b59   Thumb Code    26  stm32f4xx_tim.o(.text)
    TIM_OC3PreloadConfig                     0x08002b73   Thumb Code    18  stm32f4xx_tim.o(.text)
    TIM_OC4PreloadConfig                     0x08002b85   Thumb Code    26  stm32f4xx_tim.o(.text)
    TIM_OC1FastConfig                        0x08002b9f   Thumb Code    18  stm32f4xx_tim.o(.text)
    TIM_OC2FastConfig                        0x08002bb1   Thumb Code    26  stm32f4xx_tim.o(.text)
    TIM_OC3FastConfig                        0x08002bcb   Thumb Code    18  stm32f4xx_tim.o(.text)
    TIM_OC4FastConfig                        0x08002bdd   Thumb Code    26  stm32f4xx_tim.o(.text)
    TIM_ClearOC1Ref                          0x08002bf7   Thumb Code    18  stm32f4xx_tim.o(.text)
    TIM_ClearOC2Ref                          0x08002c09   Thumb Code    24  stm32f4xx_tim.o(.text)
    TIM_ClearOC3Ref                          0x08002c21   Thumb Code    18  stm32f4xx_tim.o(.text)
    TIM_ClearOC4Ref                          0x08002c33   Thumb Code    24  stm32f4xx_tim.o(.text)
    TIM_OC1PolarityConfig                    0x08002c4b   Thumb Code    18  stm32f4xx_tim.o(.text)
    TIM_OC1NPolarityConfig                   0x08002c5d   Thumb Code    18  stm32f4xx_tim.o(.text)
    TIM_OC2PolarityConfig                    0x08002c6f   Thumb Code    26  stm32f4xx_tim.o(.text)
    TIM_OC2NPolarityConfig                   0x08002c89   Thumb Code    26  stm32f4xx_tim.o(.text)
    TIM_OC3PolarityConfig                    0x08002ca3   Thumb Code    26  stm32f4xx_tim.o(.text)
    TIM_OC3NPolarityConfig                   0x08002cbd   Thumb Code    26  stm32f4xx_tim.o(.text)
    TIM_OC4PolarityConfig                    0x08002cd7   Thumb Code    26  stm32f4xx_tim.o(.text)
    TIM_CCxCmd                               0x08002cf1   Thumb Code    30  stm32f4xx_tim.o(.text)
    TIM_CCxNCmd                              0x08002d0f   Thumb Code    30  stm32f4xx_tim.o(.text)
    TIM_SetIC4Prescaler                      0x08002d2d   Thumb Code    26  stm32f4xx_tim.o(.text)
    TIM_SetIC3Prescaler                      0x08002d97   Thumb Code    18  stm32f4xx_tim.o(.text)
    TIM_SetIC2Prescaler                      0x08002df1   Thumb Code    26  stm32f4xx_tim.o(.text)
    TIM_SetIC1Prescaler                      0x08002e65   Thumb Code    18  stm32f4xx_tim.o(.text)
    TIM_ICInit                               0x08002eb1   Thumb Code   110  stm32f4xx_tim.o(.text)
    TIM_ICStructInit                         0x08002f1f   Thumb Code    18  stm32f4xx_tim.o(.text)
    TIM_PWMIConfig                           0x08002f31   Thumb Code   124  stm32f4xx_tim.o(.text)
    TIM_GetCapture1                          0x08002fad   Thumb Code     6  stm32f4xx_tim.o(.text)
    TIM_GetCapture2                          0x08002fb3   Thumb Code     6  stm32f4xx_tim.o(.text)
    TIM_GetCapture3                          0x08002fb9   Thumb Code     6  stm32f4xx_tim.o(.text)
    TIM_GetCapture4                          0x08002fbf   Thumb Code     6  stm32f4xx_tim.o(.text)
    TIM_BDTRConfig                           0x08002fc5   Thumb Code    32  stm32f4xx_tim.o(.text)
    TIM_BDTRStructInit                       0x08002fe5   Thumb Code    18  stm32f4xx_tim.o(.text)
    TIM_CtrlPWMOutputs                       0x08002ff7   Thumb Code    30  stm32f4xx_tim.o(.text)
    TIM_SelectCOM                            0x08003015   Thumb Code    24  stm32f4xx_tim.o(.text)
    TIM_CCPreloadControl                     0x0800302d   Thumb Code    24  stm32f4xx_tim.o(.text)
    TIM_ITConfig                             0x08003045   Thumb Code    18  stm32f4xx_tim.o(.text)
    TIM_GenerateEvent                        0x08003057   Thumb Code     4  stm32f4xx_tim.o(.text)
    TIM_GetFlagStatus                        0x0800305b   Thumb Code    18  stm32f4xx_tim.o(.text)
    TIM_ClearFlag                            0x0800306d   Thumb Code     6  stm32f4xx_tim.o(.text)
    TIM_GetITStatus                          0x08003073   Thumb Code    34  stm32f4xx_tim.o(.text)
    TIM_ClearITPendingBit                    0x08003095   Thumb Code     6  stm32f4xx_tim.o(.text)
    TIM_DMAConfig                            0x0800309b   Thumb Code    10  stm32f4xx_tim.o(.text)
    TIM_DMACmd                               0x080030a5   Thumb Code    18  stm32f4xx_tim.o(.text)
    TIM_SelectCCDMA                          0x080030b7   Thumb Code    24  stm32f4xx_tim.o(.text)
    TIM_InternalClockConfig                  0x080030cf   Thumb Code    12  stm32f4xx_tim.o(.text)
    TIM_SelectInputTrigger                   0x080030db   Thumb Code    18  stm32f4xx_tim.o(.text)
    TIM_ITRxExternalClockConfig              0x080030ed   Thumb Code    24  stm32f4xx_tim.o(.text)
    TIM_TIxExternalClockConfig               0x08003105   Thumb Code    62  stm32f4xx_tim.o(.text)
    TIM_ETRConfig                            0x08003143   Thumb Code    28  stm32f4xx_tim.o(.text)
    TIM_ETRClockMode1Config                  0x0800315f   Thumb Code    54  stm32f4xx_tim.o(.text)
    TIM_ETRClockMode2Config                  0x08003195   Thumb Code    32  stm32f4xx_tim.o(.text)
    TIM_SelectOutputTrigger                  0x080031b5   Thumb Code    18  stm32f4xx_tim.o(.text)
    TIM_SelectSlaveMode                      0x080031c7   Thumb Code    18  stm32f4xx_tim.o(.text)
    TIM_SelectMasterSlaveMode                0x080031d9   Thumb Code    18  stm32f4xx_tim.o(.text)
    TIM_EncoderInterfaceConfig               0x080031eb   Thumb Code    66  stm32f4xx_tim.o(.text)
    TIM_SelectHallSensor                     0x0800322d   Thumb Code    24  stm32f4xx_tim.o(.text)
    TIM_RemapConfig                          0x08003245   Thumb Code     6  stm32f4xx_tim.o(.text)
    delay_osschedlock                        0x0800324d   Thumb Code    10  delay.o(.text)
    delay_osschedunlock                      0x08003257   Thumb Code    10  delay.o(.text)
    delay_ostimedly                          0x08003261   Thumb Code    16  delay.o(.text)
    SysTick_Handler                          0x08003271   Thumb Code    24  delay.o(.text)
    delay_init                               0x08003289   Thumb Code    94  delay.o(.text)
    delay_us                                 0x080032e7   Thumb Code    84  delay.o(.text)
    get_ostime                               0x0800333b   Thumb Code    22  delay.o(.text)
    delay_ms                                 0x08003351   Thumb Code    66  delay.o(.text)
    _sys_exit                                0x080033ad   Thumb Code     4  usart.o(.text)
    fputc                                    0x080033b1   Thumb Code    22  usart.o(.text)
    uart_init                                0x080033c7   Thumb Code   172  usart.o(.text)
    USART1_IRQHandler                        0x08003473   Thumb Code   130  usart.o(.text)
    BSP_CPU_ClkFreq                          0x08003505   Thumb Code    14  bsp.o(.text)
    CPU_TS_TmrInit                           0x08003513   Thumb Code    44  bsp.o(.text)
    CPU_TS_TmrRd                             0x0800353f   Thumb Code     6  bsp.o(.text)
    CPU_TS32_to_uSec                         0x08003545   Thumb Code    54  bsp.o(.text)
    CPU_NameClr                              0x08003589   Thumb Code    42  cpu_core.o(.text)
    CPU_Init                                 0x080035c9   Thumb Code    12  cpu_core.o(.text)
    CPU_SW_Exception                         0x080035d5   Thumb Code     4  cpu_core.o(.text)
    CPU_NameGet                              0x080035d9   Thumb Code    70  cpu_core.o(.text)
    CPU_NameSet                              0x0800361f   Thumb Code    96  cpu_core.o(.text)
    CPU_TS_Get32                             0x0800367f   Thumb Code    12  cpu_core.o(.text)
    CPU_TS_Update                            0x0800368b   Thumb Code     2  cpu_core.o(.text)
    CPU_TS_TmrFreqGet                        0x0800368d   Thumb Code    30  cpu_core.o(.text)
    CPU_TS_TmrFreqSet                        0x080036ab   Thumb Code     6  cpu_core.o(.text)
    CPU_CntLeadZeros08                       0x080036b1   Thumb Code    18  cpu_core.o(.text)
    CPU_CntLeadZeros16                       0x080036c3   Thumb Code    18  cpu_core.o(.text)
    CPU_CntLeadZeros32                       0x080036d5   Thumb Code    18  cpu_core.o(.text)
    CPU_CntLeadZeros64                       0x080036e7   Thumb Code   188  cpu_core.o(.text)
    CPU_CntTrailZeros08                      0x080037a3   Thumb Code    22  cpu_core.o(.text)
    CPU_CntTrailZeros16                      0x080037b9   Thumb Code    22  cpu_core.o(.text)
    CPU_CntTrailZeros32                      0x080037cf   Thumb Code    22  cpu_core.o(.text)
    CPU_CntTrailZeros64                      0x080037e5   Thumb Code    62  cpu_core.o(.text)
    CPU_IntDis                               0x08003831   Thumb Code     0  cpu_a.o(.text)
    CPU_IntEn                                0x08003835   Thumb Code     0  cpu_a.o(.text)
    CPU_SR_Save                              0x08003839   Thumb Code     0  cpu_a.o(.text)
    CPU_SR_Restore                           0x08003841   Thumb Code     0  cpu_a.o(.text)
    CPU_WaitForInt                           0x08003847   Thumb Code     0  cpu_a.o(.text)
    CPU_WaitForExcept                        0x0800384b   Thumb Code     0  cpu_a.o(.text)
    CPU_CntLeadZeros                         0x0800384f   Thumb Code     0  cpu_a.o(.text)
    CPU_CntTrailZeros                        0x08003855   Thumb Code     0  cpu_a.o(.text)
    CPU_RevBits                              0x0800385f   Thumb Code     0  cpu_a.o(.text)
    ASCII_IsAlpha                            0x08003865   Thumb Code    48  lib_ascii.o(.text)
    ASCII_IsAlphaNum                         0x08003895   Thumb Code    76  lib_ascii.o(.text)
    ASCII_IsLower                            0x080038e1   Thumb Code    20  lib_ascii.o(.text)
    ASCII_IsUpper                            0x080038f5   Thumb Code    20  lib_ascii.o(.text)
    ASCII_IsDig                              0x08003909   Thumb Code    20  lib_ascii.o(.text)
    ASCII_IsDigOct                           0x0800391d   Thumb Code    20  lib_ascii.o(.text)
    ASCII_IsDigHex                           0x08003931   Thumb Code    36  lib_ascii.o(.text)
    ASCII_IsBlank                            0x08003955   Thumb Code    20  lib_ascii.o(.text)
    ASCII_IsSpace                            0x08003969   Thumb Code    36  lib_ascii.o(.text)
    ASCII_IsPrint                            0x0800398d   Thumb Code    20  lib_ascii.o(.text)
    ASCII_IsGraph                            0x080039a1   Thumb Code    20  lib_ascii.o(.text)
    ASCII_IsPunct                            0x080039b5   Thumb Code   134  lib_ascii.o(.text)
    ASCII_IsCtrl                             0x08003a3b   Thumb Code    26  lib_ascii.o(.text)
    ASCII_ToLower                            0x08003a55   Thumb Code    32  lib_ascii.o(.text)
    ASCII_ToUpper                            0x08003a75   Thumb Code    32  lib_ascii.o(.text)
    ASCII_Cmp                                0x08003a95   Thumb Code    38  lib_ascii.o(.text)
    Mem_Init                                 0x08003abd   Thumb Code    54  lib_mem.o(.text)
    Mem_Set                                  0x08003af3   Thumb Code    84  lib_mem.o(.text)
    Mem_Clr                                  0x08003b47   Thumb Code    18  lib_mem.o(.text)
    Mem_Move                                 0x08003b59   Thumb Code   186  lib_mem.o(.text)
    Mem_Cmp                                  0x08003c13   Thumb Code   192  lib_mem.o(.text)
    Mem_HeapAlloc                            0x08003d4b   Thumb Code   168  lib_mem.o(.text)
    Mem_SegGetSizeRem                        0x08003df3   Thumb Code   108  lib_mem.o(.text)
    Mem_HeapGetSizeRem                       0x08003e5f   Thumb Code    22  lib_mem.o(.text)
    Mem_PoolClr                              0x08003e75   Thumb Code    80  lib_mem.o(.text)
    Mem_PoolCreate                           0x08003ec5   Thumb Code   838  lib_mem.o(.text)
    Mem_PoolBlkGetNbrAvail                   0x0800420b   Thumb Code    52  lib_mem.o(.text)
    Mem_PoolBlkGet                           0x0800423f   Thumb Code   126  lib_mem.o(.text)
    Mem_PoolBlkGetUsedAtIx                   0x080042bd   Thumb Code   140  lib_mem.o(.text)
    Mem_PoolBlkFree                          0x08004349   Thumb Code   152  lib_mem.o(.text)
    Mem_PoolBlkIxGet                         0x080043e1   Thumb Code   162  lib_mem.o(.text)
    Str_Len_N                                0x08004485   Thumb Code    28  lib_str.o(.text)
    Str_Len                                  0x080044a1   Thumb Code    20  lib_str.o(.text)
    Str_Copy_N                               0x080044b5   Thumb Code    70  lib_str.o(.text)
    Str_Copy                                 0x080044fb   Thumb Code    24  lib_str.o(.text)
    Str_Cat_N                                0x08004513   Thumb Code    90  lib_str.o(.text)
    Str_Cat                                  0x0800456d   Thumb Code    24  lib_str.o(.text)
    Str_Cmp_N                                0x08004585   Thumb Code   156  lib_str.o(.text)
    Str_Cmp                                  0x08004621   Thumb Code    24  lib_str.o(.text)
    Str_CmpIgnoreCase_N                      0x08004639   Thumb Code   264  lib_str.o(.text)
    Str_CmpIgnoreCase                        0x08004741   Thumb Code    24  lib_str.o(.text)
    Str_Char_N                               0x08004759   Thumb Code    74  lib_str.o(.text)
    Str_Char                                 0x080047a3   Thumb Code    24  lib_str.o(.text)
    Str_Char_Last_N                          0x080047bb   Thumb Code    76  lib_str.o(.text)
    Str_Char_Last                            0x08004807   Thumb Code    24  lib_str.o(.text)
    Str_Char_Replace_N                       0x0800481f   Thumb Code    52  lib_str.o(.text)
    Str_Char_Replace                         0x08004853   Thumb Code    28  lib_str.o(.text)
    Str_Str_N                                0x0800486f   Thumb Code   182  lib_str.o(.text)
    Str_Str                                  0x08004925   Thumb Code    24  lib_str.o(.text)
    Str_FmtNbr_Int32U                        0x08004b19   Thumb Code    46  lib_str.o(.text)
    Str_FmtNbr_Int32S                        0x08004b47   Thumb Code    62  lib_str.o(.text)
    Str_ParseNbr_Int32U                      0x08004d43   Thumb Code    30  lib_str.o(.text)
    Str_ParseNbr_Int32S                      0x08004d61   Thumb Code    74  lib_str.o(.text)
    Mem_Copy                                 0x08004db1   Thumb Code     0  lib_mem_a.o(.text)
    OSCfg_Init                               0x08004fd1   Thumb Code    86  os_cfg_app.o(.text)
    OS_IdleTask                              0x080050cd   Thumb Code    60  os_core.o(.text)
    OS_IdleTaskInit                          0x08005109   Thumb Code    68  os_core.o(.text)
    OS_RdyListInit                           0x0800514d   Thumb Code    32  os_core.o(.text)
    OSInit                                   0x0800516d   Thumb Code   300  os_core.o(.text)
    OSIntEnter                               0x08005299   Thumb Code    34  os_core.o(.text)
    OSIntExit                                0x080052bb   Thumb Code   188  os_core.o(.text)
    OSSched                                  0x08005377   Thumb Code   130  os_core.o(.text)
    OS_SchedLockTimeMeasStart                0x080053f9   Thumb Code    20  os_core.o(.text)
    OSSchedLock                              0x0800540d   Thumb Code   104  os_core.o(.text)
    OS_SchedLockTimeMeasStop                 0x08005475   Thumb Code    44  os_core.o(.text)
    OSSchedUnlock                            0x080054a1   Thumb Code   286  os_core.o(.text)
    OSSchedRoundRobinCfg                     0x080055bf   Thumb Code    88  os_core.o(.text)
    OS_RdyListMoveHeadToTail                 0x08005617   Thumb Code    68  os_core.o(.text)
    OSSchedRoundRobinYield                   0x0800565b   Thumb Code   164  os_core.o(.text)
    OSStart                                  0x080056ff   Thumb Code    78  os_core.o(.text)
    OSVersion                                0x0800574d   Thumb Code    12  os_core.o(.text)
    OS_PendDbgNameAdd                        0x08005759   Thumb Code    66  os_core.o(.text)
    OS_PendListInsertPrio                    0x0800579b   Thumb Code   102  os_core.o(.text)
    OS_PendDataInit                          0x08005801   Thumb Code    38  os_core.o(.text)
    OS_RdyListRemove                         0x08005827   Thumb Code    86  os_core.o(.text)
    OS_TaskBlock                             0x0800587d   Thumb Code    56  os_core.o(.text)
    OS_Pend                                  0x080058b5   Thumb Code    98  os_core.o(.text)
    OS_PendListRemove1                       0x08005917   Thumb Code   136  os_core.o(.text)
    OS_PendListRemove                        0x0800599f   Thumb Code    48  os_core.o(.text)
    OS_PendAbort1                            0x080059cf   Thumb Code    36  os_core.o(.text)
    OS_RdyListInsertHead                     0x080059f3   Thumb Code    58  os_core.o(.text)
    OS_RdyListInsertTail                     0x08005a2d   Thumb Code    56  os_core.o(.text)
    OS_RdyListInsert                         0x08005a65   Thumb Code    40  os_core.o(.text)
    OS_TaskRdy                               0x08005a8d   Thumb Code    28  os_core.o(.text)
    OS_PendAbort                             0x08005aa9   Thumb Code   166  os_core.o(.text)
    OS_PendDbgNameRemove                     0x08005b4f   Thumb Code    34  os_core.o(.text)
    OS_PendListChangePrio                    0x08005b71   Thumb Code    70  os_core.o(.text)
    OS_PendListInit                          0x08005bb7   Thumb Code    10  os_core.o(.text)
    OS_PendListInsertHead                    0x08005bc1   Thumb Code    32  os_core.o(.text)
    OS_PendObjDel1                           0x08005be1   Thumb Code    36  os_core.o(.text)
    OS_PendObjDel                            0x08005c05   Thumb Code   162  os_core.o(.text)
    OS_Post1                                 0x08005ca7   Thumb Code    42  os_core.o(.text)
    OS_Post                                  0x08005cd1   Thumb Code   192  os_core.o(.text)
    OS_Sched0                                0x08005d91   Thumb Code    68  os_core.o(.text)
    OS_SchedRoundRobin                       0x08005dd5   Thumb Code   218  os_core.o(.text)
    OS_Dbg_Init                              0x08005ebd   Thumb Code   146  os_dbg.o(.text)
    OS_FlagDbgListAdd                        0x0800606d   Thumb Code    38  os_flag.o(.text)
    OSFlagCreate                             0x08006093   Thumb Code   172  os_flag.o(.text)
    OS_FlagClr                               0x0800613f   Thumb Code    28  os_flag.o(.text)
    OS_FlagDbgListRemove                     0x0800615b   Thumb Code    44  os_flag.o(.text)
    OSFlagDel                                0x08006187   Thumb Code   594  os_flag.o(.text)
    OS_FlagBlock                             0x080063d9   Thumb Code    58  os_flag.o(.text)
    OSFlagPend                               0x08006413   Thumb Code  1488  os_flag.o(.text)
    OSFlagPendAbort                          0x080069e3   Thumb Code   292  os_flag.o(.text)
    OSFlagPendGetFlagsRdy                    0x08006b07   Thumb Code    68  os_flag.o(.text)
    OS_FlagTaskRdy                           0x08006b4b   Thumb Code    86  os_flag.o(.text)
    OS_FlagPost                              0x08006ba1   Thumb Code   570  os_flag.o(.text)
    OSFlagPost                               0x08006ddb   Thumb Code   146  os_flag.o(.text)
    OS_FlagInit                              0x08006e6d   Thumb Code    14  os_flag.o(.text)
    OS_IntQPost                              0x08006e95   Thumb Code   216  os_int.o(.text)
    OS_IntQRePost                            0x08006f6d   Thumb Code   360  os_int.o(.text)
    OS_IntQTask                              0x080070d5   Thumb Code   162  os_int.o(.text)
    OS_IntQTaskInit                          0x08007177   Thumb Code   208  os_int.o(.text)
    OS_MemDbgListAdd                         0x080072d9   Thumb Code    34  os_mem.o(.text)
    OSMemCreate                              0x080072fb   Thumb Code   288  os_mem.o(.text)
    OSMemGet                                 0x0800741b   Thumb Code   100  os_mem.o(.text)
    OSMemPut                                 0x0800747f   Thumb Code   112  os_mem.o(.text)
    OS_MemInit                               0x080074ef   Thumb Code    14  os_mem.o(.text)
    OS_MsgPoolCreate                         0x08007511   Thumb Code    54  os_msg.o(.text)
    OS_MsgPoolInit                           0x08007547   Thumb Code    70  os_msg.o(.text)
    OS_MsgQFreeAll                           0x0800758d   Thumb Code    62  os_msg.o(.text)
    OS_MsgQInit                              0x080075cb   Thumb Code    14  os_msg.o(.text)
    OS_MsgQGet                               0x080075d9   Thumb Code    98  os_msg.o(.text)
    OS_MsgQPut                               0x0800763b   Thumb Code   246  os_msg.o(.text)
    OS_MutexDbgListAdd                       0x0800773d   Thumb Code    38  os_mutex.o(.text)
    OSMutexCreate                            0x08007763   Thumb Code   178  os_mutex.o(.text)
    OS_MutexClr                              0x08007815   Thumb Code    38  os_mutex.o(.text)
    OS_MutexDbgListRemove                    0x0800783b   Thumb Code    44  os_mutex.o(.text)
    OSMutexDel                               0x08007867   Thumb Code   842  os_mutex.o(.text)
    OSMutexPend                              0x08007bb1   Thumb Code   706  os_mutex.o(.text)
    OSMutexPendAbort                         0x08007e73   Thumb Code   314  os_mutex.o(.text)
    OSMutexPost                              0x08007fad   Thumb Code   564  os_mutex.o(.text)
    OS_MutexInit                             0x080081e1   Thumb Code    14  os_mutex.o(.text)
    OS_PrioInit                              0x08008211   Thumb Code    20  os_prio.o(.text)
    OS_PrioGetHighest                        0x08008225   Thumb Code    36  os_prio.o(.text)
    OS_PrioInsert                            0x08008249   Thumb Code    32  os_prio.o(.text)
    OS_PrioRemove                            0x08008269   Thumb Code    32  os_prio.o(.text)
    OS_QDbgListAdd                           0x0800828d   Thumb Code    38  os_q.o(.text)
    OSQCreate                                0x080082b3   Thumb Code   186  os_q.o(.text)
    OS_QClr                                  0x0800836d   Thumb Code    40  os_q.o(.text)
    OS_QDbgListRemove                        0x08008395   Thumb Code    44  os_q.o(.text)
    OSQDel                                   0x080083c1   Thumb Code   362  os_q.o(.text)
    OSQFlush                                 0x0800852b   Thumb Code   210  os_q.o(.text)
    OSQPend                                  0x080085fd   Thumb Code   538  os_q.o(.text)
    OSQPendAbort                             0x08008817   Thumb Code   292  os_q.o(.text)
    OS_QPost                                 0x0800893b   Thumb Code   324  os_q.o(.text)
    OSQPost                                  0x08008a7f   Thumb Code   198  os_q.o(.text)
    OS_QInit                                 0x08008b45   Thumb Code    14  os_q.o(.text)
    OS_SemDbgListAdd                         0x08008b65   Thumb Code    38  os_sem.o(.text)
    OSSemCreate                              0x08008b8b   Thumb Code   172  os_sem.o(.text)
    OS_SemClr                                0x08008c37   Thumb Code    28  os_sem.o(.text)
    OS_SemDbgListRemove                      0x08008c53   Thumb Code    44  os_sem.o(.text)
    OSSemDel                                 0x08008c7f   Thumb Code   362  os_sem.o(.text)
    OSSemPend                                0x08008de9   Thumb Code   504  os_sem.o(.text)
    OSSemPendAbort                           0x08008fe1   Thumb Code   292  os_sem.o(.text)
    OS_SemPost                               0x08009105   Thumb Code   350  os_sem.o(.text)
    OSSemPost                                0x08009263   Thumb Code   144  os_sem.o(.text)
    OSSemSet                                 0x080092f3   Thumb Code   138  os_sem.o(.text)
    OS_SemInit                               0x0800937d   Thumb Code    14  os_sem.o(.text)
    OSStatReset                              0x08009395   Thumb Code   270  os_stat.o(.text)
    OSStatTaskCPUUsageInit                   0x080094a3   Thumb Code   212  os_stat.o(.text)
    OS_StatTask                              0x08009577   Thumb Code   888  os_stat.o(.text)
    OS_StatTaskInit                          0x080098ef   Thumb Code   138  os_stat.o(.text)
    OSTaskChangePrio                         0x080099cd   Thumb Code   416  os_task.o(.text)
    OS_TaskDbgListAdd                        0x08009b6d   Thumb Code    42  os_task.o(.text)
    OS_TaskInitTCB                           0x08009b97   Thumb Code   186  os_task.o(.text)
    OSTaskCreate                             0x08009c51   Thumb Code   616  os_task.o(.text)
    OS_TaskDbgListRemove                     0x08009eb9   Thumb Code    64  os_task.o(.text)
    OSTaskDel                                0x08009ef9   Thumb Code   424  os_task.o(.text)
    OSTaskQFlush                             0x0800a0a1   Thumb Code   214  os_task.o(.text)
    OSTaskQPend                              0x0800a177   Thumb Code   554  os_task.o(.text)
    OSTaskQPendAbort                         0x0800a3a1   Thumb Code   242  os_task.o(.text)
    OS_TaskQPost                             0x0800a493   Thumb Code   526  os_task.o(.text)
    OSTaskQPost                              0x0800a6a1   Thumb Code   114  os_task.o(.text)
    OSTaskRegGet                             0x0800a713   Thumb Code    78  os_task.o(.text)
    OSTaskRegGetID                           0x0800a761   Thumb Code    84  os_task.o(.text)
    OSTaskRegSet                             0x0800a7b5   Thumb Code    78  os_task.o(.text)
    OS_TaskResume                            0x0800a803   Thumb Code   314  os_task.o(.text)
    OSTaskResume                             0x0800a93d   Thumb Code   112  os_task.o(.text)
    OSTaskSemPend                            0x0800a9ad   Thumb Code   550  os_task.o(.text)
    OSTaskSemPendAbort                       0x0800abd3   Thumb Code   270  os_task.o(.text)
    OS_TaskSemPost                           0x0800ace1   Thumb Code  1224  os_task.o(.text)
    OSTaskSemPost                            0x0800b1a9   Thumb Code    98  os_task.o(.text)
    OSTaskSemSet                             0x0800b20b   Thumb Code    80  os_task.o(.text)
    OSTaskStkChk                             0x0800b25b   Thumb Code   224  os_task.o(.text)
    OS_TaskSuspend                           0x0800b33b   Thumb Code   328  os_task.o(.text)
    OSTaskSuspend                            0x0800b483   Thumb Code    78  os_task.o(.text)
    OSTaskTimeQuantaSet                      0x0800b4d1   Thumb Code    96  os_task.o(.text)
    OS_TaskInit                              0x0800b531   Thumb Code    18  os_task.o(.text)
    OS_TaskReturn                            0x0800b543   Thumb Code    20  os_task.o(.text)
    OS_TickListRemove                        0x0800b581   Thumb Code    56  os_tick.o(.text)
    OS_TickListUpdate                        0x0800b5b9   Thumb Code   480  os_tick.o(.text)
    OS_TickTask                              0x0800b799   Thumb Code    38  os_tick.o(.text)
    OS_TickListInit                          0x0800b7bf   Thumb Code    32  os_tick.o(.text)
    OS_TickTaskInit                          0x0800b7df   Thumb Code   130  os_tick.o(.text)
    OS_TickListInsert                        0x0800b861   Thumb Code   502  os_tick.o(.text)
    OS_TickListResetPeak                     0x0800ba57   Thumb Code    28  os_tick.o(.text)
    OSTimeDly                                0x0800ba7d   Thumb Code   266  os_time.o(.text)
    OSTimeDlyHMSM                            0x0800bb87   Thumb Code   480  os_time.o(.text)
    OSTimeDlyResume                          0x0800bd67   Thumb Code   466  os_time.o(.text)
    OSTimeGet                                0x0800bf39   Thumb Code    46  os_time.o(.text)
    OSTimeSet                                0x0800bf67   Thumb Code    46  os_time.o(.text)
    OSTimeTick                               0x0800bf95   Thumb Code    54  os_time.o(.text)
    OS_TmrDbgListAdd                         0x0800bfe1   Thumb Code    34  os_tmr.o(.text)
    OSTmrCreate                              0x0800c003   Thumb Code   248  os_tmr.o(.text)
    OS_TmrClr                                0x0800c0fb   Thumb Code    36  os_tmr.o(.text)
    OS_TmrUnlink                             0x0800c11f   Thumb Code    72  os_tmr.o(.text)
    OS_TmrDbgListRemove                      0x0800c167   Thumb Code    44  os_tmr.o(.text)
    OSTmrDel                                 0x0800c193   Thumb Code   176  os_tmr.o(.text)
    OSTmrRemainGet                           0x0800c243   Thumb Code   184  os_tmr.o(.text)
    OS_TmrLink                               0x0800c2fb   Thumb Code   196  os_tmr.o(.text)
    OSTmrStart                               0x0800c3bf   Thumb Code   210  os_tmr.o(.text)
    OSTmrStateGet                            0x0800c491   Thumb Code   134  os_tmr.o(.text)
    OSTmrStop                                0x0800c517   Thumb Code   232  os_tmr.o(.text)
    OS_TmrTask                               0x0800c5ff   Thumb Code   176  os_tmr.o(.text)
    OS_TmrInit                               0x0800c6af   Thumb Code   208  os_tmr.o(.text)
    OS_TmrResetPeak                          0x0800c77f   Thumb Code    28  os_tmr.o(.text)
    OSIdleTaskHook                           0x0800c7f9   Thumb Code    16  os_cpu_c.o(.text)
    OSInitHook                               0x0800c809   Thumb Code    28  os_cpu_c.o(.text)
    OSStatTaskHook                           0x0800c825   Thumb Code    16  os_cpu_c.o(.text)
    OSTaskCreateHook                         0x0800c835   Thumb Code    20  os_cpu_c.o(.text)
    OSTaskDelHook                            0x0800c849   Thumb Code    20  os_cpu_c.o(.text)
    OSTaskReturnHook                         0x0800c85d   Thumb Code    20  os_cpu_c.o(.text)
    OSTaskStkInit                            0x0800c871   Thumb Code   600  os_cpu_c.o(.text)
    OSTaskSwHook                             0x0800cac9   Thumb Code   120  os_cpu_c.o(.text)
    OSTimeTickHook                           0x0800cb41   Thumb Code    16  os_cpu_c.o(.text)
    OS_CPU_SysTickHandler                    0x0800cb51   Thumb Code    52  os_cpu_c.o(.text)
    OS_CPU_SysTickInit                       0x0800cb85   Thumb Code    44  os_cpu_c.o(.text)
    __use_no_semihosting                     0x0800cbf1   Thumb Code     2  use_no_semi_2.o(.text)
    __aeabi_uldivmod                         0x0800cbf3   Thumb Code     0  lludivv7m.o(.text)
    _ll_udiv                                 0x0800cbf3   Thumb Code   238  lludivv7m.o(.text)
    __2printf                                0x0800cce1   Thumb Code    20  noretval__2printf.o(.text)
    _printf_int_dec                          0x0800ccf9   Thumb Code   104  _printf_dec.o(.text)
    __printf                                 0x0800cd71   Thumb Code   388  __printf_flags_ss_wp.o(.text)
    __use_two_region_memory                  0x0800cef9   Thumb Code     2  heapauxi.o(.text)
    __rt_heap_escrow$2region                 0x0800cefb   Thumb Code     2  heapauxi.o(.text)
    __rt_heap_expand$2region                 0x0800cefd   Thumb Code     2  heapauxi.o(.text)
    __I$use$semihosting                      0x0800ceff   Thumb Code     0  use_no_semi.o(.text)
    __use_no_semihosting_swi                 0x0800ceff   Thumb Code     2  use_no_semi.o(.text)
    __read_errno                             0x0800cf01   Thumb Code    10  _rserrno.o(.text)
    __set_errno                              0x0800cf0b   Thumb Code    12  _rserrno.o(.text)
    _printf_int_common                       0x0800cf17   Thumb Code   178  _printf_intcommon.o(.text)
    __lib_sel_fp_printf                      0x0800cfc9   Thumb Code     2  _printf_fp_dec.o(.text)
    _printf_fp_dec_real                      0x0800d177   Thumb Code   620  _printf_fp_dec.o(.text)
    _printf_char_common                      0x0800d3ef   Thumb Code    32  _printf_char_common.o(.text)
    _printf_char_file                        0x0800d415   Thumb Code    32  _printf_char_file.o(.text)
    __rt_locale                              0x0800d439   Thumb Code     8  rt_locale_intlibspace.o(.text)
    __aeabi_errno_addr                       0x0800d441   Thumb Code     8  rt_errno_addr_intlibspace.o(.text)
    __errno$intlibspace                      0x0800d441   Thumb Code     0  rt_errno_addr_intlibspace.o(.text)
    __rt_errno_addr$intlibspace              0x0800d441   Thumb Code     0  rt_errno_addr_intlibspace.o(.text)
    _ll_udiv10                               0x0800d449   Thumb Code   138  lludiv10.o(.text)
    _printf_fp_infnan                        0x0800d4d5   Thumb Code   112  _printf_fp_infnan.o(.text)
    _btod_etento                             0x0800d555   Thumb Code   216  bigflt0.o(.text)
    ferror                                   0x0800d631   Thumb Code     8  ferror.o(.text)
    __user_libspace                          0x0800d639   Thumb Code     8  libspace.o(.text)
    __user_perproc_libspace                  0x0800d639   Thumb Code     0  libspace.o(.text)
    __user_perthread_libspace                0x0800d639   Thumb Code     0  libspace.o(.text)
    __user_setup_stackheap                   0x0800d641   Thumb Code    74  sys_stackheap_outer.o(.text)
    exit                                     0x0800d68b   Thumb Code    12  exit.o(.text)
    strcmp                                   0x0800d699   Thumb Code   128  strcmpv7m.o(.text)
    _btod_d2e                                0x0800d719   Thumb Code    62  btod.o(CL$$btod_d2e)
    _d2e_denorm_low                          0x0800d757   Thumb Code    70  btod.o(CL$$btod_d2e_denorm_low)
    _d2e_norm_op1                            0x0800d79d   Thumb Code    96  btod.o(CL$$btod_d2e_norm_op1)
    __btod_div_common                        0x0800d7fd   Thumb Code   696  btod.o(CL$$btod_div_common)
    _e2e                                     0x0800db35   Thumb Code   198  btod.o(CL$$btod_e2e)
    _btod_ediv                               0x0800dbfb   Thumb Code    40  btod.o(CL$$btod_ediv)
    _btod_emul                               0x0800dc23   Thumb Code    40  btod.o(CL$$btod_emul)
    __btod_mult_common                       0x0800dc4b   Thumb Code   580  btod.o(CL$$btod_mult_common)
    OSStartHighRdy                           0x0800de91   Thumb Code     0  os_cpu_a.o(CODE)
    OSCtxSw                                  0x0800deb3   Thumb Code     0  os_cpu_a.o(CODE)
    OSIntCtxSw                               0x0800debd   Thumb Code     0  os_cpu_a.o(CODE)
    PendSV_Handler                           0x0800dec7   Thumb Code     0  os_cpu_a.o(CODE)
    __ARM_fpclassify                         0x0800df3d   Thumb Code    48  fpclassify.o(i.__ARM_fpclassify)
    __hardfp_atan                            0x0800df71   Thumb Code   622  atan.o(i.__hardfp_atan)
    __hardfp_atan2                           0x0800e249   Thumb Code   432  atan2.o(i.__hardfp_atan2)
    __hardfp_sin                             0x0800e439   Thumb Code   180  sin.o(i.__hardfp_sin)
    __hardfp_sqrt                            0x0800e501   Thumb Code   122  sqrt.o(i.__hardfp_sqrt)
    __ieee754_rem_pio2                       0x0800e581   Thumb Code   938  rred.o(i.__ieee754_rem_pio2)
    __kernel_cos                             0x0800e9b9   Thumb Code   322  cos_i.o(i.__kernel_cos)
    __kernel_poly                            0x0800eb29   Thumb Code   248  poly.o(i.__kernel_poly)
    __kernel_sin                             0x0800ec21   Thumb Code   280  sin_i.o(i.__kernel_sin)
    __mathlib_dbl_infnan                     0x0800ed51   Thumb Code    20  dunder.o(i.__mathlib_dbl_infnan)
    __mathlib_dbl_infnan2                    0x0800ed65   Thumb Code    20  dunder.o(i.__mathlib_dbl_infnan2)
    __mathlib_dbl_invalid                    0x0800ed79   Thumb Code    24  dunder.o(i.__mathlib_dbl_invalid)
    __mathlib_dbl_underflow                  0x0800ed99   Thumb Code    24  dunder.o(i.__mathlib_dbl_underflow)
    _is_digit                                0x0800edb9   Thumb Code    14  __printf_wp.o(i._is_digit)
    atan                                     0x0800edc7   Thumb Code    16  atan.o(i.atan)
    fabs                                     0x0800edd7   Thumb Code    24  fabs.o(i.fabs)
    _get_lc_numeric                          0x0800edf1   Thumb Code    44  lc_numeric_c.o(locale$$code)
    __aeabi_dneg                             0x0800ee1d   Thumb Code     0  basic.o(x$fpl$basic)
    _dneg                                    0x0800ee1d   Thumb Code     6  basic.o(x$fpl$basic)
    __aeabi_fneg                             0x0800ee23   Thumb Code     0  basic.o(x$fpl$basic)
    _fneg                                    0x0800ee23   Thumb Code     6  basic.o(x$fpl$basic)
    _dabs                                    0x0800ee29   Thumb Code     6  basic.o(x$fpl$basic)
    _fabs                                    0x0800ee2f   Thumb Code     6  basic.o(x$fpl$basic)
    __aeabi_d2f                              0x0800ee35   Thumb Code     0  d2f.o(x$fpl$d2f)
    _d2f                                     0x0800ee35   Thumb Code    98  d2f.o(x$fpl$d2f)
    __aeabi_dadd                             0x0800ee99   Thumb Code     0  daddsub_clz.o(x$fpl$dadd)
    _dadd                                    0x0800ee99   Thumb Code   332  daddsub_clz.o(x$fpl$dadd)
    __aeabi_ddiv                             0x0800efe9   Thumb Code     0  ddiv.o(x$fpl$ddiv)
    _ddiv                                    0x0800efe9   Thumb Code   552  ddiv.o(x$fpl$ddiv)
    __aeabi_d2iz                             0x0800f299   Thumb Code     0  dfix.o(x$fpl$dfix)
    _dfix                                    0x0800f299   Thumb Code    94  dfix.o(x$fpl$dfix)
    __aeabi_d2uiz                            0x0800f2f9   Thumb Code     0  dfixu.o(x$fpl$dfixu)
    _dfixu                                   0x0800f2f9   Thumb Code    90  dfixu.o(x$fpl$dfixu)
    __aeabi_i2d                              0x0800f353   Thumb Code     0  dflt_clz.o(x$fpl$dflt)
    _dflt                                    0x0800f353   Thumb Code    46  dflt_clz.o(x$fpl$dflt)
    __aeabi_ui2d                             0x0800f381   Thumb Code     0  dflt_clz.o(x$fpl$dfltu)
    _dfltu                                   0x0800f381   Thumb Code    38  dflt_clz.o(x$fpl$dfltu)
    __aeabi_dmul                             0x0800f3a9   Thumb Code     0  dmul.o(x$fpl$dmul)
    _dmul                                    0x0800f3a9   Thumb Code   332  dmul.o(x$fpl$dmul)
    __fpl_dnaninf                            0x0800f4fd   Thumb Code   156  dnaninf.o(x$fpl$dnaninf)
    __fpl_dretinf                            0x0800f599   Thumb Code    12  dretinf.o(x$fpl$dretinf)
    __aeabi_drsub                            0x0800f5a5   Thumb Code     0  daddsub_clz.o(x$fpl$drsb)
    _drsb                                    0x0800f5a5   Thumb Code    22  daddsub_clz.o(x$fpl$drsb)
    _dsqrt                                   0x0800f5bd   Thumb Code   404  dsqrt_umaal.o(x$fpl$dsqrt)
    __aeabi_dsub                             0x0800f755   Thumb Code     0  daddsub_clz.o(x$fpl$dsub)
    _dsub                                    0x0800f755   Thumb Code   464  daddsub_clz.o(x$fpl$dsub)
    __aeabi_f2d                              0x0800f929   Thumb Code     0  f2d.o(x$fpl$f2d)
    _f2d                                     0x0800f929   Thumb Code    86  f2d.o(x$fpl$f2d)
    __fpl_fnaninf                            0x0800f97f   Thumb Code   140  fnaninf.o(x$fpl$fnaninf)
    _fp_init                                 0x0800fa0b   Thumb Code    10  fpinit.o(x$fpl$fpinit)
    __fplib_config_fpu_vfp                   0x0800fa13   Thumb Code     0  fpinit.o(x$fpl$fpinit)
    __fplib_config_pureend_doubles           0x0800fa13   Thumb Code     0  fpinit.o(x$fpl$fpinit)
    __fpl_fretinf                            0x0800fa15   Thumb Code    10  fretinf.o(x$fpl$fretinf)
    _printf_fp_dec                           0x0800fa1f   Thumb Code     4  printf1.o(x$fpl$printf1)
    __I$use$fp                               0x0800fa22   Number         0  usenofp.o(x$fpl$usenofp)
    CPU_EndiannessTest                       0x0800fb24   Data           4  cpu_core.o(.constdata)
    OSCfg_IdleTaskStkBasePtr                 0x0800fbbc   Data           4  os_cfg_app.o(.constdata)
    OSCfg_IdleTaskStkLimit                   0x0800fbc0   Data           4  os_cfg_app.o(.constdata)
    OSCfg_IdleTaskStkSize                    0x0800fbc4   Data           4  os_cfg_app.o(.constdata)
    OSCfg_IdleTaskStkSizeRAM                 0x0800fbc8   Data           4  os_cfg_app.o(.constdata)
    OSCfg_IntQBasePtr                        0x0800fbcc   Data           4  os_cfg_app.o(.constdata)
    OSCfg_IntQSize                           0x0800fbd0   Data           2  os_cfg_app.o(.constdata)
    OSCfg_IntQSizeRAM                        0x0800fbd4   Data           4  os_cfg_app.o(.constdata)
    OSCfg_IntQTaskStkBasePtr                 0x0800fbd8   Data           4  os_cfg_app.o(.constdata)
    OSCfg_IntQTaskStkLimit                   0x0800fbdc   Data           4  os_cfg_app.o(.constdata)
    OSCfg_IntQTaskStkSize                    0x0800fbe0   Data           4  os_cfg_app.o(.constdata)
    OSCfg_IntQTaskStkSizeRAM                 0x0800fbe4   Data           4  os_cfg_app.o(.constdata)
    OSCfg_ISRStkBasePtr                      0x0800fbe8   Data           4  os_cfg_app.o(.constdata)
    OSCfg_ISRStkSize                         0x0800fbec   Data           4  os_cfg_app.o(.constdata)
    OSCfg_ISRStkSizeRAM                      0x0800fbf0   Data           4  os_cfg_app.o(.constdata)
    OSCfg_MsgPoolSize                        0x0800fbf4   Data           2  os_cfg_app.o(.constdata)
    OSCfg_MsgPoolSizeRAM                     0x0800fbf8   Data           4  os_cfg_app.o(.constdata)
    OSCfg_MsgPoolBasePtr                     0x0800fbfc   Data           4  os_cfg_app.o(.constdata)
    OSCfg_StatTaskPrio                       0x0800fc00   Data           1  os_cfg_app.o(.constdata)
    OSCfg_StatTaskRate_Hz                    0x0800fc04   Data           4  os_cfg_app.o(.constdata)
    OSCfg_StatTaskStkBasePtr                 0x0800fc08   Data           4  os_cfg_app.o(.constdata)
    OSCfg_StatTaskStkLimit                   0x0800fc0c   Data           4  os_cfg_app.o(.constdata)
    OSCfg_StatTaskStkSize                    0x0800fc10   Data           4  os_cfg_app.o(.constdata)
    OSCfg_StatTaskStkSizeRAM                 0x0800fc14   Data           4  os_cfg_app.o(.constdata)
    OSCfg_StkSizeMin                         0x0800fc18   Data           4  os_cfg_app.o(.constdata)
    OSCfg_TickRate_Hz                        0x0800fc1c   Data           4  os_cfg_app.o(.constdata)
    OSCfg_TickTaskPrio                       0x0800fc20   Data           1  os_cfg_app.o(.constdata)
    OSCfg_TickTaskStkBasePtr                 0x0800fc24   Data           4  os_cfg_app.o(.constdata)
    OSCfg_TickTaskStkLimit                   0x0800fc28   Data           4  os_cfg_app.o(.constdata)
    OSCfg_TickTaskStkSize                    0x0800fc2c   Data           4  os_cfg_app.o(.constdata)
    OSCfg_TickTaskStkSizeRAM                 0x0800fc30   Data           4  os_cfg_app.o(.constdata)
    OSCfg_TickWheelSize                      0x0800fc34   Data           2  os_cfg_app.o(.constdata)
    OSCfg_TickWheelSizeRAM                   0x0800fc38   Data           4  os_cfg_app.o(.constdata)
    OSCfg_TmrTaskPrio                        0x0800fc3c   Data           1  os_cfg_app.o(.constdata)
    OSCfg_TmrTaskRate_Hz                     0x0800fc40   Data           4  os_cfg_app.o(.constdata)
    OSCfg_TmrTaskStkBasePtr                  0x0800fc44   Data           4  os_cfg_app.o(.constdata)
    OSCfg_TmrTaskStkLimit                    0x0800fc48   Data           4  os_cfg_app.o(.constdata)
    OSCfg_TmrTaskStkSize                     0x0800fc4c   Data           4  os_cfg_app.o(.constdata)
    OSCfg_TmrTaskStkSizeRAM                  0x0800fc50   Data           4  os_cfg_app.o(.constdata)
    OSCfg_TmrWheelSize                       0x0800fc54   Data           2  os_cfg_app.o(.constdata)
    OSCfg_TmrWheelSizeRAM                    0x0800fc58   Data           4  os_cfg_app.o(.constdata)
    OSCfg_DataSizeRAM                        0x0800fc5c   Data           4  os_cfg_app.o(.constdata)
    OSDbg_DbgEn                              0x0800fc60   Data           2  os_dbg.o(.constdata)
    OSDbg_ArgChkEn                           0x0800fc62   Data           1  os_dbg.o(.constdata)
    OSDbg_AppHooksEn                         0x0800fc63   Data           1  os_dbg.o(.constdata)
    OSDbg_EndiannessTest                     0x0800fc64   Data           4  os_dbg.o(.constdata)
    OSDbg_CalledFromISRChkEn                 0x0800fc68   Data           1  os_dbg.o(.constdata)
    OSDbg_FlagEn                             0x0800fc69   Data           1  os_dbg.o(.constdata)
    OSDbg_FlagGrp                            0x0800fc6c   Data          40  os_dbg.o(.constdata)
    OSDbg_FlagDelEn                          0x0800fc94   Data           1  os_dbg.o(.constdata)
    OSDbg_FlagModeClrEn                      0x0800fc95   Data           1  os_dbg.o(.constdata)
    OSDbg_FlagPendAbortEn                    0x0800fc96   Data           1  os_dbg.o(.constdata)
    OSDbg_FlagGrpSize                        0x0800fc98   Data           2  os_dbg.o(.constdata)
    OSDbg_FlagWidth                          0x0800fc9a   Data           2  os_dbg.o(.constdata)
    OSDbg_IntQ                               0x0800fc9c   Data           2  os_dbg.o(.constdata)
    OSDbg_ISRPostDeferredEn                  0x0800fc9e   Data           1  os_dbg.o(.constdata)
    OSDbg_Mem                                0x0800fca0   Data          32  os_dbg.o(.constdata)
    OSDbg_MemEn                              0x0800fcc0   Data           1  os_dbg.o(.constdata)
    OSDbg_MemSize                            0x0800fcc2   Data           2  os_dbg.o(.constdata)
    OSDbg_MsgEn                              0x0800fcc4   Data           1  os_dbg.o(.constdata)
    OSDbg_MsgSize                            0x0800fcc6   Data           2  os_dbg.o(.constdata)
    OSDbg_MsgPoolSize                        0x0800fcc8   Data           2  os_dbg.o(.constdata)
    OSDbg_MsgQSize                           0x0800fcca   Data           2  os_dbg.o(.constdata)
    OSDbg_Mutex                              0x0800fccc   Data          44  os_dbg.o(.constdata)
    OSDbg_MutexEn                            0x0800fcf8   Data           1  os_dbg.o(.constdata)
    OSDbg_MutexDelEn                         0x0800fcf9   Data           1  os_dbg.o(.constdata)
    OSDbg_MutexPendAbortEn                   0x0800fcfa   Data           1  os_dbg.o(.constdata)
    OSDbg_MutexSize                          0x0800fcfc   Data           2  os_dbg.o(.constdata)
    OSDbg_ObjTypeChkEn                       0x0800fcfe   Data           1  os_dbg.o(.constdata)
    OSDbg_PendMultiEn                        0x0800fcff   Data           1  os_dbg.o(.constdata)
    OSDbg_PendDataSize                       0x0800fd00   Data           2  os_dbg.o(.constdata)
    OSDbg_PendListSize                       0x0800fd02   Data           2  os_dbg.o(.constdata)
    OSDbg_PendObjSize                        0x0800fd04   Data           2  os_dbg.o(.constdata)
    OSDbg_PrioMax                            0x0800fd06   Data           2  os_dbg.o(.constdata)
    OSDbg_PrioTblSize                        0x0800fd08   Data           2  os_dbg.o(.constdata)
    OSDbg_PtrSize                            0x0800fd0a   Data           2  os_dbg.o(.constdata)
    OSDbg_Q                                  0x0800fd0c   Data          48  os_dbg.o(.constdata)
    OSDbg_QEn                                0x0800fd3c   Data           1  os_dbg.o(.constdata)
    OSDbg_QDelEn                             0x0800fd3d   Data           1  os_dbg.o(.constdata)
    OSDbg_QFlushEn                           0x0800fd3e   Data           1  os_dbg.o(.constdata)
    OSDbg_QPendAbortEn                       0x0800fd3f   Data           1  os_dbg.o(.constdata)
    OSDbg_QSize                              0x0800fd40   Data           2  os_dbg.o(.constdata)
    OSDbg_SchedRoundRobinEn                  0x0800fd42   Data           1  os_dbg.o(.constdata)
    OSDbg_Sem                                0x0800fd44   Data          40  os_dbg.o(.constdata)
    OSDbg_SemEn                              0x0800fd6c   Data           1  os_dbg.o(.constdata)
    OSDbg_SemDelEn                           0x0800fd6d   Data           1  os_dbg.o(.constdata)
    OSDbg_SemPendAbortEn                     0x0800fd6e   Data           1  os_dbg.o(.constdata)
    OSDbg_SemSetEn                           0x0800fd6f   Data           1  os_dbg.o(.constdata)
    OSDbg_SemSize                            0x0800fd70   Data           2  os_dbg.o(.constdata)
    OSDbg_RdyList                            0x0800fd72   Data           2  os_dbg.o(.constdata)
    OSDbg_RdyListSize                        0x0800fd74   Data           4  os_dbg.o(.constdata)
    OSDbg_StkWidth                           0x0800fd78   Data           1  os_dbg.o(.constdata)
    OSDbg_StatTaskEn                         0x0800fd79   Data           1  os_dbg.o(.constdata)
    OSDbg_StatTaskStkChkEn                   0x0800fd7a   Data           1  os_dbg.o(.constdata)
    OSDbg_TaskChangePrioEn                   0x0800fd7b   Data           1  os_dbg.o(.constdata)
    OSDbg_TaskDelEn                          0x0800fd7c   Data           1  os_dbg.o(.constdata)
    OSDbg_TaskQEn                            0x0800fd7d   Data           1  os_dbg.o(.constdata)
    OSDbg_TaskQPendAbortEn                   0x0800fd7e   Data           1  os_dbg.o(.constdata)
    OSDbg_TaskProfileEn                      0x0800fd7f   Data           1  os_dbg.o(.constdata)
    OSDbg_TaskRegTblSize                     0x0800fd80   Data           2  os_dbg.o(.constdata)
    OSDbg_TaskSemPendAbortEn                 0x0800fd82   Data           1  os_dbg.o(.constdata)
    OSDbg_TaskSuspendEn                      0x0800fd83   Data           1  os_dbg.o(.constdata)
    OSDbg_TCBSize                            0x0800fd84   Data           2  os_dbg.o(.constdata)
    OSDbg_TickSpokeSize                      0x0800fd86   Data           2  os_dbg.o(.constdata)
    OSDbg_TimeDlyHMSMEn                      0x0800fd88   Data           1  os_dbg.o(.constdata)
    OSDbg_TimeDlyResumeEn                    0x0800fd89   Data           1  os_dbg.o(.constdata)
    OSDbg_TLS_TblSize                        0x0800fd8a   Data           2  os_dbg.o(.constdata)
    OSDbg_Tmr                                0x0800fd8c   Data          52  os_dbg.o(.constdata)
    OSDbg_TmrEn                              0x0800fdc0   Data           1  os_dbg.o(.constdata)
    OSDbg_TmrDelEn                           0x0800fdc1   Data           1  os_dbg.o(.constdata)
    OSDbg_TmrSize                            0x0800fdc2   Data           2  os_dbg.o(.constdata)
    OSDbg_TmrSpokeSize                       0x0800fdc4   Data           2  os_dbg.o(.constdata)
    OSDbg_VersionNbr                         0x0800fdc6   Data           2  os_dbg.o(.constdata)
    OSDbg_DataSize                           0x0800fdc8   Data           4  os_dbg.o(.constdata)
    __mathlib_zero                           0x0800fea8   Data           8  qnan.o(.constdata)
    Region$$Table$$Base                      0x0801007c   Number         0  anon$$obj.o(Region$$Table)
    Region$$Table$$Limit                     0x0801009c   Number         0  anon$$obj.o(Region$$Table)
    SystemCoreClock                          0x20000000   Data           4  system_stm32f4xx.o(.data)
    AHBPrescTable                            0x20000004   Data          16  system_stm32f4xx.o(.data)
    resistance_mes                           0x20000014   Data           4  ad5933.o(.data)
    fuzhi                                    0x20000018   Data           4  ad5933.o(.data)
    real                                     0x2000001c   Data           4  ad5933.o(.data)
    image                                    0x20000020   Data           4  ad5933.o(.data)
    resistance                               0x20000024   Data           4  ad5933.o(.data)
    rads                                     0x20000028   Data           4  ad5933.o(.data)
    AD5933_Dat_Re                            0x2000002c   Data           4  ad5933.o(.data)
    AD5933_Dat_Im                            0x20000030   Data           4  ad5933.o(.data)
    USART2_RX_STA                            0x20000034   Data           2  free.o(.data)
    rcr_remainder                            0x20000038   Data           1  driver.o(.data)
    is_rcr_finish                            0x20000039   Data           1  driver.o(.data)
    rcr_integer                              0x2000003c   Data           4  driver.o(.data)
    target_pos                               0x20000040   Data           4  driver.o(.data)
    current_pos                              0x20000044   Data           4  driver.o(.data)
    motor_dir                                0x20000048   Data           1  driver.o(.data)
    __stdout                                 0x20000060   Data           4  usart.o(.data)
    USART_RX_STA                             0x20000064   Data           2  usart.o(.data)
    CPU_TS_TmrFreq_Hz                        0x20000068   Data           4  cpu_core.o(.data)
    Mem_PoolTbl                              0x2000006c   Data           4  lib_mem.o(.data)
    OSPrioTbl                                0x20000070   Data           8  os_prio.o(.data)
    OS_AppTaskCreateHookPtr                  0x20000078   Data           4  os_var.o(.data)
    OS_AppTaskDelHookPtr                     0x2000007c   Data           4  os_var.o(.data)
    OS_AppTaskReturnHookPtr                  0x20000080   Data           4  os_var.o(.data)
    OS_AppIdleTaskHookPtr                    0x20000084   Data           4  os_var.o(.data)
    OS_AppStatTaskHookPtr                    0x20000088   Data           4  os_var.o(.data)
    OS_AppTaskSwHookPtr                      0x2000008c   Data           4  os_var.o(.data)
    OS_AppTimeTickHookPtr                    0x20000090   Data           4  os_var.o(.data)
    OSIdleTaskCtr                            0x20000094   Data           4  os_var.o(.data)
    OSIntNestingCtr                          0x20000098   Data           1  os_var.o(.data)
    OSRunning                                0x20000099   Data           1  os_var.o(.data)
    OSIntQInPtr                              0x2000009c   Data           4  os_var.o(.data)
    OSIntQOutPtr                             0x200000a0   Data           4  os_var.o(.data)
    OSIntQNbrEntries                         0x200000a4   Data           2  os_var.o(.data)
    OSIntQNbrEntriesMax                      0x200000a6   Data           2  os_var.o(.data)
    OSIntQOvfCtr                             0x200000a8   Data           2  os_var.o(.data)
    OSIntQTaskTimeMax                        0x200000ac   Data           4  os_var.o(.data)
    OSFlagDbgListPtr                         0x200000b0   Data           4  os_var.o(.data)
    OSFlagQty                                0x200000b4   Data           2  os_var.o(.data)
    OSMemDbgListPtr                          0x200000b8   Data           4  os_var.o(.data)
    OSMemQty                                 0x200000bc   Data           2  os_var.o(.data)
    OSMutexDbgListPtr                        0x200000c0   Data           4  os_var.o(.data)
    OSMutexQty                               0x200000c4   Data           2  os_var.o(.data)
    OSPrioCur                                0x200000c6   Data           1  os_var.o(.data)
    OSPrioHighRdy                            0x200000c7   Data           1  os_var.o(.data)
    OSPrioSaved                              0x200000c8   Data           1  os_var.o(.data)
    OSQDbgListPtr                            0x200000cc   Data           4  os_var.o(.data)
    OSQQty                                   0x200000d0   Data           2  os_var.o(.data)
    OSSchedLockTimeBegin                     0x200000d4   Data           4  os_var.o(.data)
    OSSchedLockTimeMax                       0x200000d8   Data           4  os_var.o(.data)
    OSSchedLockTimeMaxCur                    0x200000dc   Data           4  os_var.o(.data)
    OSSchedLockNestingCtr                    0x200000e0   Data           1  os_var.o(.data)
    OSSchedRoundRobinDfltTimeQuanta          0x200000e4   Data           4  os_var.o(.data)
    OSSchedRoundRobinEn                      0x200000e8   Data           1  os_var.o(.data)
    OSSemDbgListPtr                          0x200000ec   Data           4  os_var.o(.data)
    OSSemQty                                 0x200000f0   Data           2  os_var.o(.data)
    OSStatResetFlag                          0x200000f2   Data           1  os_var.o(.data)
    OSStatTaskCPUUsage                       0x200000f4   Data           2  os_var.o(.data)
    OSStatTaskCPUUsageMax                    0x200000f6   Data           2  os_var.o(.data)
    OSStatTaskCtr                            0x200000f8   Data           4  os_var.o(.data)
    OSStatTaskCtrMax                         0x200000fc   Data           4  os_var.o(.data)
    OSStatTaskCtrRun                         0x20000100   Data           4  os_var.o(.data)
    OSStatTaskRdy                            0x20000104   Data           1  os_var.o(.data)
    OSStatTaskTimeMax                        0x20000108   Data           4  os_var.o(.data)
    OSTaskCtxSwCtr                           0x2000010c   Data           4  os_var.o(.data)
    OSTaskDbgListPtr                         0x20000110   Data           4  os_var.o(.data)
    OSTaskQty                                0x20000114   Data           2  os_var.o(.data)
    OSTaskRegNextAvailID                     0x20000116   Data           1  os_var.o(.data)
    OSTickCtr                                0x20000118   Data           4  os_var.o(.data)
    OSTickTaskTimeMax                        0x2000011c   Data           4  os_var.o(.data)
    OSTmrDbgListPtr                          0x20000120   Data           4  os_var.o(.data)
    OSTmrQty                                 0x20000124   Data           2  os_var.o(.data)
    OSTmrTaskTimeMax                         0x20000128   Data           4  os_var.o(.data)
    OSTmrTickCtr                             0x2000012c   Data           4  os_var.o(.data)
    OSTmrUpdateCnt                           0x20000130   Data           4  os_var.o(.data)
    OSTmrUpdateCtr                           0x20000134   Data           4  os_var.o(.data)
    OSTCBCurPtr                              0x20000138   Data           4  os_var.o(.data)
    OSTCBHighRdyPtr                          0x2000013c   Data           4  os_var.o(.data)
    OS_CPU_ExceptStkBase                     0x20000140   Data           4  os_cpu_c.o(.data)
    StartTaskTCB                             0x20000148   Data         196  main.o(.bss)
    START_TASK_STK                           0x2000020c   Data        2048  main.o(.bss)
    Led0TaskTCB                              0x20000a0c   Data         196  main.o(.bss)
    LED0_TASK_STK                            0x20000ad0   Data        2048  main.o(.bss)
    Led1TaskTCB                              0x200012d0   Data         196  main.o(.bss)
    LED1_TASK_STK                            0x20001394   Data        2048  main.o(.bss)
    FloatTaskTCB                             0x20001b94   Data         196  main.o(.bss)
    FLOAT_TASK_STK                           0x20001c58   Data        2048  main.o(.bss)
    USART2_RX_BUF                            0x20002458   Data          12  free.o(.bss)
    USART_RX_BUF                             0x20002464   Data         200  usart.o(.bss)
    CPU_Name                                 0x2000252c   Data          16  cpu_core.o(.bss)
    Mem_PoolHeap                             0x2000253c   Data          72  lib_mem.o(.bss)
    Mem_Heap                                 0x20002584   Data        1024  lib_mem.o(.bss)
    OSCfg_IdleTaskStk                        0x20002984   Data         512  os_cfg_app.o(.bss)
    OSCfg_IntQ                               0x20002b84   Data         320  os_cfg_app.o(.bss)
    OSCfg_IntQTaskStk                        0x20002cc4   Data         512  os_cfg_app.o(.bss)
    OSCfg_ISRStk                             0x20002ec4   Data         512  os_cfg_app.o(.bss)
    OSCfg_MsgPool                            0x200030c4   Data        1600  os_cfg_app.o(.bss)
    OSCfg_StatTaskStk                        0x20003704   Data         512  os_cfg_app.o(.bss)
    OSCfg_TickTaskStk                        0x20003904   Data         512  os_cfg_app.o(.bss)
    OSCfg_TickWheel                          0x20003b04   Data         136  os_cfg_app.o(.bss)
    OSCfg_TmrTaskStk                         0x20003b8c   Data         512  os_cfg_app.o(.bss)
    OSCfg_TmrWheel                           0x20003d8c   Data         136  os_cfg_app.o(.bss)
    OSIdleTaskTCB                            0x20003e14   Data         196  os_var.o(.bss)
    OSIntQTaskTCB                            0x20003ed8   Data         196  os_var.o(.bss)
    OSMsgPool                                0x20003f9c   Data          12  os_var.o(.bss)
    OSRdyList                                0x20003fa8   Data         768  os_var.o(.bss)
    OSStatTaskTCB                            0x200042a8   Data         196  os_var.o(.bss)
    OSTickTaskTCB                            0x2000436c   Data         196  os_var.o(.bss)
    OSTmrTaskTCB                             0x20004430   Data         196  os_var.o(.bss)
    __libspace_start                         0x200044f4   Data          96  libspace.o(.bss)
    __temporary_stack_top$libspace           0x20004554   Data           0  libspace.o(.bss)



==============================================================================

Memory Map of the image

  Image Entry point : 0x08000189

  Load Region LR_IROM1 (Base: 0x08000000, Size: 0x000101fc, Max: 0x00100000, ABSOLUTE, COMPRESSED[0x000100d4])

    Execution Region ER_IROM1 (Base: 0x08000000, Size: 0x000100b8, Max: 0x00100000, ABSOLUTE)

    Base Addr    Size         Type   Attr      Idx    E Section Name        Object

    0x08000000   0x00000188   Data   RO          496    RESET               startup_stm32f40_41xxx.o
    0x08000188   0x00000008   Code   RO         1149  * !!!main             c_w.l(__main.o)
    0x08000190   0x00000034   Code   RO         1518    !!!scatter          c_w.l(__scatter.o)
    0x080001c4   0x0000005a   Code   RO         1516    !!dczerorl2         c_w.l(__dczerorl2.o)
    0x0800021e   0x00000002   PAD
    0x08000220   0x0000001c   Code   RO         1520    !!handler_zi        c_w.l(__scatter_zi.o)
    0x0800023c   0x00000000   Code   RO         1146    .ARM.Collect$$_printf_percent$$00000000  c_w.l(_printf_percent.o)
    0x0800023c   0x00000006   Code   RO         1145    .ARM.Collect$$_printf_percent$$00000003  c_w.l(_printf_f.o)
    0x08000242   0x00000006   Code   RO         1144    .ARM.Collect$$_printf_percent$$00000009  c_w.l(_printf_d.o)
    0x08000248   0x00000004   Code   RO         1234    .ARM.Collect$$_printf_percent$$00000017  c_w.l(_printf_percent_end.o)
    0x0800024c   0x00000002   Code   RO         1394    .ARM.Collect$$libinit$$00000000  c_w.l(libinit.o)
    0x0800024e   0x00000004   Code   RO         1395    .ARM.Collect$$libinit$$00000001  c_w.l(libinit2.o)
    0x08000252   0x00000000   Code   RO         1398    .ARM.Collect$$libinit$$00000004  c_w.l(libinit2.o)
    0x08000252   0x00000000   Code   RO         1401    .ARM.Collect$$libinit$$0000000A  c_w.l(libinit2.o)
    0x08000252   0x00000000   Code   RO         1403    .ARM.Collect$$libinit$$0000000C  c_w.l(libinit2.o)
    0x08000252   0x00000000   Code   RO         1405    .ARM.Collect$$libinit$$0000000E  c_w.l(libinit2.o)
    0x08000252   0x00000006   Code   RO         1406    .ARM.Collect$$libinit$$0000000F  c_w.l(libinit2.o)
    0x08000258   0x00000000   Code   RO         1408    .ARM.Collect$$libinit$$00000011  c_w.l(libinit2.o)
    0x08000258   0x00000000   Code   RO         1410    .ARM.Collect$$libinit$$00000013  c_w.l(libinit2.o)
    0x08000258   0x00000000   Code   RO         1412    .ARM.Collect$$libinit$$00000015  c_w.l(libinit2.o)
    0x08000258   0x0000000a   Code   RO         1413    .ARM.Collect$$libinit$$00000016  c_w.l(libinit2.o)
    0x08000262   0x00000000   Code   RO         1414    .ARM.Collect$$libinit$$00000017  c_w.l(libinit2.o)
    0x08000262   0x00000000   Code   RO         1416    .ARM.Collect$$libinit$$00000019  c_w.l(libinit2.o)
    0x08000262   0x00000000   Code   RO         1418    .ARM.Collect$$libinit$$0000001B  c_w.l(libinit2.o)
    0x08000262   0x00000000   Code   RO         1420    .ARM.Collect$$libinit$$0000001D  c_w.l(libinit2.o)
    0x08000262   0x00000000   Code   RO         1422    .ARM.Collect$$libinit$$0000001F  c_w.l(libinit2.o)
    0x08000262   0x00000000   Code   RO         1424    .ARM.Collect$$libinit$$00000021  c_w.l(libinit2.o)
    0x08000262   0x00000000   Code   RO         1426    .ARM.Collect$$libinit$$00000023  c_w.l(libinit2.o)
    0x08000262   0x00000000   Code   RO         1428    .ARM.Collect$$libinit$$00000025  c_w.l(libinit2.o)
    0x08000262   0x00000000   Code   RO         1432    .ARM.Collect$$libinit$$0000002C  c_w.l(libinit2.o)
    0x08000262   0x00000000   Code   RO         1434    .ARM.Collect$$libinit$$0000002E  c_w.l(libinit2.o)
    0x08000262   0x00000000   Code   RO         1436    .ARM.Collect$$libinit$$00000030  c_w.l(libinit2.o)
    0x08000262   0x00000000   Code   RO         1438    .ARM.Collect$$libinit$$00000032  c_w.l(libinit2.o)
    0x08000262   0x00000002   Code   RO         1439    .ARM.Collect$$libinit$$00000033  c_w.l(libinit2.o)
    0x08000264   0x00000002   Code   RO         1481    .ARM.Collect$$libshutdown$$00000000  c_w.l(libshutdown.o)
    0x08000266   0x00000000   Code   RO         1501    .ARM.Collect$$libshutdown$$00000003  c_w.l(libshutdown2.o)
    0x08000266   0x00000000   Code   RO         1504    .ARM.Collect$$libshutdown$$00000006  c_w.l(libshutdown2.o)
    0x08000266   0x00000000   Code   RO         1507    .ARM.Collect$$libshutdown$$00000009  c_w.l(libshutdown2.o)
    0x08000266   0x00000000   Code   RO         1509    .ARM.Collect$$libshutdown$$0000000B  c_w.l(libshutdown2.o)
    0x08000266   0x00000000   Code   RO         1512    .ARM.Collect$$libshutdown$$0000000E  c_w.l(libshutdown2.o)
    0x08000266   0x00000002   Code   RO         1513    .ARM.Collect$$libshutdown$$0000000F  c_w.l(libshutdown2.o)
    0x08000268   0x00000000   Code   RO         1217    .ARM.Collect$$rtentry$$00000000  c_w.l(__rtentry.o)
    0x08000268   0x00000000   Code   RO         1300    .ARM.Collect$$rtentry$$00000002  c_w.l(__rtentry2.o)
    0x08000268   0x00000006   Code   RO         1312    .ARM.Collect$$rtentry$$00000004  c_w.l(__rtentry4.o)
    0x0800026e   0x00000000   Code   RO         1302    .ARM.Collect$$rtentry$$00000009  c_w.l(__rtentry2.o)
    0x0800026e   0x00000004   Code   RO         1303    .ARM.Collect$$rtentry$$0000000A  c_w.l(__rtentry2.o)
    0x08000272   0x00000000   Code   RO         1305    .ARM.Collect$$rtentry$$0000000C  c_w.l(__rtentry2.o)
    0x08000272   0x00000008   Code   RO         1306    .ARM.Collect$$rtentry$$0000000D  c_w.l(__rtentry2.o)
    0x0800027a   0x00000002   Code   RO         1440    .ARM.Collect$$rtexit$$00000000  c_w.l(rtexit.o)
    0x0800027c   0x00000000   Code   RO         1453    .ARM.Collect$$rtexit$$00000002  c_w.l(rtexit2.o)
    0x0800027c   0x00000004   Code   RO         1454    .ARM.Collect$$rtexit$$00000003  c_w.l(rtexit2.o)
    0x08000280   0x00000006   Code   RO         1455    .ARM.Collect$$rtexit$$00000004  c_w.l(rtexit2.o)
    0x08000286   0x00000002   PAD
    0x08000288   0x00000338   Code   RO            3    .text               main.o
    0x080005c0   0x00000016   Code   RO          242    .text               stm32f4xx_it.o
    0x080005d6   0x00000002   PAD
    0x080005d8   0x00000210   Code   RO          291    .text               system_stm32f4xx.o
    0x080007e8   0x00000040   Code   RO          317    .text               led.o
    0x08000828   0x00000230   Code   RO          337    .text               iic.o
    0x08000a58   0x000005d4   Code   RO          357    .text               ad5933.o
    0x0800102c   0x00000210   Code   RO          383    .text               free.o
    0x0800123c   0x000003f8   Code   RO          438    .text               driver.o
    0x08001634   0x00000110   Code   RO          475    .text               key.o
    0x08001744   0x00000040   Code   RO          497    .text               startup_stm32f40_41xxx.o
    0x08001784   0x000000e0   Code   RO          503    .text               misc.o
    0x08001864   0x00000294   Code   RO          523    .text               stm32f4xx_gpio.o
    0x08001af8   0x0000065c   Code   RO          543    .text               stm32f4xx_rcc.o
    0x08002154   0x00000454   Code   RO          585    .text               stm32f4xx_usart.o
    0x080025a8   0x00000ca2   Code   RO          605    .text               stm32f4xx_tim.o
    0x0800324a   0x00000002   PAD
    0x0800324c   0x00000160   Code   RO          625    .text               delay.o
    0x080033ac   0x00000158   Code   RO          665    .text               usart.o
    0x08003504   0x00000084   Code   RO          696    .text               bsp.o
    0x08003588   0x000002a8   Code   RO          729    .text               cpu_core.o
    0x08003830   0x00000034   Code   RO          755    .text               cpu_a.o
    0x08003864   0x00000256   Code   RO          758    .text               lib_ascii.o
    0x08003aba   0x00000002   PAD
    0x08003abc   0x000009c6   Code   RO          791    .text               lib_mem.o
    0x08004482   0x00000002   PAD
    0x08004484   0x0000092c   Code   RO          810    .text               lib_str.o
    0x08004db0   0x00000220   Code   RO          827    .text               lib_mem_a.o
    0x08004fd0   0x000000fc   Code   RO          830    .text               os_cfg_app.o
    0x080050cc   0x00000df0   Code   RO          853    .text               os_core.o
    0x08005ebc   0x000001b0   Code   RO          865    .text               os_dbg.o
    0x0800606c   0x00000e28   Code   RO          880    .text               os_flag.o
    0x08006e94   0x00000444   Code   RO          892    .text               os_int.o
    0x080072d8   0x00000238   Code   RO          904    .text               os_mem.o
    0x08007510   0x0000022c   Code   RO          916    .text               os_msg.o
    0x0800773c   0x00000ad4   Code   RO          928    .text               os_mutex.o
    0x08008210   0x0000007c   Code   RO          946    .text               os_prio.o
    0x0800828c   0x000008d8   Code   RO          965    .text               os_q.o
    0x08008b64   0x00000830   Code   RO          977    .text               os_sem.o
    0x08009394   0x00000638   Code   RO          989    .text               os_stat.o
    0x080099cc   0x00001bb4   Code   RO         1001    .text               os_task.o
    0x0800b580   0x000004fc   Code   RO         1013    .text               os_tick.o
    0x0800ba7c   0x00000564   Code   RO         1025    .text               os_time.o
    0x0800bfe0   0x00000818   Code   RO         1037    .text               os_tmr.o
    0x0800c7f8   0x000003f8   Code   RO         1065    .text               os_cpu_c.o
    0x0800cbf0   0x00000002   Code   RO         1106    .text               c_w.l(use_no_semi_2.o)
    0x0800cbf2   0x000000ee   Code   RO         1108    .text               c_w.l(lludivv7m.o)
    0x0800cce0   0x00000018   Code   RO         1114    .text               c_w.l(noretval__2printf.o)
    0x0800ccf8   0x00000078   Code   RO         1122    .text               c_w.l(_printf_dec.o)
    0x0800cd70   0x00000188   Code   RO         1141    .text               c_w.l(__printf_flags_ss_wp.o)
    0x0800cef8   0x00000006   Code   RO         1147    .text               c_w.l(heapauxi.o)
    0x0800cefe   0x00000002   Code   RO         1215    .text               c_w.l(use_no_semi.o)
    0x0800cf00   0x00000016   Code   RO         1222    .text               c_w.l(_rserrno.o)
    0x0800cf16   0x000000b2   Code   RO         1224    .text               c_w.l(_printf_intcommon.o)
    0x0800cfc8   0x0000041a   Code   RO         1226    .text               c_w.l(_printf_fp_dec.o)
    0x0800d3e2   0x00000002   PAD
    0x0800d3e4   0x00000030   Code   RO         1228    .text               c_w.l(_printf_char_common.o)
    0x0800d414   0x00000024   Code   RO         1232    .text               c_w.l(_printf_char_file.o)
    0x0800d438   0x00000008   Code   RO         1319    .text               c_w.l(rt_locale_intlibspace.o)
    0x0800d440   0x00000008   Code   RO         1324    .text               c_w.l(rt_errno_addr_intlibspace.o)
    0x0800d448   0x0000008a   Code   RO         1326    .text               c_w.l(lludiv10.o)
    0x0800d4d2   0x00000002   PAD
    0x0800d4d4   0x00000080   Code   RO         1328    .text               c_w.l(_printf_fp_infnan.o)
    0x0800d554   0x000000dc   Code   RO         1332    .text               c_w.l(bigflt0.o)
    0x0800d630   0x00000008   Code   RO         1357    .text               c_w.l(ferror.o)
    0x0800d638   0x00000008   Code   RO         1376    .text               c_w.l(libspace.o)
    0x0800d640   0x0000004a   Code   RO         1379    .text               c_w.l(sys_stackheap_outer.o)
    0x0800d68a   0x0000000c   Code   RO         1381    .text               c_w.l(exit.o)
    0x0800d696   0x00000002   PAD
    0x0800d698   0x00000080   Code   RO         1387    .text               c_w.l(strcmpv7m.o)
    0x0800d718   0x0000003e   Code   RO         1335    CL$$btod_d2e        c_w.l(btod.o)
    0x0800d756   0x00000046   Code   RO         1337    CL$$btod_d2e_denorm_low  c_w.l(btod.o)
    0x0800d79c   0x00000060   Code   RO         1336    CL$$btod_d2e_norm_op1  c_w.l(btod.o)
    0x0800d7fc   0x00000338   Code   RO         1345    CL$$btod_div_common  c_w.l(btod.o)
    0x0800db34   0x000000c6   Code   RO         1342    CL$$btod_e2e        c_w.l(btod.o)
    0x0800dbfa   0x00000028   Code   RO         1339    CL$$btod_ediv       c_w.l(btod.o)
    0x0800dc22   0x00000028   Code   RO         1338    CL$$btod_emul       c_w.l(btod.o)
    0x0800dc4a   0x00000244   Code   RO         1344    CL$$btod_mult_common  c_w.l(btod.o)
    0x0800de8e   0x00000002   PAD
    0x0800de90   0x000000ac   Code   RO         1089    CODE                os_cpu_a.o
    0x0800df3c   0x00000030   Code   RO         1372    i.__ARM_fpclassify  m_wm.l(fpclassify.o)
    0x0800df6c   0x00000004   PAD
    0x0800df70   0x000002d8   Code   RO         1250    i.__hardfp_atan     m_wm.l(atan.o)
    0x0800e248   0x000001f0   Code   RO         1179    i.__hardfp_atan2    m_wm.l(atan2.o)
    0x0800e438   0x000000c8   Code   RO         1191    i.__hardfp_sin      m_wm.l(sin.o)
    0x0800e500   0x0000007a   Code   RO         1203    i.__hardfp_sqrt     m_wm.l(sqrt.o)
    0x0800e57a   0x00000006   PAD
    0x0800e580   0x00000438   Code   RO         1288    i.__ieee754_rem_pio2  m_wm.l(rred.o)
    0x0800e9b8   0x00000170   Code   RO         1264    i.__kernel_cos      m_wm.l(cos_i.o)
    0x0800eb28   0x000000f8   Code   RO         1374    i.__kernel_poly     m_wm.l(poly.o)
    0x0800ec20   0x00000130   Code   RO         1293    i.__kernel_sin      m_wm.l(sin_i.o)
    0x0800ed50   0x00000014   Code   RO         1268    i.__mathlib_dbl_infnan  m_wm.l(dunder.o)
    0x0800ed64   0x00000014   Code   RO         1269    i.__mathlib_dbl_infnan2  m_wm.l(dunder.o)
    0x0800ed78   0x00000020   Code   RO         1270    i.__mathlib_dbl_invalid  m_wm.l(dunder.o)
    0x0800ed98   0x00000020   Code   RO         1273    i.__mathlib_dbl_underflow  m_wm.l(dunder.o)
    0x0800edb8   0x0000000e   Code   RO         1134    i._is_digit         c_w.l(__printf_wp.o)
    0x0800edc6   0x00000010   Code   RO         1252    i.atan              m_wm.l(atan.o)
    0x0800edd6   0x00000018   Code   RO         1283    i.fabs              m_wm.l(fabs.o)
    0x0800edee   0x00000002   PAD
    0x0800edf0   0x0000002c   Code   RO         1362    locale$$code        c_w.l(lc_numeric_c.o)
    0x0800ee1c   0x00000018   Code   RO         1235    x$fpl$basic         fz_wm.l(basic.o)
    0x0800ee34   0x00000062   Code   RO         1151    x$fpl$d2f           fz_wm.l(d2f.o)
    0x0800ee96   0x00000002   PAD
    0x0800ee98   0x00000150   Code   RO         1153    x$fpl$dadd          fz_wm.l(daddsub_clz.o)
    0x0800efe8   0x000002b0   Code   RO         1160    x$fpl$ddiv          fz_wm.l(ddiv.o)
    0x0800f298   0x0000005e   Code   RO         1366    x$fpl$dfix          fz_wm.l(dfix.o)
    0x0800f2f6   0x00000002   PAD
    0x0800f2f8   0x0000005a   Code   RO         1163    x$fpl$dfixu         fz_wm.l(dfixu.o)
    0x0800f352   0x0000002e   Code   RO         1168    x$fpl$dflt          fz_wm.l(dflt_clz.o)
    0x0800f380   0x00000026   Code   RO         1167    x$fpl$dfltu         fz_wm.l(dflt_clz.o)
    0x0800f3a6   0x00000002   PAD
    0x0800f3a8   0x00000154   Code   RO         1173    x$fpl$dmul          fz_wm.l(dmul.o)
    0x0800f4fc   0x0000009c   Code   RO         1239    x$fpl$dnaninf       fz_wm.l(dnaninf.o)
    0x0800f598   0x0000000c   Code   RO         1241    x$fpl$dretinf       fz_wm.l(dretinf.o)
    0x0800f5a4   0x00000016   Code   RO         1154    x$fpl$drsb          fz_wm.l(daddsub_clz.o)
    0x0800f5ba   0x00000002   PAD
    0x0800f5bc   0x00000198   Code   RO         1243    x$fpl$dsqrt         fz_wm.l(dsqrt_umaal.o)
    0x0800f754   0x000001d4   Code   RO         1155    x$fpl$dsub          fz_wm.l(daddsub_clz.o)
    0x0800f928   0x00000056   Code   RO         1175    x$fpl$f2d           fz_wm.l(f2d.o)
    0x0800f97e   0x0000008c   Code   RO         1245    x$fpl$fnaninf       fz_wm.l(fnaninf.o)
    0x0800fa0a   0x0000000a   Code   RO         1450    x$fpl$fpinit        fz_wm.l(fpinit.o)
    0x0800fa14   0x0000000a   Code   RO         1247    x$fpl$fretinf       fz_wm.l(fretinf.o)
    0x0800fa1e   0x00000004   Code   RO         1177    x$fpl$printf1       fz_wm.l(printf1.o)
    0x0800fa22   0x00000000   Code   RO         1249    x$fpl$usenofp       fz_wm.l(usenofp.o)
    0x0800fa22   0x00000002   PAD
    0x0800fa24   0x00000104   Data   RO          731    .constdata          cpu_core.o
    0x0800fb28   0x00000094   Data   RO          811    .constdata          lib_str.o
    0x0800fbbc   0x000000a4   Data   RO          832    .constdata          os_cfg_app.o
    0x0800fc60   0x0000016c   Data   RO          866    .constdata          os_dbg.o
    0x0800fdcc   0x00000011   Data   RO         1142    .constdata          c_w.l(__printf_flags_ss_wp.o)
    0x0800fddd   0x00000003   PAD
    0x0800fde0   0x00000098   Data   RO         1253    .constdata          m_wm.l(atan.o)
    0x0800fe78   0x00000030   Data   RO         1265    .constdata          m_wm.l(cos_i.o)
    0x0800fea8   0x00000008   Data   RO         1287    .constdata          m_wm.l(qnan.o)
    0x0800feb0   0x000000c8   Data   RO         1290    .constdata          m_wm.l(rred.o)
    0x0800ff78   0x00000028   Data   RO         1294    .constdata          m_wm.l(sin_i.o)
    0x0800ffa0   0x00000094   Data   RO         1333    .constdata          c_w.l(bigflt0.o)
    0x08010034   0x00000048   Data   RO          439    .conststring        driver.o
    0x0801007c   0x00000020   Data   RO         1514    Region$$Table       anon$$obj.o
    0x0801009c   0x0000001c   Data   RO         1361    locale$$data        c_w.l(lc_numeric_c.o)


    Execution Region RW_IRAM1 (Base: 0x20000000, Size: 0x00004b58, Max: 0x00020000, ABSOLUTE, COMPRESSED[0x0000001c])

    Base Addr    Size         Type   Attr      Idx    E Section Name        Object

    0x20000000   0x00000014   Data   RW          292    .data               system_stm32f4xx.o
    0x20000014   0x00000020   Data   RW          358    .data               ad5933.o
    0x20000034   0x00000002   Data   RW          385    .data               free.o
    0x20000036   0x00000002   PAD
    0x20000038   0x00000011   Data   RW          440    .data               driver.o
    0x20000049   0x00000001   Data   RW          476    .data               key.o
    0x2000004a   0x00000010   Data   RW          544    .data               stm32f4xx_rcc.o
    0x2000005a   0x00000004   Data   RW          626    .data               delay.o
    0x2000005e   0x00000002   PAD
    0x20000060   0x00000006   Data   RW          667    .data               usart.o
    0x20000066   0x00000002   PAD
    0x20000068   0x00000004   Data   RW          732    .data               cpu_core.o
    0x2000006c   0x00000004   Data   RW          793    .data               lib_mem.o
    0x20000070   0x00000008   Data   RW          947    .data               os_prio.o
    0x20000078   0x000000c8   Data   RW         1050    .data               os_var.o
    0x20000140   0x00000004   Data   RW         1066    .data               os_cpu_c.o
    0x20000144   0x00000004   PAD
    0x20000148   0x00002310   Zero   RW            4    .bss                main.o
    0x20002458   0x0000000c   Zero   RW          384    .bss                free.o
    0x20002464   0x000000c8   Zero   RW          666    .bss                usart.o
    0x2000252c   0x00000010   Zero   RW          730    .bss                cpu_core.o
    0x2000253c   0x00000448   Zero   RW          792    .bss                lib_mem.o
    0x20002984   0x00001490   Zero   RW          831    .bss                os_cfg_app.o
    0x20003e14   0x000006e0   Zero   RW         1049    .bss                os_var.o
    0x200044f4   0x00000060   Zero   RW         1377    .bss                c_w.l(libspace.o)
    0x20004554   0x00000004   PAD
    0x20004558   0x00000200   Zero   RW          495    HEAP                startup_stm32f40_41xxx.o
    0x20004758   0x00000400   Zero   RW          494    STACK               startup_stm32f40_41xxx.o


==============================================================================

Image component sizes


      Code (inc. data)   RO Data    RW Data    ZI Data      Debug   Object Name

      1492         88          0         32          0       5331   ad5933.o
       132         14          0          0          0       1207   bsp.o
        52          0          0          0          0        328   cpu_a.o
       680         14        260          4         16      14619   cpu_core.o
       352         26          0          4          0       2036   delay.o
      1016        158         72         17          0       2923   driver.o
       528         50          0          2         12       2166   free.o
       560         14          0          0          0       2187   iic.o
       272         12          0          1          0        884   key.o
        64          6          0          0          0        527   led.o
       598          0          0          0          0       3780   lib_ascii.o
      2502         32          0          4       1096      21904   lib_mem.o
       544          0          0          0          0        476   lib_mem_a.o
      2348          6        148          0          0      13178   lib_str.o
       824         96          0          0       8976     324431   main.o
       224         20          0          0          0       1961   misc.o
       252        166        164          0       5264      20906   os_cfg_app.o
      3568        284          0          0          0      12201   os_core.o
       172         32          0          0          0        396   os_cpu_a.o
      1016         64          0          4          0       4025   os_cpu_c.o
       432        286        364          0          0       4769   os_dbg.o
      3624        110          0          0          0       7919   os_flag.o
      1092        146          0          0          0       2292   os_int.o
       568         20          0          0          0       2788   os_mem.o
       556         12          0          0          0       2803   os_msg.o
      2772        114          0          0          0       5610   os_mutex.o
       124          4          0          8          0       1912   os_prio.o
      2264         76          0          0          0       6292   os_q.o
      2096         70          0          0          0       6304   os_sem.o
      1592        180          0          0          0       2797   os_stat.o
      7092        270          0          0          0      13666   os_task.o
      1276         90          0          0          0       3401   os_tick.o
      1380         46          0          0          0       3189   os_time.o
      2072        140          0          0          0       6486   os_tmr.o
         0          0          0        200       1760      19337   os_var.o
        64         26        392          0       1536        836   startup_stm32f40_41xxx.o
       660         44          0          0          0       4233   stm32f4xx_gpio.o
        22          0          0          0          0       1035   stm32f4xx_it.o
      1628         52          0         16          0      13052   stm32f4xx_rcc.o
      3234         60          0          0          0      22436   stm32f4xx_tim.o
      1108         34          0          0          0       7936   stm32f4xx_usart.o
       528         46          0         20          0       1783   system_stm32f4xx.o
       344         16          0          6        200       3306   usart.o

    ----------------------------------------------------------------------
     51732       2924       1432        324      18864     579648   Object Totals
         0          0         32          0          0          0   (incl. Generated)
         8          0          0          6          4          0   (incl. Padding)

    ----------------------------------------------------------------------

      Code (inc. data)   RO Data    RW Data    ZI Data      Debug   Library Member Name

        90          0          0          0          0          0   __dczerorl2.o
         8          0          0          0          0         68   __main.o
       392          4         17          0          0         92   __printf_flags_ss_wp.o
        14          0          0          0          0         68   __printf_wp.o
         0          0          0          0          0          0   __rtentry.o
        12          0          0          0          0          0   __rtentry2.o
         6          0          0          0          0          0   __rtentry4.o
        52          8          0          0          0          0   __scatter.o
        28          0          0          0          0          0   __scatter_zi.o
        48          6          0          0          0         96   _printf_char_common.o
        36          4          0          0          0         80   _printf_char_file.o
         6          0          0          0          0          0   _printf_d.o
       120         16          0          0          0         92   _printf_dec.o
         6          0          0          0          0          0   _printf_f.o
      1050          0          0          0          0        216   _printf_fp_dec.o
       128         16          0          0          0         84   _printf_fp_infnan.o
       178          0          0          0          0         88   _printf_intcommon.o
         0          0          0          0          0          0   _printf_percent.o
         4          0          0          0          0          0   _printf_percent_end.o
        22          0          0          0          0        100   _rserrno.o
       220          4        148          0          0         96   bigflt0.o
      1910        128          0          0          0        672   btod.o
        12          0          0          0          0         72   exit.o
         8          0          0          0          0         68   ferror.o
         6          0          0          0          0        152   heapauxi.o
        44         10         28          0          0         76   lc_numeric_c.o
         2          0          0          0          0          0   libinit.o
        22          0          0          0          0          0   libinit2.o
         2          0          0          0          0          0   libshutdown.o
         2          0          0          0          0          0   libshutdown2.o
         8          4          0          0         96         68   libspace.o
       138          0          0          0          0         80   lludiv10.o
       238          0          0          0          0        100   lludivv7m.o
        24          4          0          0          0         84   noretval__2printf.o
         8          4          0          0          0         68   rt_errno_addr_intlibspace.o
         8          4          0          0          0         68   rt_locale_intlibspace.o
         2          0          0          0          0          0   rtexit.o
        10          0          0          0          0          0   rtexit2.o
       128          0          0          0          0         68   strcmpv7m.o
        74          0          0          0          0         80   sys_stackheap_outer.o
         2          0          0          0          0         68   use_no_semi.o
         2          0          0          0          0         68   use_no_semi_2.o
        24          0          0          0          0        164   basic.o
        98          4          0          0          0        140   d2f.o
       826         16          0          0          0        492   daddsub_clz.o
       688        140          0          0          0        256   ddiv.o
        94          4          0          0          0        140   dfix.o
        90          4          0          0          0        140   dfixu.o
        84          0          0          0          0        232   dflt_clz.o
       340         12          0          0          0        152   dmul.o
       156          4          0          0          0        140   dnaninf.o
        12          0          0          0          0        116   dretinf.o
       408         56          0          0          0        168   dsqrt_umaal.o
        86          4          0          0          0        132   f2d.o
       140          4          0          0          0        132   fnaninf.o
        10          0          0          0          0        116   fpinit.o
        10          0          0          0          0        116   fretinf.o
         4          0          0          0          0        116   printf1.o
         0          0          0          0          0          0   usenofp.o
       744        106        152          0          0        352   atan.o
       496         64          0          0          0        192   atan2.o
       368         46         48          0          0        200   cos_i.o
       104         16          0          0          0        496   dunder.o
        24          0          0          0          0        124   fabs.o
        48          0          0          0          0        124   fpclassify.o
       248          0          0          0          0        152   poly.o
         0          0          8          0          0          0   qnan.o
      1080        142        200          0          0        188   rred.o
       200         20          0          0          0        164   sin.o
       304         24         40          0          0        208   sin_i.o
       122          0          0          0          0        148   sqrt.o

    ----------------------------------------------------------------------
     11912        878        644          0        100       7972   Library Totals
        34          0          3          0          4          0   (incl. Padding)

    ----------------------------------------------------------------------

      Code (inc. data)   RO Data    RW Data    ZI Data      Debug   Library Name

      5070        212        193          0         96       2872   c_w.l
      3070        248          0          0          0       2752   fz_wm.l
      3738        418        448          0          0       2348   m_wm.l

    ----------------------------------------------------------------------
     11912        878        644          0        100       7972   Library Totals

    ----------------------------------------------------------------------

==============================================================================


      Code (inc. data)   RO Data    RW Data    ZI Data      Debug   

     63644       3802       2076        324      18964     574160   Grand Totals
     63644       3802       2076         28      18964     574160   ELF Image Totals (compressed)
     63644       3802       2076         28          0          0   ROM Totals

==============================================================================

    Total RO  Size (Code + RO Data)                65720 (  64.18kB)
    Total RW  Size (RW Data + ZI Data)             19288 (  18.84kB)
    Total ROM Size (Code + RO Data + RW Data)      65748 (  64.21kB)

==============================================================================

