Component: ARM Compiler 5.05 update 1 (build 106) Tool: armlink [4d0efa]

==============================================================================

Section Cross References

    main.o(.text) refers to free.o(.text) for deal_digital
    main.o(.text) refers to delay.o(.text) for delay_ms
    main.o(.text) refers to driver.o(.text) for Locate_Rle
    main.o(.text) refers to noretval__2printf.o(.text) for __2printf
    main.o(.text) refers to cpu_core.o(.text) for CPU_Init
    main.o(.text) refers to os_stat.o(.text) for OSStatTaskCPUUsageInit
    main.o(.text) refers to os_core.o(.text) for OSSchedRoundRobinCfg
    main.o(.text) refers to cpu_a.o(.text) for CPU_SR_Save
    main.o(.text) refers to os_task.o(.text) for OSTaskCreate
    main.o(.text) refers to misc.o(.text) for NVIC_PriorityGroupConfig
    main.o(.text) refers to usart.o(.text) for uart_init
    main.o(.text) refers to led.o(.text) for LED_Init
    main.o(.text) refers to iic.o(.text) for IIC_Init
    main.o(.text) refers to key.o(.text) for KEY_Init
    main.o(.text) refers to free.o(.data) for vlog
    main.o(.text) refers to os_var.o(.data) for OSSchedLockNestingCtr
    main.o(.text) refers to main.o(.bss) for LED0_TASK_STK
    system_stm32f4xx.o(.text) refers to system_stm32f4xx.o(.data) for SystemCoreClock
    led.o(.text) refers to stm32f4xx_rcc.o(.text) for RCC_AHB1PeriphClockCmd
    led.o(.text) refers to stm32f4xx_gpio.o(.text) for GPIO_Init
    iic.o(.text) refers to stm32f4xx_rcc.o(.text) for RCC_AHB1PeriphClockCmd
    iic.o(.text) refers to stm32f4xx_gpio.o(.text) for GPIO_Init
    iic.o(.text) refers to delay.o(.text) for delay_us
    ad5933.o(.text) refers to iic.o(.text) for IIC_Start
    ad5933.o(.text) refers to f2d.o(x$fpl$f2d) for __aeabi_f2d
    ad5933.o(.text) refers to dmul.o(x$fpl$dmul) for __aeabi_dmul
    ad5933.o(.text) refers to dfixu.o(x$fpl$dfixu) for __aeabi_d2uiz
    ad5933.o(.text) refers to delay.o(.text) for delay_ms
    ad5933.o(.text) refers to dflt_clz.o(x$fpl$dflt) for __aeabi_i2d
    ad5933.o(.text) refers to atan2.o(i.__hardfp_atan2) for __hardfp_atan2
    ad5933.o(.text) refers to daddsub_clz.o(x$fpl$dsub) for __aeabi_dsub
    ad5933.o(.text) refers to d2f.o(x$fpl$d2f) for __aeabi_d2f
    ad5933.o(.text) refers to sqrt.o(i.__hardfp_sqrt) for __hardfp_sqrt
    ad5933.o(.text) refers to os_time.o(.text) for OSTimeDlyHMSM
    ad5933.o(.text) refers to sin.o(i.__hardfp_sin) for __hardfp_sin
    ad5933.o(.text) refers to ddiv.o(x$fpl$ddiv) for __aeabi_ddiv
    ad5933.o(.text) refers to ad5933.o(.data) for rads
    free.o(.text) refers to _printf_percent.o(.ARM.Collect$$_printf_percent$$00000000) for _printf_percent
    free.o(.text) refers to _printf_d.o(.ARM.Collect$$_printf_percent$$00000009) for _printf_d
    free.o(.text) refers to _printf_f.o(.ARM.Collect$$_printf_percent$$00000003) for _printf_f
    free.o(.text) refers to _printf_dec.o(.text) for _printf_int_dec
    free.o(.text) refers to printf1.o(x$fpl$printf1) for _printf_fp_dec
    free.o(.text) refers to os_core.o(.text) for OSIntEnter
    free.o(.text) refers to stm32f4xx_usart.o(.text) for USART_GetITStatus
    free.o(.text) refers to stm32f4xx_rcc.o(.text) for RCC_AHB1PeriphClockCmd
    free.o(.text) refers to stm32f4xx_gpio.o(.text) for GPIO_Init
    free.o(.text) refers to misc.o(.text) for NVIC_Init
    free.o(.text) refers to delay.o(.text) for get_ostime
    free.o(.text) refers to f2d.o(x$fpl$f2d) for __aeabi_f2d
    free.o(.text) refers to noretval__2printf.o(.text) for __2printf
    free.o(.text) refers to free.o(.data) for USART2_RX_STA
    free.o(.text) refers to free.o(.bss) for USART2_RX_BUF
    free.o(.text) refers to driver.o(.data) for current_pos
    task_manage.o(.text) refers to _printf_pad.o(.text) for _printf_pre_padding
    task_manage.o(.text) refers to _printf_percent.o(.ARM.Collect$$_printf_percent$$00000000) for _printf_percent
    task_manage.o(.text) refers to _printf_f.o(.ARM.Collect$$_printf_percent$$00000003) for _printf_f
    task_manage.o(.text) refers to printf1.o(x$fpl$printf1) for _printf_fp_dec
    task_manage.o(.text) refers to ad5933.o(.text) for DA5933_Get_Cap
    task_manage.o(.text) refers to f2d.o(x$fpl$f2d) for __aeabi_f2d
    task_manage.o(.text) refers to noretval__2printf.o(.text) for __2printf
    task_manage.o(.text) refers to noretval__2sprintf.o(.text) for __2sprintf
    task_manage.o(.text) refers to delay.o(.text) for delay_ms
    task_manage.o(.text) refers to task_manage.o(.bss) for str
    driver.o(.text) refers to stm32f4xx_rcc.o(.text) for RCC_AHB1PeriphClockCmd
    driver.o(.text) refers to stm32f4xx_gpio.o(.text) for GPIO_Init
    driver.o(.text) refers to stm32f4xx_tim.o(.text) for TIM_TimeBaseStructInit
    driver.o(.text) refers to misc.o(.text) for NVIC_Init
    driver.o(.text) refers to noretval__2printf.o(.text) for __2printf
    driver.o(.text) refers to driver.o(.data) for is_rcr_finish
    driver.o(.text) refers to driver.o(.conststring) for .conststring
[...]
    GPIO_ReadInputDataBit                    0x08001449   Thumb Code    18  stm32f4xx_gpio.o(.text)
    GPIO_ReadInputData                       0x0800145b   Thumb Code     8  stm32f4xx_gpio.o(.text)
    GPIO_ReadOutputDataBit                   0x08001463   Thumb Code    18  stm32f4xx_gpio.o(.text)
    GPIO_ReadOutputData                      0x08001475   Thumb Code     8  stm32f4xx_gpio.o(.text)
    GPIO_SetBits                             0x0800147d   Thumb Code     4  stm32f4xx_gpio.o(.text)
    GPIO_ResetBits                           0x08001481   Thumb Code     4  stm32f4xx_gpio.o(.text)
    GPIO_WriteBit                            0x08001485   Thumb Code    10  stm32f4xx_gpio.o(.text)
    GPIO_Write                               0x0800148f   Thumb Code     4  stm32f4xx_gpio.o(.text)
    GPIO_ToggleBits                          0x08001493   Thumb Code     8  stm32f4xx_gpio.o(.text)
    GPIO_PinAFConfig                         0x0800149b   Thumb Code    70  stm32f4xx_gpio.o(.text)
    RCC_DeInit                               0x0800150d   Thumb Code    82  stm32f4xx_rcc.o(.text)
    RCC_HSEConfig                            0x0800155f   Thumb Code    14  stm32f4xx_rcc.o(.text)
    RCC_GetFlagStatus                        0x0800156d   Thumb Code    60  stm32f4xx_rcc.o(.text)
    RCC_WaitForHSEStartUp                    0x080015a9   Thumb Code    56  stm32f4xx_rcc.o(.text)
    RCC_AdjustHSICalibrationValue            0x080015e1   Thumb Code    20  stm32f4xx_rcc.o(.text)
    RCC_HSICmd                               0x080015f5   Thumb Code     6  stm32f4xx_rcc.o(.text)
    RCC_LSEConfig                            0x080015fb   Thumb Code    46  stm32f4xx_rcc.o(.text)
    RCC_LSICmd                               0x08001629   Thumb Code     6  stm32f4xx_rcc.o(.text)
    RCC_PLLConfig                            0x0800162f   Thumb Code    32  stm32f4xx_rcc.o(.text)
    RCC_PLLCmd                               0x0800164f   Thumb Code     6  stm32f4xx_rcc.o(.text)
    RCC_PLLI2SConfig                         0x08001655   Thumb Code    14  stm32f4xx_rcc.o(.text)
    RCC_PLLI2SCmd                            0x08001663   Thumb Code     6  stm32f4xx_rcc.o(.text)
    RCC_PLLSAIConfig                         0x08001669   Thumb Code    20  stm32f4xx_rcc.o(.text)
    RCC_PLLSAICmd                            0x0800167d   Thumb Code     6  stm32f4xx_rcc.o(.text)
    RCC_ClockSecuritySystemCmd               0x08001683   Thumb Code     6  stm32f4xx_rcc.o(.text)
    RCC_MCO1Config                           0x08001689   Thumb Code    28  stm32f4xx_rcc.o(.text)
    RCC_MCO2Config                           0x080016a5   Thumb Code    28  stm32f4xx_rcc.o(.text)
    RCC_SYSCLKConfig                         0x080016c1   Thumb Code    20  stm32f4xx_rcc.o(.text)
    RCC_GetSYSCLKSource                      0x080016d5   Thumb Code    12  stm32f4xx_rcc.o(.text)
    RCC_HCLKConfig                           0x080016e1   Thumb Code    20  stm32f4xx_rcc.o(.text)
    RCC_PCLK1Config                          0x080016f5   Thumb Code    20  stm32f4xx_rcc.o(.text)
    RCC_PCLK2Config                          0x08001709   Thumb Code    22  stm32f4xx_rcc.o(.text)
    RCC_GetClocksFreq                        0x0800171f   Thumb Code   222  stm32f4xx_rcc.o(.text)
    RCC_RTCCLKConfig                         0x080017fd   Thumb Code    54  stm32f4xx_rcc.o(.text)
    RCC_RTCCLKCmd                            0x08001833   Thumb Code     8  stm32f4xx_rcc.o(.text)
    RCC_BackupResetCmd                       0x0800183b   Thumb Code     8  stm32f4xx_rcc.o(.text)
    RCC_I2SCLKConfig                         0x08001843   Thumb Code     6  stm32f4xx_rcc.o(.text)
    RCC_SAIPLLI2SClkDivConfig                0x08001849   Thumb Code    26  stm32f4xx_rcc.o(.text)
    RCC_SAIPLLSAIClkDivConfig                0x08001863   Thumb Code    28  stm32f4xx_rcc.o(.text)
    RCC_SAIBlockACLKConfig                   0x0800187f   Thumb Code    20  stm32f4xx_rcc.o(.text)
    RCC_SAIBlockBCLKConfig                   0x08001893   Thumb Code    20  stm32f4xx_rcc.o(.text)
    RCC_LTDCCLKDivConfig                     0x080018a7   Thumb Code    20  stm32f4xx_rcc.o(.text)
    RCC_TIMCLKPresConfig                     0x080018bb   Thumb Code     6  stm32f4xx_rcc.o(.text)
    RCC_AHB1PeriphClockCmd                   0x080018c1   Thumb Code    34  stm32f4xx_rcc.o(.text)
    RCC_AHB2PeriphClockCmd                   0x080018e3   Thumb Code    78  stm32f4xx_rcc.o(.text)
    RCC_AHB3PeriphClockCmd                   0x08001931   Thumb Code    34  stm32f4xx_rcc.o(.text)
    RCC_APB1PeriphClockCmd                   0x08001953   Thumb Code    34  stm32f4xx_rcc.o(.text)
    RCC_APB2PeriphClockCmd                   0x08001975   Thumb Code    34  stm32f4xx_rcc.o(.text)
    RCC_AHB1PeriphResetCmd                   0x08001997   Thumb Code    34  stm32f4xx_rcc.o(.text)
    RCC_AHB2PeriphResetCmd                   0x080019b9   Thumb Code    34  stm32f4xx_rcc.o(.text)
    RCC_AHB3PeriphResetCmd                   0x080019db   Thumb Code    34  stm32f4xx_rcc.o(.text)
    RCC_APB1PeriphResetCmd                   0x080019fd   Thumb Code    34  stm32f4xx_rcc.o(.text)
    RCC_APB2PeriphResetCmd                   0x08001a1f   Thumb Code    34  stm32f4xx_rcc.o(.text)
    RCC_AHB1PeriphClockLPModeCmd             0x08001a41   Thumb Code    34  stm32f4xx_rcc.o(.text)
    RCC_AHB2PeriphClockLPModeCmd             0x08001a63   Thumb Code    34  stm32f4xx_rcc.o(.text)
    RCC_AHB3PeriphClockLPModeCmd             0x08001a85   Thumb Code    34  stm32f4xx_rcc.o(.text)
    RCC_APB1PeriphClockLPModeCmd             0x08001aa7   Thumb Code    34  stm32f4xx_rcc.o(.text)
    RCC_APB2PeriphClockLPModeCmd             0x08001ac9   Thumb Code    34  stm32f4xx_rcc.o(.text)
    RCC_LSEModeConfig                        0x08001aeb   Thumb Code    40  stm32f4xx_rcc.o(.text)
    RCC_ITConfig                             0x08001b13   Thumb Code    34  stm32f4xx_rcc.o(.text)
    RCC_ClearFlag                            0x08001b35   Thumb Code    18  stm32f4xx_rcc.o(.text)
    RCC_GetITStatus                          0x08001b47   Thumb Code    22  stm32f4xx_rcc.o(.text)
    RCC_ClearITPendingBit                    0x08001b5d   Thumb Code     8  stm32f4xx_rcc.o(.text)
    USART_DeInit                             0x08001b69   Thumb Code   206  stm32f4xx_usart.o(.text)
    USART_Init                               0x08001c37   Thumb Code   204  stm32f4xx_usart.o(.text)
    USART_StructInit                         0x08001d03   Thumb Code    24  stm32f4xx_usart.o(.text)
    USART_ClockInit                          0x08001d1b   Thumb Code    32  stm32f4xx_usart.o(.text)
    USART_ClockStructInit                    0x08001d3b   Thumb Code    12  stm32f4xx_usart.o(.text)
    USART_Cmd                                0x08001d47   Thumb Code    24  stm32f4xx_usart.o(.text)
    USART_SetPrescaler                       0x08001d5f   Thumb Code    16  stm32f4xx_usart.o(.text)
    USART_OverSampling8Cmd                   0x08001d6f   Thumb Code    22  stm32f4xx_usart.o(.text)
    USART_OneBitMethodCmd                    0x08001d85   Thumb Code    24  stm32f4xx_usart.o(.text)
    USART_SendData                           0x08001d9d   Thumb Code     8  stm32f4xx_usart.o(.text)
    USART_ReceiveData                        0x08001da5   Thumb Code    10  stm32f4xx_usart.o(.text)
    USART_SetAddress                         0x08001daf   Thumb Code    18  stm32f4xx_usart.o(.text)
    USART_ReceiverWakeUpCmd                  0x08001dc1   Thumb Code    24  stm32f4xx_usart.o(.text)
    USART_WakeUpConfig                       0x08001dd9   Thumb Code    18  stm32f4xx_usart.o(.text)
    USART_LINBreakDetectLengthConfig         0x08001deb   Thumb Code    18  stm32f4xx_usart.o(.text)
    USART_LINCmd                             0x08001dfd   Thumb Code    24  stm32f4xx_usart.o(.text)
    USART_SendBreak                          0x08001e15   Thumb Code    10  stm32f4xx_usart.o(.text)
    USART_HalfDuplexCmd                      0x08001e1f   Thumb Code    24  stm32f4xx_usart.o(.text)
    USART_SetGuardTime                       0x08001e37   Thumb Code    16  stm32f4xx_usart.o(.text)
    USART_SmartCardCmd                       0x08001e47   Thumb Code    24  stm32f4xx_usart.o(.text)
    USART_SmartCardNACKCmd                   0x08001e5f   Thumb Code    24  stm32f4xx_usart.o(.text)
    USART_IrDAConfig                         0x08001e77   Thumb Code    18  stm32f4xx_usart.o(.text)
    USART_IrDACmd                            0x08001e89   Thumb Code    24  stm32f4xx_usart.o(.text)
    USART_DMACmd                             0x08001ea1   Thumb Code    18  stm32f4xx_usart.o(.text)
    USART_ITConfig                           0x08001eb3   Thumb Code    74  stm32f4xx_usart.o(.text)
    USART_GetFlagStatus                      0x08001efd   Thumb Code    26  stm32f4xx_usart.o(.text)
    USART_ClearFlag                          0x08001f17   Thumb Code    18  stm32f4xx_usart.o(.text)
    USART_GetITStatus                        0x08001f29   Thumb Code   118  stm32f4xx_usart.o(.text)
    USART_ClearITPendingBit                  0x08001f9f   Thumb Code    30  stm32f4xx_usart.o(.text)
    TIM_DeInit                               0x08001fbd   Thumb Code   346  stm32f4xx_tim.o(.text)
    TIM_TimeBaseInit                         0x08002117   Thumb Code   104  stm32f4xx_tim.o(.text)
    TIM_TimeBaseStructInit                   0x0800217f   Thumb Code    18  stm32f4xx_tim.o(.text)
    TIM_PrescalerConfig                      0x08002191   Thumb Code     6  stm32f4xx_tim.o(.text)
    TIM_CounterModeConfig                    0x08002197   Thumb Code    18  stm32f4xx_tim.o(.text)
    TIM_SetCounter                           0x080021a9   Thumb Code     4  stm32f4xx_tim.o(.text)
    TIM_SetAutoreload                        0x080021ad   Thumb Code     4  stm32f4xx_tim.o(.text)
    TIM_GetCounter                           0x080021b1   Thumb Code     6  stm32f4xx_tim.o(.text)
    TIM_GetPrescaler                         0x080021b7   Thumb Code     6  stm32f4xx_tim.o(.text)
    TIM_UpdateDisableConfig                  0x080021bd   Thumb Code    24  stm32f4xx_tim.o(.text)
    TIM_UpdateRequestConfig                  0x080021d5   Thumb Code    24  stm32f4xx_tim.o(.text)
    TIM_ARRPreloadConfig                     0x080021ed   Thumb Code    24  stm32f4xx_tim.o(.text)
    TIM_SelectOnePulseMode                   0x08002205   Thumb Code    18  stm32f4xx_tim.o(.text)
    TIM_SetClockDivision                     0x08002217   Thumb Code    18  stm32f4xx_tim.o(.text)
    TIM_Cmd                                  0x08002229   Thumb Code    24  stm32f4xx_tim.o(.text)
    TIM_OC1Init                              0x08002241   Thumb Code   114  stm32f4xx_tim.o(.text)
    TIM_OC2Init                              0x080022b3   Thumb Code   154  stm32f4xx_tim.o(.text)
    TIM_OC3Init                              0x0800234d   Thumb Code   204  stm32f4xx_tim.o(.text)
    TIM_OC4Init                              0x08002419   Thumb Code   112  stm32f4xx_tim.o(.text)
    TIM_OCStructInit                         0x08002489   Thumb Code    20  stm32f4xx_tim.o(.text)
    TIM_SelectOCxM                           0x0800249d   Thumb Code    86  stm32f4xx_tim.o(.text)
    TIM_SetCompare1                          0x080024f3   Thumb Code     4  stm32f4xx_tim.o(.text)
    TIM_SetCompare2                          0x080024f7   Thumb Code     4  stm32f4xx_tim.o(.text)
    TIM_SetCompare3                          0x080024fb   Thumb Code     4  stm32f4xx_tim.o(.text)
    TIM_SetCompare4                          0x080024ff   Thumb Code     4  stm32f4xx_tim.o(.text)
    TIM_ForcedOC1Config                      0x08002503   Thumb Code    18  stm32f4xx_tim.o(.text)
    TIM_ForcedOC2Config                      0x08002515   Thumb Code    26  stm32f4xx_tim.o(.text)
    TIM_ForcedOC3Config                      0x0800252f   Thumb Code    18  stm32f4xx_tim.o(.text)
    TIM_ForcedOC4Config                      0x08002541   Thumb Code    26  stm32f4xx_tim.o(.text)
    TIM_OC1PreloadConfig                     0x0800255b   Thumb Code    18  stm32f4xx_tim.o(.text)
    TIM_OC2PreloadConfig                     0x0800256d   Thumb Code    26  stm32f4xx_tim.o(.text)
    TIM_OC3PreloadConfig                     0x08002587   Thumb Code    18  stm32f4xx_tim.o(.text)
    TIM_OC4PreloadConfig                     0x08002599   Thumb Code    26  stm32f4xx_tim.o(.text)
    TIM_OC1FastConfig                        0x080025b3   Thumb Code    18  stm32f4xx_tim.o(.text)
    TIM_OC2FastConfig                        0x080025c5   Thumb Code    26  stm32f4xx_tim.o(.text)
    TIM_OC3FastConfig                        0x080025df   Thumb Code    18  stm32f4xx_tim.o(.text)
    TIM_OC4FastConfig                        0x080025f1   Thumb Code    26  stm32f4xx_tim.o(.text)
    TIM_ClearOC1Ref                          0x0800260b   Thumb Code    18  stm32f4xx_tim.o(.text)
    TIM_ClearOC2Ref                          0x0800261d   Thumb Code    24  stm32f4xx_tim.o(.text)
    TIM_ClearOC3Ref                          0x08002635   Thumb Code    18  stm32f4xx_tim.o(.text)
    TIM_ClearOC4Ref                          0x08002647   Thumb Code    24  stm32f4xx_tim.o(.text)
    TIM_OC1PolarityConfig                    0x0800265f   Thumb Code    18  stm32f4xx_tim.o(.text)
    TIM_OC1NPolarityConfig                   0x08002671   Thumb Code    18  stm32f4xx_tim.o(.text)
    TIM_OC2PolarityConfig                    0x08002683   Thumb Code    26  stm32f4xx_tim.o(.text)
    TIM_OC2NPolarityConfig                   0x0800269d   Thumb Code    26  stm32f4xx_tim.o(.text)
    TIM_OC3PolarityConfig                    0x080026b7   Thumb Code    26  stm32f4xx_tim.o(.text)
    TIM_OC3NPolarityConfig                   0x080026d1   Thumb Code    26  stm32f4xx_tim.o(.text)
    TIM_OC4PolarityConfig                    0x080026eb   Thumb Code    26  stm32f4xx_tim.o(.text)
    TIM_CCxCmd                               0x08002705   Thumb Code    30  stm32f4xx_tim.o(.text)
    TIM_CCxNCmd                              0x08002723   Thumb Code    30  stm32f4xx_tim.o(.text)
    TIM_SetIC4Prescaler                      0x08002741   Thumb Code    26  stm32f4xx_tim.o(.text)
    TIM_SetIC3Prescaler                      0x080027ab   Thumb Code    18  stm32f4xx_tim.o(.text)
    TIM_SetIC2Prescaler                      0x08002805   Thumb Code    26  stm32f4xx_tim.o(.text)
    TIM_SetIC1Prescaler                      0x08002879   Thumb Code    18  stm32f4xx_tim.o(.text)
    TIM_ICInit                               0x080028c5   Thumb Code   110  stm32f4xx_tim.o(.text)
    TIM_ICStructInit                         0x08002933   Thumb Code    18  stm32f4xx_tim.o(.text)
    TIM_PWMIConfig                           0x08002945   Thumb Code   124  stm32f4xx_tim.o(.text)
    TIM_GetCapture1                          0x080029c1   Thumb Code     6  stm32f4xx_tim.o(.text)
    TIM_GetCapture2                          0x080029c7   Thumb Code     6  stm32f4xx_tim.o(.text)
    TIM_GetCapture3                          0x080029cd   Thumb Code     6  stm32f4xx_tim.o(.text)
    TIM_GetCapture4                          0x080029d3   Thumb Code     6  stm32f4xx_tim.o(.text)
    TIM_BDTRConfig                           0x080029d9   Thumb Code    32  stm32f4xx_tim.o(.text)
    TIM_BDTRStructInit                       0x080029f9   Thumb Code    18  stm32f4xx_tim.o(.text)
    TIM_CtrlPWMOutputs                       0x08002a0b   Thumb Code    30  stm32f4xx_tim.o(.text)
    TIM_SelectCOM                            0x08002a29   Thumb Code    24  stm32f4xx_tim.o(.text)
    TIM_CCPreloadControl                     0x08002a41   Thumb Code    24  stm32f4xx_tim.o(.text)
    TIM_ITConfig                             0x08002a59   Thumb Code    18  stm32f4xx_tim.o(.text)
    TIM_GenerateEvent                        0x08002a6b   Thumb Code     4  stm32f4xx_tim.o(.text)
    TIM_GetFlagStatus                        0x08002a6f   Thumb Code    18  stm32f4xx_tim.o(.text)
    TIM_ClearFlag                            0x08002a81   Thumb Code     6  stm32f4xx_tim.o(.text)
    TIM_GetITStatus                          0x08002a87   Thumb Code    34  stm32f4xx_tim.o(.text)
    TIM_ClearITPendingBit                    0x08002aa9   Thumb Code     6  stm32f4xx_tim.o(.text)
    TIM_DMAConfig                            0x08002aaf   Thumb Code    10  stm32f4xx_tim.o(.text)
    TIM_DMACmd                               0x08002ab9   Thumb Code    18  stm32f4xx_tim.o(.text)
    TIM_SelectCCDMA                          0x08002acb   Thumb Code    24  stm32f4xx_tim.o(.text)
    TIM_InternalClockConfig                  0x08002ae3   Thumb Code    12  stm32f4xx_tim.o(.text)
    TIM_SelectInputTrigger                   0x08002aef   Thumb Code    18  stm32f4xx_tim.o(.text)
    TIM_ITRxExternalClockConfig              0x08002b01   Thumb Code    24  stm32f4xx_tim.o(.text)
    TIM_TIxExternalClockConfig               0x08002b19   Thumb Code    62  stm32f4xx_tim.o(.text)
    TIM_ETRConfig                            0x08002b57   Thumb Code    28  stm32f4xx_tim.o(.text)
    TIM_ETRClockMode1Config                  0x08002b73   Thumb Code    54  stm32f4xx_tim.o(.text)
    TIM_ETRClockMode2Config                  0x08002ba9   Thumb Code    32  stm32f4xx_tim.o(.text)
    TIM_SelectOutputTrigger                  0x08002bc9   Thumb Code    18  stm32f4xx_tim.o(.text)
    TIM_SelectSlaveMode                      0x08002bdb   Thumb Code    18  stm32f4xx_tim.o(.text)
    TIM_SelectMasterSlaveMode                0x08002bed   Thumb Code    18  stm32f4xx_tim.o(.text)
    TIM_EncoderInterfaceConfig               0x08002bff   Thumb Code    66  stm32f4xx_tim.o(.text)
    TIM_SelectHallSensor                     0x08002c41   Thumb Code    24  stm32f4xx_tim.o(.text)
    TIM_RemapConfig                          0x08002c59   Thumb Code     6  stm32f4xx_tim.o(.text)
    delay_osschedlock                        0x08002c61   Thumb Code    10  delay.o(.text)
    delay_osschedunlock                      0x08002c6b   Thumb Code    10  delay.o(.text)
    delay_ostimedly                          0x08002c75   Thumb Code    16  delay.o(.text)
    SysTick_Handler                          0x08002c85   Thumb Code    24  delay.o(.text)
    delay_init                               0x08002c9d   Thumb Code    94  delay.o(.text)
    delay_us                                 0x08002cfb   Thumb Code    84  delay.o(.text)
    get_ostime                               0x08002d4f   Thumb Code    22  delay.o(.text)
    delay_ms                                 0x08002d65   Thumb Code    66  delay.o(.text)
    _sys_exit                                0x08002dc1   Thumb Code     4  usart.o(.text)
    fputc                                    0x08002dc5   Thumb Code    22  usart.o(.text)
    uart_init                                0x08002ddb   Thumb Code   172  usart.o(.text)
    USART1_IRQHandler                        0x08002e87   Thumb Code   130  usart.o(.text)
    BSP_CPU_ClkFreq                          0x08002f19   Thumb Code    14  bsp.o(.text)
    CPU_TS_TmrInit                           0x08002f27   Thumb Code    44  bsp.o(.text)
    CPU_TS_TmrRd                             0x08002f53   Thumb Code     6  bsp.o(.text)
    CPU_TS32_to_uSec                         0x08002f59   Thumb Code    54  bsp.o(.text)
    CPU_NameClr                              0x08002f9d   Thumb Code    42  cpu_core.o(.text)
    CPU_Init                                 0x08002fdd   Thumb Code    12  cpu_core.o(.text)
    CPU_SW_Exception                         0x08002fe9   Thumb Code     4  cpu_core.o(.text)
    CPU_NameGet                              0x08002fed   Thumb Code    70  cpu_core.o(.text)
    CPU_NameSet                              0x08003033   Thumb Code    96  cpu_core.o(.text)
    CPU_TS_Get32                             0x08003093   Thumb Code    12  cpu_core.o(.text)
    CPU_TS_Update                            0x0800309f   Thumb Code     2  cpu_core.o(.text)
    CPU_TS_TmrFreqGet                        0x080030a1   Thumb Code    30  cpu_core.o(.text)
    CPU_TS_TmrFreqSet                        0x080030bf   Thumb Code     6  cpu_core.o(.text)
    CPU_CntLeadZeros08                       0x080030c5   Thumb Code    18  cpu_core.o(.text)
    CPU_CntLeadZeros16                       0x080030d7   Thumb Code    18  cpu_core.o(.text)
    CPU_CntLeadZeros32                       0x080030e9   Thumb Code    18  cpu_core.o(.text)
    CPU_CntLeadZeros64                       0x080030fb   Thumb Code   188  cpu_core.o(.text)
    CPU_CntTrailZeros08                      0x080031b7   Thumb Code    22  cpu_core.o(.text)
    CPU_CntTrailZeros16                      0x080031cd   Thumb Code    22  cpu_core.o(.text)
    CPU_CntTrailZeros32                      0x080031e3   Thumb Code    22  cpu_core.o(.text)
    CPU_CntTrailZeros64                      0x080031f9   Thumb Code    62  cpu_core.o(.text)
    CPU_IntDis                               0x08003245   Thumb Code     0  cpu_a.o(.text)
    CPU_IntEn                                0x08003249   Thumb Code     0  cpu_a.o(.text)
    CPU_SR_Save                              0x0800324d   Thumb Code     0  cpu_a.o(.text)
    CPU_SR_Restore                           0x08003255   Thumb Code     0  cpu_a.o(.text)
    CPU_WaitForInt                           0x0800325b   Thumb Code     0  cpu_a.o(.text)
    CPU_WaitForExcept                        0x0800325f   Thumb Code     0  cpu_a.o(.text)
    CPU_CntLeadZeros                         0x08003263   Thumb Code     0  cpu_a.o(.text)
    CPU_CntTrailZeros                        0x08003269   Thumb Code     0  cpu_a.o(.text)
    CPU_RevBits                              0x08003273   Thumb Code     0  cpu_a.o(.text)
    ASCII_IsAlpha                            0x08003279   Thumb Code    48  lib_ascii.o(.text)
    ASCII_IsAlphaNum                         0x080032a9   Thumb Code    76  lib_ascii.o(.text)
    ASCII_IsLower                            0x080032f5   Thumb Code    20  lib_ascii.o(.text)
    ASCII_IsUpper                            0x08003309   Thumb Code    20  lib_ascii.o(.text)
    ASCII_IsDig                              0x0800331d   Thumb Code    20  lib_ascii.o(.text)
    ASCII_IsDigOct                           0x08003331   Thumb Code    20  lib_ascii.o(.text)
    ASCII_IsDigHex                           0x08003345   Thumb Code    36  lib_ascii.o(.text)
    ASCII_IsBlank                            0x08003369   Thumb Code    20  lib_ascii.o(.text)
    ASCII_IsSpace                            0x0800337d   Thumb Code    36  lib_ascii.o(.text)
    ASCII_IsPrint                            0x080033a1   Thumb Code    20  lib_ascii.o(.text)
    ASCII_IsGraph                            0x080033b5   Thumb Code    20  lib_ascii.o(.text)
    ASCII_IsPunct                            0x080033c9   Thumb Code   134  lib_ascii.o(.text)
    ASCII_IsCtrl                             0x0800344f   Thumb Code    26  lib_ascii.o(.text)
    ASCII_ToLower                            0x08003469   Thumb Code    32  lib_ascii.o(.text)
    ASCII_ToUpper                            0x08003489   Thumb Code    32  lib_ascii.o(.text)
    ASCII_Cmp                                0x080034a9   Thumb Code    38  lib_ascii.o(.text)
    Mem_Init                                 0x080034d1   Thumb Code    54  lib_mem.o(.text)
    Mem_Set                                  0x08003507   Thumb Code    84  lib_mem.o(.text)
    Mem_Clr                                  0x0800355b   Thumb Code    18  lib_mem.o(.text)
    Mem_Move                                 0x0800356d   Thumb Code   186  lib_mem.o(.text)
    Mem_Cmp                                  0x08003627   Thumb Code   192  lib_mem.o(.text)
    Mem_HeapAlloc                            0x0800375f   Thumb Code   168  lib_mem.o(.text)
    Mem_SegGetSizeRem                        0x08003807   Thumb Code   108  lib_mem.o(.text)
    Mem_HeapGetSizeRem                       0x08003873   Thumb Code    22  lib_mem.o(.text)
    Mem_PoolClr                              0x08003889   Thumb Code    80  lib_mem.o(.text)
    Mem_PoolCreate                           0x080038d9   Thumb Code   838  lib_mem.o(.text)
    Mem_PoolBlkGetNbrAvail                   0x08003c1f   Thumb Code    52  lib_mem.o(.text)
    Mem_PoolBlkGet                           0x08003c53   Thumb Code   126  lib_mem.o(.text)
    Mem_PoolBlkGetUsedAtIx                   0x08003cd1   Thumb Code   140  lib_mem.o(.text)
    Mem_PoolBlkFree                          0x08003d5d   Thumb Code   152  lib_mem.o(.text)
    Mem_PoolBlkIxGet                         0x08003df5   Thumb Code   162  lib_mem.o(.text)
    Str_Len_N                                0x08003e99   Thumb Code    28  lib_str.o(.text)
    Str_Len                                  0x08003eb5   Thumb Code    20  lib_str.o(.text)
    Str_Copy_N                               0x08003ec9   Thumb Code    70  lib_str.o(.text)
    Str_Copy                                 0x08003f0f   Thumb Code    24  lib_str.o(.text)
    Str_Cat_N                                0x08003f27   Thumb Code    90  lib_str.o(.text)
    Str_Cat                                  0x08003f81   Thumb Code    24  lib_str.o(.text)
    Str_Cmp_N                                0x08003f99   Thumb Code   156  lib_str.o(.text)
    Str_Cmp                                  0x08004035   Thumb Code    24  lib_str.o(.text)
    Str_CmpIgnoreCase_N                      0x0800404d   Thumb Code   264  lib_str.o(.text)
    Str_CmpIgnoreCase                        0x08004155   Thumb Code    24  lib_str.o(.text)
    Str_Char_N                               0x0800416d   Thumb Code    74  lib_str.o(.text)
    Str_Char                                 0x080041b7   Thumb Code    24  lib_str.o(.text)
    Str_Char_Last_N                          0x080041cf   Thumb Code    76  lib_str.o(.text)
    Str_Char_Last                            0x0800421b   Thumb Code    24  lib_str.o(.text)
    Str_Char_Replace_N                       0x08004233   Thumb Code    52  lib_str.o(.text)
    Str_Char_Replace                         0x08004267   Thumb Code    28  lib_str.o(.text)
    Str_Str_N                                0x08004283   Thumb Code   182  lib_str.o(.text)
    Str_Str                                  0x08004339   Thumb Code    24  lib_str.o(.text)
    Str_FmtNbr_Int32U                        0x0800452d   Thumb Code    46  lib_str.o(.text)
    Str_FmtNbr_Int32S                        0x0800455b   Thumb Code    62  lib_str.o(.text)
    Str_ParseNbr_Int32U                      0x08004757   Thumb Code    30  lib_str.o(.text)
    Str_ParseNbr_Int32S                      0x08004775   Thumb Code    74  lib_str.o(.text)
    Mem_Copy                                 0x080047c5   Thumb Code     0  lib_mem_a.o(.text)
    OSCfg_Init                               0x080049e5   Thumb Code    86  os_cfg_app.o(.text)
    OS_IdleTask                              0x08004ae1   Thumb Code    60  os_core.o(.text)
    OS_IdleTaskInit                          0x08004b1d   Thumb Code    68  os_core.o(.text)
    OS_RdyListInit                           0x08004b61   Thumb Code    32  os_core.o(.text)
    OSInit                                   0x08004b81   Thumb Code   300  os_core.o(.text)
    OSIntEnter                               0x08004cad   Thumb Code    34  os_core.o(.text)
    OSIntExit                                0x08004ccf   Thumb Code   188  os_core.o(.text)
    OSSched                                  0x08004d8b   Thumb Code   130  os_core.o(.text)
    OS_SchedLockTimeMeasStart                0x08004e0d   Thumb Code    20  os_core.o(.text)
    OSSchedLock                              0x08004e21   Thumb Code   104  os_core.o(.text)
    OS_SchedLockTimeMeasStop                 0x08004e89   Thumb Code    44  os_core.o(.text)
    OSSchedUnlock                            0x08004eb5   Thumb Code   286  os_core.o(.text)
    OSSchedRoundRobinCfg                     0x08004fd3   Thumb Code    88  os_core.o(.text)
    OS_RdyListMoveHeadToTail                 0x0800502b   Thumb Code    68  os_core.o(.text)
    OSSchedRoundRobinYield                   0x0800506f   Thumb Code   164  os_core.o(.text)
    OSStart                                  0x08005113   Thumb Code    78  os_core.o(.text)
    OSVersion                                0x08005161   Thumb Code    12  os_core.o(.text)
    OS_PendDbgNameAdd                        0x0800516d   Thumb Code    66  os_core.o(.text)
    OS_PendListInsertPrio                    0x080051af   Thumb Code   102  os_core.o(.text)
    OS_PendDataInit                          0x08005215   Thumb Code    38  os_core.o(.text)
    OS_RdyListRemove                         0x0800523b   Thumb Code    86  os_core.o(.text)
    OS_TaskBlock                             0x08005291   Thumb Code    56  os_core.o(.text)
    OS_Pend                                  0x080052c9   Thumb Code    98  os_core.o(.text)
    OS_PendListRemove1                       0x0800532b   Thumb Code   136  os_core.o(.text)
    OS_PendListRemove                        0x080053b3   Thumb Code    48  os_core.o(.text)
    OS_PendAbort1                            0x080053e3   Thumb Code    36  os_core.o(.text)
    OS_RdyListInsertHead                     0x08005407   Thumb Code    58  os_core.o(.text)
    OS_RdyListInsertTail                     0x08005441   Thumb Code    56  os_core.o(.text)
    OS_RdyListInsert                         0x08005479   Thumb Code    40  os_core.o(.text)
    OS_TaskRdy                               0x080054a1   Thumb Code    28  os_core.o(.text)
    OS_PendAbort                             0x080054bd   Thumb Code   166  os_core.o(.text)
    OS_PendDbgNameRemove                     0x08005563   Thumb Code    34  os_core.o(.text)
    OS_PendListChangePrio                    0x08005585   Thumb Code    70  os_core.o(.text)
    OS_PendListInit                          0x080055cb   Thumb Code    10  os_core.o(.text)
    OS_PendListInsertHead                    0x080055d5   Thumb Code    32  os_core.o(.text)
    OS_PendObjDel1                           0x080055f5   Thumb Code    36  os_core.o(.text)
    OS_PendObjDel                            0x08005619   Thumb Code   162  os_core.o(.text)
    OS_Post1                                 0x080056bb   Thumb Code    42  os_core.o(.text)
    OS_Post                                  0x080056e5   Thumb Code   192  os_core.o(.text)
    OS_Sched0                                0x080057a5   Thumb Code    68  os_core.o(.text)
    OS_SchedRoundRobin                       0x080057e9   Thumb Code   218  os_core.o(.text)
    OS_Dbg_Init                              0x080058d1   Thumb Code   146  os_dbg.o(.text)
    OS_FlagDbgListAdd                        0x08005a81   Thumb Code    38  os_flag.o(.text)
    OSFlagCreate                             0x08005aa7   Thumb Code   172  os_flag.o(.text)
    OS_FlagClr                               0x08005b53   Thumb Code    28  os_flag.o(.text)
    OS_FlagDbgListRemove                     0x08005b6f   Thumb Code    44  os_flag.o(.text)
    OSFlagDel                                0x08005b9b   Thumb Code   594  os_flag.o(.text)
    OS_FlagBlock                             0x08005ded   Thumb Code    58  os_flag.o(.text)
    OSFlagPend                               0x08005e27   Thumb Code  1488  os_flag.o(.text)
    OSFlagPendAbort                          0x080063f7   Thumb Code   292  os_flag.o(.text)
    OSFlagPendGetFlagsRdy                    0x0800651b   Thumb Code    68  os_flag.o(.text)
    OS_FlagTaskRdy                           0x0800655f   Thumb Code    86  os_flag.o(.text)
    OS_FlagPost                              0x080065b5   Thumb Code   570  os_flag.o(.text)
    OSFlagPost                               0x080067ef   Thumb Code   146  os_flag.o(.text)
    OS_FlagInit                              0x08006881   Thumb Code    14  os_flag.o(.text)
    OS_IntQPost                              0x080068a9   Thumb Code   216  os_int.o(.text)
    OS_IntQRePost                            0x08006981   Thumb Code   360  os_int.o(.text)
    OS_IntQTask                              0x08006ae9   Thumb Code   162  os_int.o(.text)
    OS_IntQTaskInit                          0x08006b8b   Thumb Code   208  os_int.o(.text)
    OS_MemDbgListAdd                         0x08006ced   Thumb Code    34  os_mem.o(.text)
    OSMemCreate                              0x08006d0f   Thumb Code   288  os_mem.o(.text)
    OSMemGet                                 0x08006e2f   Thumb Code   100  os_mem.o(.text)
    OSMemPut                                 0x08006e93   Thumb Code   112  os_mem.o(.text)
    OS_MemInit                               0x08006f03   Thumb Code    14  os_mem.o(.text)
    OS_MsgPoolCreate                         0x08006f25   Thumb Code    54  os_msg.o(.text)
    OS_MsgPoolInit                           0x08006f5b   Thumb Code    70  os_msg.o(.text)
    OS_MsgQFreeAll                           0x08006fa1   Thumb Code    62  os_msg.o(.text)
    OS_MsgQInit                              0x08006fdf   Thumb Code    14  os_msg.o(.text)
    OS_MsgQGet                               0x08006fed   Thumb Code    98  os_msg.o(.text)
    OS_MsgQPut                               0x0800704f   Thumb Code   246  os_msg.o(.text)
    OS_MutexDbgListAdd                       0x08007151   Thumb Code    38  os_mutex.o(.text)
    OSMutexCreate                            0x08007177   Thumb Code   178  os_mutex.o(.text)
    OS_MutexClr                              0x08007229   Thumb Code    38  os_mutex.o(.text)
    OS_MutexDbgListRemove                    0x0800724f   Thumb Code    44  os_mutex.o(.text)
    OSMutexDel                               0x0800727b   Thumb Code   842  os_mutex.o(.text)
    OSMutexPend                              0x080075c5   Thumb Code   706  os_mutex.o(.text)
    OSMutexPendAbort                         0x08007887   Thumb Code   314  os_mutex.o(.text)
    OSMutexPost                              0x080079c1   Thumb Code   564  os_mutex.o(.text)
    OS_MutexInit                             0x08007bf5   Thumb Code    14  os_mutex.o(.text)
    OS_PrioInit                              0x08007c25   Thumb Code    20  os_prio.o(.text)
    OS_PrioGetHighest                        0x08007c39   Thumb Code    36  os_prio.o(.text)
    OS_PrioInsert                            0x08007c5d   Thumb Code    32  os_prio.o(.text)
    OS_PrioRemove                            0x08007c7d   Thumb Code    32  os_prio.o(.text)
    OS_QDbgListAdd                           0x08007ca1   Thumb Code    38  os_q.o(.text)
    OSQCreate                                0x08007cc7   Thumb Code   186  os_q.o(.text)
    OS_QClr                                  0x08007d81   Thumb Code    40  os_q.o(.text)
    OS_QDbgListRemove                        0x08007da9   Thumb Code    44  os_q.o(.text)
    OSQDel                                   0x08007dd5   Thumb Code   362  os_q.o(.text)
    OSQFlush                                 0x08007f3f   Thumb Code   210  os_q.o(.text)
    OSQPend                                  0x08008011   Thumb Code   538  os_q.o(.text)
    OSQPendAbort                             0x0800822b   Thumb Code   292  os_q.o(.text)
    OS_QPost                                 0x0800834f   Thumb Code   324  os_q.o(.text)
    OSQPost                                  0x08008493   Thumb Code   198  os_q.o(.text)
    OS_QInit                                 0x08008559   Thumb Code    14  os_q.o(.text)
    OS_SemDbgListAdd                         0x08008579   Thumb Code    38  os_sem.o(.text)
    OSSemCreate                              0x0800859f   Thumb Code   172  os_sem.o(.text)
    OS_SemClr                                0x0800864b   Thumb Code    28  os_sem.o(.text)
    OS_SemDbgListRemove                      0x08008667   Thumb Code    44  os_sem.o(.text)
    OSSemDel                                 0x08008693   Thumb Code   362  os_sem.o(.text)
    OSSemPend                                0x080087fd   Thumb Code   504  os_sem.o(.text)
    OSSemPendAbort                           0x080089f5   Thumb Code   292  os_sem.o(.text)
    OS_SemPost                               0x08008b19   Thumb Code   350  os_sem.o(.text)
    OSSemPost                                0x08008c77   Thumb Code   144  os_sem.o(.text)
    OSSemSet                                 0x08008d07   Thumb Code   138  os_sem.o(.text)
    OS_SemInit                               0x08008d91   Thumb Code    14  os_sem.o(.text)
    OSStatReset                              0x08008da9   Thumb Code   270  os_stat.o(.text)
    OSStatTaskCPUUsageInit                   0x08008eb7   Thumb Code   212  os_stat.o(.text)
    OS_StatTask                              0x08008f8b   Thumb Code   888  os_stat.o(.text)
    OS_StatTaskInit                          0x08009303   Thumb Code   138  os_stat.o(.text)
    OSTaskChangePrio                         0x080093e1   Thumb Code   416  os_task.o(.text)
    OS_TaskDbgListAdd                        0x08009581   Thumb Code    42  os_task.o(.text)
    OS_TaskInitTCB                           0x080095ab   Thumb Code   186  os_task.o(.text)
    OSTaskCreate                             0x08009665   Thumb Code   616  os_task.o(.text)
    OS_TaskDbgListRemove                     0x080098cd   Thumb Code    64  os_task.o(.text)
    OSTaskDel                                0x0800990d   Thumb Code   424  os_task.o(.text)
    OSTaskQFlush                             0x08009ab5   Thumb Code   214  os_task.o(.text)
    OSTaskQPend                              0x08009b8b   Thumb Code   554  os_task.o(.text)
    OSTaskQPendAbort                         0x08009db5   Thumb Code   242  os_task.o(.text)
    OS_TaskQPost                             0x08009ea7   Thumb Code   526  os_task.o(.text)
    OSTaskQPost                              0x0800a0b5   Thumb Code   114  os_task.o(.text)
    OSTaskRegGet                             0x0800a127   Thumb Code    78  os_task.o(.text)
    OSTaskRegGetID                           0x0800a175   Thumb Code    84  os_task.o(.text)
    OSTaskRegSet                             0x0800a1c9   Thumb Code    78  os_task.o(.text)
    OS_TaskResume                            0x0800a217   Thumb Code   314  os_task.o(.text)
    OSTaskResume                             0x0800a351   Thumb Code   112  os_task.o(.text)
    OSTaskSemPend                            0x0800a3c1   Thumb Code   550  os_task.o(.text)
    OSTaskSemPendAbort                       0x0800a5e7   Thumb Code   270  os_task.o(.text)
    OS_TaskSemPost                           0x0800a6f5   Thumb Code  1224  os_task.o(.text)
    OSTaskSemPost                            0x0800abbd   Thumb Code    98  os_task.o(.text)
    OSTaskSemSet                             0x0800ac1f   Thumb Code    80  os_task.o(.text)
    OSTaskStkChk                             0x0800ac6f   Thumb Code   224  os_task.o(.text)
    OS_TaskSuspend                           0x0800ad4f   Thumb Code   328  os_task.o(.text)
    OSTaskSuspend                            0x0800ae97   Thumb Code    78  os_task.o(.text)
    OSTaskTimeQuantaSet                      0x0800aee5   Thumb Code    96  os_task.o(.text)
    OS_TaskInit                              0x0800af45   Thumb Code    18  os_task.o(.text)
    OS_TaskReturn                            0x0800af57   Thumb Code    20  os_task.o(.text)
    OS_TickListRemove                        0x0800af95   Thumb Code    56  os_tick.o(.text)
    OS_TickListUpdate                        0x0800afcd   Thumb Code   480  os_tick.o(.text)
    OS_TickTask                              0x0800b1ad   Thumb Code    38  os_tick.o(.text)
    OS_TickListInit                          0x0800b1d3   Thumb Code    32  os_tick.o(.text)
    OS_TickTaskInit                          0x0800b1f3   Thumb Code   130  os_tick.o(.text)
    OS_TickListInsert                        0x0800b275   Thumb Code   502  os_tick.o(.text)
    OS_TickListResetPeak                     0x0800b46b   Thumb Code    28  os_tick.o(.text)
    OSTimeDly                                0x0800b491   Thumb Code   266  os_time.o(.text)
    OSTimeDlyHMSM                            0x0800b59b   Thumb Code   480  os_time.o(.text)
    OSTimeDlyResume                          0x0800b77b   Thumb Code   466  os_time.o(.text)
    OSTimeGet                                0x0800b94d   Thumb Code    46  os_time.o(.text)
    OSTimeSet                                0x0800b97b   Thumb Code    46  os_time.o(.text)
    OSTimeTick                               0x0800b9a9   Thumb Code    54  os_time.o(.text)
    OS_TmrDbgListAdd                         0x0800b9f5   Thumb Code    34  os_tmr.o(.text)
    OSTmrCreate                              0x0800ba17   Thumb Code   248  os_tmr.o(.text)
    OS_TmrClr                                0x0800bb0f   Thumb Code    36  os_tmr.o(.text)
    OS_TmrUnlink                             0x0800bb33   Thumb Code    72  os_tmr.o(.text)
    OS_TmrDbgListRemove                      0x0800bb7b   Thumb Code    44  os_tmr.o(.text)
    OSTmrDel                                 0x0800bba7   Thumb Code   176  os_tmr.o(.text)
    OSTmrRemainGet                           0x0800bc57   Thumb Code   184  os_tmr.o(.text)
    OS_TmrLink                               0x0800bd0f   Thumb Code   196  os_tmr.o(.text)
    OSTmrStart                               0x0800bdd3   Thumb Code   210  os_tmr.o(.text)
    OSTmrStateGet                            0x0800bea5   Thumb Code   134  os_tmr.o(.text)
    OSTmrStop                                0x0800bf2b   Thumb Code   232  os_tmr.o(.text)
    OS_TmrTask                               0x0800c013   Thumb Code   176  os_tmr.o(.text)
    OS_TmrInit                               0x0800c0c3   Thumb Code   208  os_tmr.o(.text)
    OS_TmrResetPeak                          0x0800c193   Thumb Code    28  os_tmr.o(.text)
    OSIdleTaskHook                           0x0800c20d   Thumb Code    16  os_cpu_c.o(.text)
    OSInitHook                               0x0800c21d   Thumb Code    28  os_cpu_c.o(.text)
    OSStatTaskHook                           0x0800c239   Thumb Code    16  os_cpu_c.o(.text)
    OSTaskCreateHook                         0x0800c249   Thumb Code    20  os_cpu_c.o(.text)
    OSTaskDelHook                            0x0800c25d   Thumb Code    20  os_cpu_c.o(.text)
    OSTaskReturnHook                         0x0800c271   Thumb Code    20  os_cpu_c.o(.text)
    OSTaskStkInit                            0x0800c285   Thumb Code   600  os_cpu_c.o(.text)
    OSTaskSwHook                             0x0800c4dd   Thumb Code   120  os_cpu_c.o(.text)
    OSTimeTickHook                           0x0800c555   Thumb Code    16  os_cpu_c.o(.text)
    OS_CPU_SysTickHandler                    0x0800c565   Thumb Code    52  os_cpu_c.o(.text)
    OS_CPU_SysTickInit                       0x0800c599   Thumb Code    44  os_cpu_c.o(.text)
    __use_no_semihosting                     0x0800c605   Thumb Code     2  use_no_semi_2.o(.text)
    __aeabi_uldivmod                         0x0800c607   Thumb Code     0  lludivv7m.o(.text)
    _ll_udiv                                 0x0800c607   Thumb Code   238  lludivv7m.o(.text)
    __2printf                                0x0800c6f5   Thumb Code    20  noretval__2printf.o(.text)
    _printf_int_dec                          0x0800c70d   Thumb Code   104  _printf_dec.o(.text)
    __printf                                 0x0800c785   Thumb Code   388  __printf_flags_ss_wp.o(.text)
    __use_two_region_memory                  0x0800c90d   Thumb Code     2  heapauxi.o(.text)
    __rt_heap_escrow$2region                 0x0800c90f   Thumb Code     2  heapauxi.o(.text)
    __rt_heap_expand$2region                 0x0800c911   Thumb Code     2  heapauxi.o(.text)
    __I$use$semihosting                      0x0800c913   Thumb Code     0  use_no_semi.o(.text)
    __use_no_semihosting_swi                 0x0800c913   Thumb Code     2  use_no_semi.o(.text)
    _printf_int_common                       0x0800c915   Thumb Code   178  _printf_intcommon.o(.text)
    __lib_sel_fp_printf                      0x0800c9c7   Thumb Code     2  _printf_fp_dec.o(.text)
    _printf_fp_dec_real                      0x0800cb75   Thumb Code   620  _printf_fp_dec.o(.text)
    _printf_char_common                      0x0800cdeb   Thumb Code    32  _printf_char_common.o(.text)
    _printf_char_file                        0x0800ce11   Thumb Code    32  _printf_char_file.o(.text)
    __rt_locale                              0x0800ce35   Thumb Code     8  rt_locale_intlibspace.o(.text)
    _ll_udiv10                               0x0800ce3d   Thumb Code   138  lludiv10.o(.text)
    _printf_fp_infnan                        0x0800cec9   Thumb Code   112  _printf_fp_infnan.o(.text)
    _btod_etento                             0x0800cf49   Thumb Code   216  bigflt0.o(.text)
    ferror                                   0x0800d025   Thumb Code     8  ferror.o(.text)
    __user_libspace                          0x0800d02d   Thumb Code     8  libspace.o(.text)
    __user_perproc_libspace                  0x0800d02d   Thumb Code     0  libspace.o(.text)
    __user_perthread_libspace                0x0800d02d   Thumb Code     0  libspace.o(.text)
    __user_setup_stackheap                   0x0800d035   Thumb Code    74  sys_stackheap_outer.o(.text)
    exit                                     0x0800d07f   Thumb Code    12  exit.o(.text)
    strcmp                                   0x0800d08d   Thumb Code   128  strcmpv7m.o(.text)
    _btod_d2e                                0x0800d10d   Thumb Code    62  btod.o(CL$$btod_d2e)
    _d2e_denorm_low                          0x0800d14b   Thumb Code    70  btod.o(CL$$btod_d2e_denorm_low)
    _d2e_norm_op1                            0x0800d191   Thumb Code    96  btod.o(CL$$btod_d2e_norm_op1)
    __btod_div_common                        0x0800d1f1   Thumb Code   696  btod.o(CL$$btod_div_common)
    _e2e                                     0x0800d529   Thumb Code   198  btod.o(CL$$btod_e2e)
    _btod_ediv                               0x0800d5ef   Thumb Code    40  btod.o(CL$$btod_ediv)
    _btod_emul                               0x0800d617   Thumb Code    40  btod.o(CL$$btod_emul)
    __btod_mult_common                       0x0800d63f   Thumb Code   580  btod.o(CL$$btod_mult_common)
    OSStartHighRdy                           0x0800d885   Thumb Code     0  os_cpu_a.o(CODE)
    OSCtxSw                                  0x0800d8a7   Thumb Code     0  os_cpu_a.o(CODE)
    OSIntCtxSw                               0x0800d8b1   Thumb Code     0  os_cpu_a.o(CODE)
    PendSV_Handler                           0x0800d8bb   Thumb Code     0  os_cpu_a.o(CODE)
    __ARM_fpclassify                         0x0800d931   Thumb Code    48  fpclassify.o(i.__ARM_fpclassify)
    _is_digit                                0x0800d961   Thumb Code    14  __printf_wp.o(i._is_digit)
    _get_lc_numeric                          0x0800d971   Thumb Code    44  lc_numeric_c.o(locale$$code)
    __fpl_dretinf                            0x0800d99d   Thumb Code    12  dretinf.o(x$fpl$dretinf)
    __aeabi_f2d                              0x0800d9a9   Thumb Code     0  f2d.o(x$fpl$f2d)
    _f2d                                     0x0800d9a9   Thumb Code    86  f2d.o(x$fpl$f2d)
    __fpl_fnaninf                            0x0800d9ff   Thumb Code   140  fnaninf.o(x$fpl$fnaninf)
    _fp_init                                 0x0800da8b   Thumb Code    10  fpinit.o(x$fpl$fpinit)
    __fplib_config_fpu_vfp                   0x0800da93   Thumb Code     0  fpinit.o(x$fpl$fpinit)
    __fplib_config_pureend_doubles           0x0800da93   Thumb Code     0  fpinit.o(x$fpl$fpinit)
    _printf_fp_dec                           0x0800da95   Thumb Code     4  printf1.o(x$fpl$printf1)
    __I$use$fp                               0x0800da98   Number         0  usenofp.o(x$fpl$usenofp)
    CPU_EndiannessTest                       0x0800db98   Data           4  cpu_core.o(.constdata)
    OSCfg_IdleTaskStkBasePtr                 0x0800dc30   Data           4  os_cfg_app.o(.constdata)
    OSCfg_IdleTaskStkLimit                   0x0800dc34   Data           4  os_cfg_app.o(.constdata)
    OSCfg_IdleTaskStkSize                    0x0800dc38   Data           4  os_cfg_app.o(.constdata)
    OSCfg_IdleTaskStkSizeRAM                 0x0800dc3c   Data           4  os_cfg_app.o(.constdata)
    OSCfg_IntQBasePtr                        0x0800dc40   Data           4  os_cfg_app.o(.constdata)
    OSCfg_IntQSize                           0x0800dc44   Data           2  os_cfg_app.o(.constdata)
    OSCfg_IntQSizeRAM                        0x0800dc48   Data           4  os_cfg_app.o(.constdata)
    OSCfg_IntQTaskStkBasePtr                 0x0800dc4c   Data           4  os_cfg_app.o(.constdata)
    OSCfg_IntQTaskStkLimit                   0x0800dc50   Data           4  os_cfg_app.o(.constdata)
    OSCfg_IntQTaskStkSize                    0x0800dc54   Data           4  os_cfg_app.o(.constdata)
    OSCfg_IntQTaskStkSizeRAM                 0x0800dc58   Data           4  os_cfg_app.o(.constdata)
    OSCfg_ISRStkBasePtr                      0x0800dc5c   Data           4  os_cfg_app.o(.constdata)
    OSCfg_ISRStkSize                         0x0800dc60   Data           4  os_cfg_app.o(.constdata)
    OSCfg_ISRStkSizeRAM                      0x0800dc64   Data           4  os_cfg_app.o(.constdata)
    OSCfg_MsgPoolSize                        0x0800dc68   Data           2  os_cfg_app.o(.constdata)
    OSCfg_MsgPoolSizeRAM                     0x0800dc6c   Data           4  os_cfg_app.o(.constdata)
    OSCfg_MsgPoolBasePtr                     0x0800dc70   Data           4  os_cfg_app.o(.constdata)
    OSCfg_StatTaskPrio                       0x0800dc74   Data           1  os_cfg_app.o(.constdata)
    OSCfg_StatTaskRate_Hz                    0x0800dc78   Data           4  os_cfg_app.o(.constdata)
    OSCfg_StatTaskStkBasePtr                 0x0800dc7c   Data           4  os_cfg_app.o(.constdata)
    OSCfg_StatTaskStkLimit                   0x0800dc80   Data           4  os_cfg_app.o(.constdata)
    OSCfg_StatTaskStkSize                    0x0800dc84   Data           4  os_cfg_app.o(.constdata)
    OSCfg_StatTaskStkSizeRAM                 0x0800dc88   Data           4  os_cfg_app.o(.constdata)
    OSCfg_StkSizeMin                         0x0800dc8c   Data           4  os_cfg_app.o(.constdata)
    OSCfg_TickRate_Hz                        0x0800dc90   Data           4  os_cfg_app.o(.constdata)
    OSCfg_TickTaskPrio                       0x0800dc94   Data           1  os_cfg_app.o(.constdata)
    OSCfg_TickTaskStkBasePtr                 0x0800dc98   Data           4  os_cfg_app.o(.constdata)
    OSCfg_TickTaskStkLimit                   0x0800dc9c   Data           4  os_cfg_app.o(.constdata)
    OSCfg_TickTaskStkSize                    0x0800dca0   Data           4  os_cfg_app.o(.constdata)
    OSCfg_TickTaskStkSizeRAM                 0x0800dca4   Data           4  os_cfg_app.o(.constdata)
    OSCfg_TickWheelSize                      0x0800dca8   Data           2  os_cfg_app.o(.constdata)
    OSCfg_TickWheelSizeRAM                   0x0800dcac   Data           4  os_cfg_app.o(.constdata)
    OSCfg_TmrTaskPrio                        0x0800dcb0   Data           1  os_cfg_app.o(.constdata)
    OSCfg_TmrTaskRate_Hz                     0x0800dcb4   Data           4  os_cfg_app.o(.constdata)
    OSCfg_TmrTaskStkBasePtr                  0x0800dcb8   Data           4  os_cfg_app.o(.constdata)
    OSCfg_TmrTaskStkLimit                    0x0800dcbc   Data           4  os_cfg_app.o(.constdata)
    OSCfg_TmrTaskStkSize                     0x0800dcc0   Data           4  os_cfg_app.o(.constdata)
    OSCfg_TmrTaskStkSizeRAM                  0x0800dcc4   Data           4  os_cfg_app.o(.constdata)
    OSCfg_TmrWheelSize                       0x0800dcc8   Data           2  os_cfg_app.o(.constdata)
    OSCfg_TmrWheelSizeRAM                    0x0800dccc   Data           4  os_cfg_app.o(.constdata)
    OSCfg_DataSizeRAM                        0x0800dcd0   Data           4  os_cfg_app.o(.constdata)
    OSDbg_DbgEn                              0x0800dcd4   Data           2  os_dbg.o(.constdata)
    OSDbg_ArgChkEn                           0x0800dcd6   Data           1  os_dbg.o(.constdata)
    OSDbg_AppHooksEn                         0x0800dcd7   Data           1  os_dbg.o(.constdata)
    OSDbg_EndiannessTest                     0x0800dcd8   Data           4  os_dbg.o(.constdata)
    OSDbg_CalledFromISRChkEn                 0x0800dcdc   Data           1  os_dbg.o(.constdata)
    OSDbg_FlagEn                             0x0800dcdd   Data           1  os_dbg.o(.constdata)
    OSDbg_FlagGrp                            0x0800dce0   Data          40  os_dbg.o(.constdata)
    OSDbg_FlagDelEn                          0x0800dd08   Data           1  os_dbg.o(.constdata)
    OSDbg_FlagModeClrEn                      0x0800dd09   Data           1  os_dbg.o(.constdata)
    OSDbg_FlagPendAbortEn                    0x0800dd0a   Data           1  os_dbg.o(.constdata)
    OSDbg_FlagGrpSize                        0x0800dd0c   Data           2  os_dbg.o(.constdata)
    OSDbg_FlagWidth                          0x0800dd0e   Data           2  os_dbg.o(.constdata)
    OSDbg_IntQ                               0x0800dd10   Data           2  os_dbg.o(.constdata)
    OSDbg_ISRPostDeferredEn                  0x0800dd12   Data           1  os_dbg.o(.constdata)
    OSDbg_Mem                                0x0800dd14   Data          32  os_dbg.o(.constdata)
    OSDbg_MemEn                              0x0800dd34   Data           1  os_dbg.o(.constdata)
    OSDbg_MemSize                            0x0800dd36   Data           2  os_dbg.o(.constdata)
    OSDbg_MsgEn                              0x0800dd38   Data           1  os_dbg.o(.constdata)
    OSDbg_MsgSize                            0x0800dd3a   Data           2  os_dbg.o(.constdata)
    OSDbg_MsgPoolSize                        0x0800dd3c   Data           2  os_dbg.o(.constdata)
    OSDbg_MsgQSize                           0x0800dd3e   Data           2  os_dbg.o(.constdata)
    OSDbg_Mutex                              0x0800dd40   Data          44  os_dbg.o(.constdata)
    OSDbg_MutexEn                            0x0800dd6c   Data           1  os_dbg.o(.constdata)
    OSDbg_MutexDelEn                         0x0800dd6d   Data           1  os_dbg.o(.constdata)
    OSDbg_MutexPendAbortEn                   0x0800dd6e   Data           1  os_dbg.o(.constdata)
    OSDbg_MutexSize                          0x0800dd70   Data           2  os_dbg.o(.constdata)
    OSDbg_ObjTypeChkEn                       0x0800dd72   Data           1  os_dbg.o(.constdata)
    OSDbg_PendMultiEn                        0x0800dd73   Data           1  os_dbg.o(.constdata)
    OSDbg_PendDataSize                       0x0800dd74   Data           2  os_dbg.o(.constdata)
    OSDbg_PendListSize                       0x0800dd76   Data           2  os_dbg.o(.constdata)
    OSDbg_PendObjSize                        0x0800dd78   Data           2  os_dbg.o(.constdata)
    OSDbg_PrioMax                            0x0800dd7a   Data           2  os_dbg.o(.constdata)
    OSDbg_PrioTblSize                        0x0800dd7c   Data           2  os_dbg.o(.constdata)
    OSDbg_PtrSize                            0x0800dd7e   Data           2  os_dbg.o(.constdata)
    OSDbg_Q                                  0x0800dd80   Data          48  os_dbg.o(.constdata)
    OSDbg_QEn                                0x0800ddb0   Data           1  os_dbg.o(.constdata)
    OSDbg_QDelEn                             0x0800ddb1   Data           1  os_dbg.o(.constdata)
    OSDbg_QFlushEn                           0x0800ddb2   Data           1  os_dbg.o(.constdata)
    OSDbg_QPendAbortEn                       0x0800ddb3   Data           1  os_dbg.o(.constdata)
    OSDbg_QSize                              0x0800ddb4   Data           2  os_dbg.o(.constdata)
    OSDbg_SchedRoundRobinEn                  0x0800ddb6   Data           1  os_dbg.o(.constdata)
    OSDbg_Sem                                0x0800ddb8   Data          40  os_dbg.o(.constdata)
    OSDbg_SemEn                              0x0800dde0   Data           1  os_dbg.o(.constdata)
    OSDbg_SemDelEn                           0x0800dde1   Data           1  os_dbg.o(.constdata)
    OSDbg_SemPendAbortEn                     0x0800dde2   Data           1  os_dbg.o(.constdata)
    OSDbg_SemSetEn                           0x0800dde3   Data           1  os_dbg.o(.constdata)
    OSDbg_SemSize                            0x0800dde4   Data           2  os_dbg.o(.constdata)
    OSDbg_RdyList                            0x0800dde6   Data           2  os_dbg.o(.constdata)
    OSDbg_RdyListSize                        0x0800dde8   Data           4  os_dbg.o(.constdata)
    OSDbg_StkWidth                           0x0800ddec   Data           1  os_dbg.o(.constdata)
    OSDbg_StatTaskEn                         0x0800dded   Data           1  os_dbg.o(.constdata)
    OSDbg_StatTaskStkChkEn                   0x0800ddee   Data           1  os_dbg.o(.constdata)
    OSDbg_TaskChangePrioEn                   0x0800ddef   Data           1  os_dbg.o(.constdata)
    OSDbg_TaskDelEn                          0x0800ddf0   Data           1  os_dbg.o(.constdata)
    OSDbg_TaskQEn                            0x0800ddf1   Data           1  os_dbg.o(.constdata)
    OSDbg_TaskQPendAbortEn                   0x0800ddf2   Data           1  os_dbg.o(.constdata)
    OSDbg_TaskProfileEn                      0x0800ddf3   Data           1  os_dbg.o(.constdata)
    OSDbg_TaskRegTblSize                     0x0800ddf4   Data           2  os_dbg.o(.constdata)
    OSDbg_TaskSemPendAbortEn                 0x0800ddf6   Data           1  os_dbg.o(.constdata)
    OSDbg_TaskSuspendEn                      0x0800ddf7   Data           1  os_dbg.o(.constdata)
    OSDbg_TCBSize                            0x0800ddf8   Data           2  os_dbg.o(.constdata)
    OSDbg_TickSpokeSize                      0x0800ddfa   Data           2  os_dbg.o(.constdata)
    OSDbg_TimeDlyHMSMEn                      0x0800ddfc   Data           1  os_dbg.o(.constdata)
    OSDbg_TimeDlyResumeEn                    0x0800ddfd   Data           1  os_dbg.o(.constdata)
    OSDbg_TLS_TblSize                        0x0800ddfe   Data           2  os_dbg.o(.constdata)
    OSDbg_Tmr                                0x0800de00   Data          52  os_dbg.o(.constdata)
    OSDbg_TmrEn                              0x0800de34   Data           1  os_dbg.o(.constdata)
    OSDbg_TmrDelEn                           0x0800de35   Data           1  os_dbg.o(.constdata)
    OSDbg_TmrSize                            0x0800de36   Data           2  os_dbg.o(.constdata)
    OSDbg_TmrSpokeSize                       0x0800de38   Data           2  os_dbg.o(.constdata)
    OSDbg_VersionNbr                         0x0800de3a   Data           2  os_dbg.o(.constdata)
    OSDbg_DataSize                           0x0800de3c   Data           4  os_dbg.o(.constdata)
    Region$$Table$$Base                      0x0800df30   Number         0  anon$$obj.o(Region$$Table)
    Region$$Table$$Limit                     0x0800df50   Number         0  anon$$obj.o(Region$$Table)
    SystemCoreClock                          0x20000000   Data           4  system_stm32f4xx.o(.data)
    AHBPrescTable                            0x20000004   Data          16  system_stm32f4xx.o(.data)
    USART2_RX_STA                            0x20000014   Data           2  free.o(.data)
    threshold_pressure                       0x20000018   Data           4  free.o(.data)
    vlog                                     0x2000001c   Data           4  free.o(.data)
    rcr_remainder                            0x20000020   Data           1  driver.o(.data)
    is_rcr_finish                            0x20000021   Data           1  driver.o(.data)
    rcr_integer                              0x20000024   Data           4  driver.o(.data)
    target_pos                               0x20000028   Data           4  driver.o(.data)
    current_pos                              0x2000002c   Data           4  driver.o(.data)
    motor_dir                                0x20000030   Data           1  driver.o(.data)
    __stdout                                 0x20000048   Data           4  usart.o(.data)
    USART_RX_STA                             0x2000004c   Data           2  usart.o(.data)
    CPU_TS_TmrFreq_Hz                        0x20000050   Data           4  cpu_core.o(.data)
    Mem_PoolTbl                              0x20000054   Data           4  lib_mem.o(.data)
    OSPrioTbl                                0x20000058   Data           8  os_prio.o(.data)
    OS_AppTaskCreateHookPtr                  0x20000060   Data           4  os_var.o(.data)
    OS_AppTaskDelHookPtr                     0x20000064   Data           4  os_var.o(.data)
    OS_AppTaskReturnHookPtr                  0x20000068   Data           4  os_var.o(.data)
    OS_AppIdleTaskHookPtr                    0x2000006c   Data           4  os_var.o(.data)
    OS_AppStatTaskHookPtr                    0x20000070   Data           4  os_var.o(.data)
    OS_AppTaskSwHookPtr                      0x20000074   Data           4  os_var.o(.data)
    OS_AppTimeTickHookPtr                    0x20000078   Data           4  os_var.o(.data)
    OSIdleTaskCtr                            0x2000007c   Data           4  os_var.o(.data)
    OSIntNestingCtr                          0x20000080   Data           1  os_var.o(.data)
    OSRunning                                0x20000081   Data           1  os_var.o(.data)
    OSIntQInPtr                              0x20000084   Data           4  os_var.o(.data)
    OSIntQOutPtr                             0x20000088   Data           4  os_var.o(.data)
    OSIntQNbrEntries                         0x2000008c   Data           2  os_var.o(.data)
    OSIntQNbrEntriesMax                      0x2000008e   Data           2  os_var.o(.data)
    OSIntQOvfCtr                             0x20000090   Data           2  os_var.o(.data)
    OSIntQTaskTimeMax                        0x20000094   Data           4  os_var.o(.data)
    OSFlagDbgListPtr                         0x20000098   Data           4  os_var.o(.data)
    OSFlagQty                                0x2000009c   Data           2  os_var.o(.data)
    OSMemDbgListPtr                          0x200000a0   Data           4  os_var.o(.data)
    OSMemQty                                 0x200000a4   Data           2  os_var.o(.data)
    OSMutexDbgListPtr                        0x200000a8   Data           4  os_var.o(.data)
    OSMutexQty                               0x200000ac   Data           2  os_var.o(.data)
    OSPrioCur                                0x200000ae   Data           1  os_var.o(.data)
    OSPrioHighRdy                            0x200000af   Data           1  os_var.o(.data)
    OSPrioSaved                              0x200000b0   Data           1  os_var.o(.data)
    OSQDbgListPtr                            0x200000b4   Data           4  os_var.o(.data)
    OSQQty                                   0x200000b8   Data           2  os_var.o(.data)
    OSSchedLockTimeBegin                     0x200000bc   Data           4  os_var.o(.data)
    OSSchedLockTimeMax                       0x200000c0   Data           4  os_var.o(.data)
    OSSchedLockTimeMaxCur                    0x200000c4   Data           4  os_var.o(.data)
    OSSchedLockNestingCtr                    0x200000c8   Data           1  os_var.o(.data)
    OSSchedRoundRobinDfltTimeQuanta          0x200000cc   Data           4  os_var.o(.data)
    OSSchedRoundRobinEn                      0x200000d0   Data           1  os_var.o(.data)
    OSSemDbgListPtr                          0x200000d4   Data           4  os_var.o(.data)
    OSSemQty                                 0x200000d8   Data           2  os_var.o(.data)
    OSStatResetFlag                          0x200000da   Data           1  os_var.o(.data)
    OSStatTaskCPUUsage                       0x200000dc   Data           2  os_var.o(.data)
    OSStatTaskCPUUsageMax                    0x200000de   Data           2  os_var.o(.data)
    OSStatTaskCtr                            0x200000e0   Data           4  os_var.o(.data)
    OSStatTaskCtrMax                         0x200000e4   Data           4  os_var.o(.data)
    OSStatTaskCtrRun                         0x200000e8   Data           4  os_var.o(.data)
    OSStatTaskRdy                            0x200000ec   Data           1  os_var.o(.data)
    OSStatTaskTimeMax                        0x200000f0   Data           4  os_var.o(.data)
    OSTaskCtxSwCtr                           0x200000f4   Data           4  os_var.o(.data)
    OSTaskDbgListPtr                         0x200000f8   Data           4  os_var.o(.data)
    OSTaskQty                                0x200000fc   Data           2  os_var.o(.data)
    OSTaskRegNextAvailID                     0x200000fe   Data           1  os_var.o(.data)
    OSTickCtr                                0x20000100   Data           4  os_var.o(.data)
    OSTickTaskTimeMax                        0x20000104   Data           4  os_var.o(.data)
    OSTmrDbgListPtr                          0x20000108   Data           4  os_var.o(.data)
    OSTmrQty                                 0x2000010c   Data           2  os_var.o(.data)
    OSTmrTaskTimeMax                         0x20000110   Data           4  os_var.o(.data)
    OSTmrTickCtr                             0x20000114   Data           4  os_var.o(.data)
    OSTmrUpdateCnt                           0x20000118   Data           4  os_var.o(.data)
    OSTmrUpdateCtr                           0x2000011c   Data           4  os_var.o(.data)
    OSTCBCurPtr                              0x20000120   Data           4  os_var.o(.data)
    OSTCBHighRdyPtr                          0x20000124   Data           4  os_var.o(.data)
    OS_CPU_ExceptStkBase                     0x20000128   Data           4  os_cpu_c.o(.data)
    StartTaskTCB                             0x2000012c   Data         196  main.o(.bss)
    START_TASK_STK                           0x200001f0   Data        2048  main.o(.bss)
    Led0TaskTCB                              0x200009f0   Data         196  main.o(.bss)
    LED0_TASK_STK                            0x20000ab4   Data        2048  main.o(.bss)
    Led1TaskTCB                              0x200012b4   Data         196  main.o(.bss)
    LED1_TASK_STK                            0x20001378   Data        2048  main.o(.bss)
    USART2_RX_BUF                            0x20001b78   Data          12  free.o(.bss)
    USART_RX_BUF                             0x20001b84   Data         200  usart.o(.bss)
    CPU_Name                                 0x20001c4c   Data          16  cpu_core.o(.bss)
    Mem_PoolHeap                             0x20001c5c   Data          72  lib_mem.o(.bss)
    Mem_Heap                                 0x20001ca4   Data        1024  lib_mem.o(.bss)
    OSCfg_IdleTaskStk                        0x200020a4   Data         512  os_cfg_app.o(.bss)
    OSCfg_IntQ                               0x200022a4   Data         320  os_cfg_app.o(.bss)
    OSCfg_IntQTaskStk                        0x200023e4   Data         512  os_cfg_app.o(.bss)
    OSCfg_ISRStk                             0x200025e4   Data         512  os_cfg_app.o(.bss)
    OSCfg_MsgPool                            0x200027e4   Data        1600  os_cfg_app.o(.bss)
    OSCfg_StatTaskStk                        0x20002e24   Data         512  os_cfg_app.o(.bss)
    OSCfg_TickTaskStk                        0x20003024   Data         512  os_cfg_app.o(.bss)
    OSCfg_TickWheel                          0x20003224   Data         136  os_cfg_app.o(.bss)
    OSCfg_TmrTaskStk                         0x200032ac   Data         512  os_cfg_app.o(.bss)
    OSCfg_TmrWheel                           0x200034ac   Data         136  os_cfg_app.o(.bss)
    OSIdleTaskTCB                            0x20003534   Data         196  os_var.o(.bss)
    OSIntQTaskTCB                            0x200035f8   Data         196  os_var.o(.bss)
    OSMsgPool                                0x200036bc   Data          12  os_var.o(.bss)
    OSRdyList                                0x200036c8   Data         768  os_var.o(.bss)
    OSStatTaskTCB                            0x200039c8   Data         196  os_var.o(.bss)
    OSTickTaskTCB                            0x20003a8c   Data         196  os_var.o(.bss)
    OSTmrTaskTCB                             0x20003b50   Data         196  os_var.o(.bss)
    __libspace_start                         0x20003c14   Data          96  libspace.o(.bss)
    __temporary_stack_top$libspace           0x20003c74   Data           0  libspace.o(.bss)



==============================================================================

Memory Map of the image

  Image Entry point : 0x08000189

  Load Region LR_IROM1 (Base: 0x08000000, Size: 0x0000e098, Max: 0x00100000, ABSOLUTE, COMPRESSED[0x0000df88])

    Execution Region ER_IROM1 (Base: 0x08000000, Size: 0x0000df6c, Max: 0x00100000, ABSOLUTE)

    Base Addr    Size         Type   Attr      Idx    E Section Name        Object

    0x08000000   0x00000188   Data   RO          496    RESET               startup_stm32f40_41xxx.o
    0x08000188   0x00000008   Code   RO         1149  * !!!main             c_w.l(__main.o)
    0x08000190   0x00000034   Code   RO         1518    !!!scatter          c_w.l(__scatter.o)
    0x080001c4   0x0000005a   Code   RO         1516    !!dczerorl2         c_w.l(__dczerorl2.o)
    0x0800021e   0x00000002   PAD
    0x08000220   0x0000001c   Code   RO         1520    !!handler_zi        c_w.l(__scatter_zi.o)
    0x0800023c   0x00000000   Code   RO         1146    .ARM.Collect$$_printf_percent$$00000000  c_w.l(_printf_percent.o)
    0x0800023c   0x00000006   Code   RO         1145    .ARM.Collect$$_printf_percent$$00000003  c_w.l(_printf_f.o)
    0x08000242   0x00000006   Code   RO         1144    .ARM.Collect$$_printf_percent$$00000009  c_w.l(_printf_d.o)
    0x08000248   0x00000004   Code   RO         1234    .ARM.Collect$$_printf_percent$$00000017  c_w.l(_printf_percent_end.o)
    0x0800024c   0x00000002   Code   RO         1394    .ARM.Collect$$libinit$$00000000  c_w.l(libinit.o)
    0x0800024e   0x00000004   Code   RO         1395    .ARM.Collect$$libinit$$00000001  c_w.l(libinit2.o)
    0x08000252   0x00000000   Code   RO         1398    .ARM.Collect$$libinit$$00000004  c_w.l(libinit2.o)
    0x08000252   0x00000000   Code   RO         1401    .ARM.Collect$$libinit$$0000000A  c_w.l(libinit2.o)
    0x08000252   0x00000000   Code   RO         1403    .ARM.Collect$$libinit$$0000000C  c_w.l(libinit2.o)
    0x08000252   0x00000000   Code   RO         1405    .ARM.Collect$$libinit$$0000000E  c_w.l(libinit2.o)
    0x08000252   0x00000006   Code   RO         1406    .ARM.Collect$$libinit$$0000000F  c_w.l(libinit2.o)
    0x08000258   0x00000000   Code   RO         1408    .ARM.Collect$$libinit$$00000011  c_w.l(libinit2.o)
    0x08000258   0x00000000   Code   RO         1410    .ARM.Collect$$libinit$$00000013  c_w.l(libinit2.o)
    0x08000258   0x00000000   Code   RO         1412    .ARM.Collect$$libinit$$00000015  c_w.l(libinit2.o)
    0x08000258   0x0000000a   Code   RO         1413    .ARM.Collect$$libinit$$00000016  c_w.l(libinit2.o)
    0x08000262   0x00000000   Code   RO         1414    .ARM.Collect$$libinit$$00000017  c_w.l(libinit2.o)
    0x08000262   0x00000000   Code   RO         1416    .ARM.Collect$$libinit$$00000019  c_w.l(libinit2.o)
    0x08000262   0x00000000   Code   RO         1418    .ARM.Collect$$libinit$$0000001B  c_w.l(libinit2.o)
    0x08000262   0x00000000   Code   RO         1420    .ARM.Collect$$libinit$$0000001D  c_w.l(libinit2.o)
    0x08000262   0x00000000   Code   RO         1422    .ARM.Collect$$libinit$$0000001F  c_w.l(libinit2.o)
    0x08000262   0x00000000   Code   RO         1424    .ARM.Collect$$libinit$$00000021  c_w.l(libinit2.o)
    0x08000262   0x00000000   Code   RO         1426    .ARM.Collect$$libinit$$00000023  c_w.l(libinit2.o)
    0x08000262   0x00000000   Code   RO         1428    .ARM.Collect$$libinit$$00000025  c_w.l(libinit2.o)
    0x08000262   0x00000000   Code   RO         1432    .ARM.Collect$$libinit$$0000002C  c_w.l(libinit2.o)
    0x08000262   0x00000000   Code   RO         1434    .ARM.Collect$$libinit$$0000002E  c_w.l(libinit2.o)
    0x08000262   0x00000000   Code   RO         1436    .ARM.Collect$$libinit$$00000030  c_w.l(libinit2.o)
    0x08000262   0x00000000   Code   RO         1438    .ARM.Collect$$libinit$$00000032  c_w.l(libinit2.o)
    0x08000262   0x00000002   Code   RO         1439    .ARM.Collect$$libinit$$00000033  c_w.l(libinit2.o)
    0x08000264   0x00000002   Code   RO         1481    .ARM.Collect$$libshutdown$$00000000  c_w.l(libshutdown.o)
    0x08000266   0x00000000   Code   RO         1501    .ARM.Collect$$libshutdown$$00000003  c_w.l(libshutdown2.o)
    0x08000266   0x00000000   Code   RO         1504    .ARM.Collect$$libshutdown$$00000006  c_w.l(libshutdown2.o)
    0x08000266   0x00000000   Code   RO         1507    .ARM.Collect$$libshutdown$$00000009  c_w.l(libshutdown2.o)
    0x08000266   0x00000000   Code   RO         1509    .ARM.Collect$$libshutdown$$0000000B  c_w.l(libshutdown2.o)
    0x08000266   0x00000000   Code   RO         1512    .ARM.Collect$$libshutdown$$0000000E  c_w.l(libshutdown2.o)
    0x08000266   0x00000002   Code   RO         1513    .ARM.Collect$$libshutdown$$0000000F  c_w.l(libshutdown2.o)
    0x08000268   0x00000000   Code   RO         1217    .ARM.Collect$$rtentry$$00000000  c_w.l(__rtentry.o)
    0x08000268   0x00000000   Code   RO         1300    .ARM.Collect$$rtentry$$00000002  c_w.l(__rtentry2.o)
    0x08000268   0x00000006   Code   RO         1312    .ARM.Collect$$rtentry$$00000004  c_w.l(__rtentry4.o)
    0x0800026e   0x00000000   Code   RO         1302    .ARM.Collect$$rtentry$$00000009  c_w.l(__rtentry2.o)
    0x0800026e   0x00000004   Code   RO         1303    .ARM.Collect$$rtentry$$0000000A  c_w.l(__rtentry2.o)
    0x08000272   0x00000000   Code   RO         1305    .ARM.Collect$$rtentry$$0000000C  c_w.l(__rtentry2.o)
    0x08000272   0x00000008   Code   RO         1306    .ARM.Collect$$rtentry$$0000000D  c_w.l(__rtentry2.o)
    0x0800027a   0x00000002   Code   RO         1440    .ARM.Collect$$rtexit$$00000000  c_w.l(rtexit.o)
    0x0800027c   0x00000000   Code   RO         1453    .ARM.Collect$$rtexit$$00000002  c_w.l(rtexit2.o)
    0x0800027c   0x00000004   Code   RO         1454    .ARM.Collect$$rtexit$$00000003  c_w.l(rtexit2.o)
    0x08000280   0x00000006   Code   RO         1455    .ARM.Collect$$rtexit$$00000004  c_w.l(rtexit2.o)
    0x08000286   0x00000002   PAD
    0x08000288   0x000002ec   Code   RO            3    .text               main.o
    0x08000574   0x00000016   Code   RO          242    .text               stm32f4xx_it.o
    0x0800058a   0x00000002   PAD
    0x0800058c   0x00000210   Code   RO          291    .text               system_stm32f4xx.o
    0x0800079c   0x00000040   Code   RO          317    .text               led.o
    0x080007dc   0x00000230   Code   RO          337    .text               iic.o
    0x08000a0c   0x00000244   Code   RO          383    .text               free.o
    0x08000c50   0x000003f8   Code   RO          438    .text               driver.o
    0x08001048   0x00000110   Code   RO          475    .text               key.o
    0x08001158   0x00000040   Code   RO          497    .text               startup_stm32f40_41xxx.o
    0x08001198   0x000000e0   Code   RO          503    .text               misc.o
    0x08001278   0x00000294   Code   RO          523    .text               stm32f4xx_gpio.o
    0x0800150c   0x0000065c   Code   RO          543    .text               stm32f4xx_rcc.o
    0x08001b68   0x00000454   Code   RO          585    .text               stm32f4xx_usart.o
    0x08001fbc   0x00000ca2   Code   RO          605    .text               stm32f4xx_tim.o
    0x08002c5e   0x00000002   PAD
    0x08002c60   0x00000160   Code   RO          625    .text               delay.o
    0x08002dc0   0x00000158   Code   RO          665    .text               usart.o
    0x08002f18   0x00000084   Code   RO          696    .text               bsp.o
    0x08002f9c   0x000002a8   Code   RO          729    .text               cpu_core.o
    0x08003244   0x00000034   Code   RO          755    .text               cpu_a.o
    0x08003278   0x00000256   Code   RO          758    .text               lib_ascii.o
    0x080034ce   0x00000002   PAD
    0x080034d0   0x000009c6   Code   RO          791    .text               lib_mem.o
    0x08003e96   0x00000002   PAD
    0x08003e98   0x0000092c   Code   RO          810    .text               lib_str.o
    0x080047c4   0x00000220   Code   RO          827    .text               lib_mem_a.o
    0x080049e4   0x000000fc   Code   RO          830    .text               os_cfg_app.o
    0x08004ae0   0x00000df0   Code   RO          853    .text               os_core.o
    0x080058d0   0x000001b0   Code   RO          865    .text               os_dbg.o
    0x08005a80   0x00000e28   Code   RO          880    .text               os_flag.o
    0x080068a8   0x00000444   Code   RO          892    .text               os_int.o
    0x08006cec   0x00000238   Code   RO          904    .text               os_mem.o
    0x08006f24   0x0000022c   Code   RO          916    .text               os_msg.o
    0x08007150   0x00000ad4   Code   RO          928    .text               os_mutex.o
    0x08007c24   0x0000007c   Code   RO          946    .text               os_prio.o
    0x08007ca0   0x000008d8   Code   RO          965    .text               os_q.o
    0x08008578   0x00000830   Code   RO          977    .text               os_sem.o
    0x08008da8   0x00000638   Code   RO          989    .text               os_stat.o
    0x080093e0   0x00001bb4   Code   RO         1001    .text               os_task.o
    0x0800af94   0x000004fc   Code   RO         1013    .text               os_tick.o
    0x0800b490   0x00000564   Code   RO         1025    .text               os_time.o
    0x0800b9f4   0x00000818   Code   RO         1037    .text               os_tmr.o
    0x0800c20c   0x000003f8   Code   RO         1065    .text               os_cpu_c.o
    0x0800c604   0x00000002   Code   RO         1106    .text               c_w.l(use_no_semi_2.o)
    0x0800c606   0x000000ee   Code   RO         1108    .text               c_w.l(lludivv7m.o)
    0x0800c6f4   0x00000018   Code   RO         1114    .text               c_w.l(noretval__2printf.o)
    0x0800c70c   0x00000078   Code   RO         1122    .text               c_w.l(_printf_dec.o)
    0x0800c784   0x00000188   Code   RO         1141    .text               c_w.l(__printf_flags_ss_wp.o)
    0x0800c90c   0x00000006   Code   RO         1147    .text               c_w.l(heapauxi.o)
    0x0800c912   0x00000002   Code   RO         1215    .text               c_w.l(use_no_semi.o)
    0x0800c914   0x000000b2   Code   RO         1224    .text               c_w.l(_printf_intcommon.o)
    0x0800c9c6   0x0000041a   Code   RO         1226    .text               c_w.l(_printf_fp_dec.o)
    0x0800cde0   0x00000030   Code   RO         1228    .text               c_w.l(_printf_char_common.o)
    0x0800ce10   0x00000024   Code   RO         1232    .text               c_w.l(_printf_char_file.o)
    0x0800ce34   0x00000008   Code   RO         1319    .text               c_w.l(rt_locale_intlibspace.o)
    0x0800ce3c   0x0000008a   Code   RO         1326    .text               c_w.l(lludiv10.o)
    0x0800cec6   0x00000002   PAD
    0x0800cec8   0x00000080   Code   RO         1328    .text               c_w.l(_printf_fp_infnan.o)
    0x0800cf48   0x000000dc   Code   RO         1332    .text               c_w.l(bigflt0.o)
    0x0800d024   0x00000008   Code   RO         1357    .text               c_w.l(ferror.o)
    0x0800d02c   0x00000008   Code   RO         1376    .text               c_w.l(libspace.o)
    0x0800d034   0x0000004a   Code   RO         1379    .text               c_w.l(sys_stackheap_outer.o)
    0x0800d07e   0x0000000c   Code   RO         1381    .text               c_w.l(exit.o)
    0x0800d08a   0x00000002   PAD
    0x0800d08c   0x00000080   Code   RO         1387    .text               c_w.l(strcmpv7m.o)
    0x0800d10c   0x0000003e   Code   RO         1335    CL$$btod_d2e        c_w.l(btod.o)
    0x0800d14a   0x00000046   Code   RO         1337    CL$$btod_d2e_denorm_low  c_w.l(btod.o)
    0x0800d190   0x00000060   Code   RO         1336    CL$$btod_d2e_norm_op1  c_w.l(btod.o)
    0x0800d1f0   0x00000338   Code   RO         1345    CL$$btod_div_common  c_w.l(btod.o)
    0x0800d528   0x000000c6   Code   RO         1342    CL$$btod_e2e        c_w.l(btod.o)
    0x0800d5ee   0x00000028   Code   RO         1339    CL$$btod_ediv       c_w.l(btod.o)
    0x0800d616   0x00000028   Code   RO         1338    CL$$btod_emul       c_w.l(btod.o)
    0x0800d63e   0x00000244   Code   RO         1344    CL$$btod_mult_common  c_w.l(btod.o)
    0x0800d882   0x00000002   PAD
    0x0800d884   0x000000ac   Code   RO         1089    CODE                os_cpu_a.o
    0x0800d930   0x00000030   Code   RO         1372    i.__ARM_fpclassify  m_wm.l(fpclassify.o)
    0x0800d960   0x0000000e   Code   RO         1134    i._is_digit         c_w.l(__printf_wp.o)
    0x0800d96e   0x00000002   PAD
    0x0800d970   0x0000002c   Code   RO         1362    locale$$code        c_w.l(lc_numeric_c.o)
    0x0800d99c   0x0000000c   Code   RO         1241    x$fpl$dretinf       fz_wm.l(dretinf.o)
    0x0800d9a8   0x00000056   Code   RO         1175    x$fpl$f2d           fz_wm.l(f2d.o)
    0x0800d9fe   0x0000008c   Code   RO         1245    x$fpl$fnaninf       fz_wm.l(fnaninf.o)
    0x0800da8a   0x0000000a   Code   RO         1450    x$fpl$fpinit        fz_wm.l(fpinit.o)
    0x0800da94   0x00000004   Code   RO         1177    x$fpl$printf1       fz_wm.l(printf1.o)
    0x0800da98   0x00000000   Code   RO         1249    x$fpl$usenofp       fz_wm.l(usenofp.o)
    0x0800da98   0x00000104   Data   RO          731    .constdata          cpu_core.o
    0x0800db9c   0x00000094   Data   RO          811    .constdata          lib_str.o
    0x0800dc30   0x000000a4   Data   RO          832    .constdata          os_cfg_app.o
    0x0800dcd4   0x0000016c   Data   RO          866    .constdata          os_dbg.o
    0x0800de40   0x00000011   Data   RO         1142    .constdata          c_w.l(__printf_flags_ss_wp.o)
    0x0800de51   0x00000003   PAD
    0x0800de54   0x00000094   Data   RO         1333    .constdata          c_w.l(bigflt0.o)
    0x0800dee8   0x00000048   Data   RO          439    .conststring        driver.o
    0x0800df30   0x00000020   Data   RO         1514    Region$$Table       anon$$obj.o
    0x0800df50   0x0000001c   Data   RO         1361    locale$$data        c_w.l(lc_numeric_c.o)


    Execution Region RW_IRAM1 (Base: 0x20000000, Size: 0x00004278, Max: 0x00020000, ABSOLUTE, COMPRESSED[0x0000001c])

    Base Addr    Size         Type   Attr      Idx    E Section Name        Object

    0x20000000   0x00000014   Data   RW          292    .data               system_stm32f4xx.o
    0x20000014   0x0000000c   Data   RW          385    .data               free.o
    0x20000020   0x00000011   Data   RW          440    .data               driver.o
    0x20000031   0x00000001   Data   RW          476    .data               key.o
    0x20000032   0x00000010   Data   RW          544    .data               stm32f4xx_rcc.o
    0x20000042   0x00000004   Data   RW          626    .data               delay.o
    0x20000046   0x00000002   PAD
    0x20000048   0x00000006   Data   RW          667    .data               usart.o
    0x2000004e   0x00000002   PAD
    0x20000050   0x00000004   Data   RW          732    .data               cpu_core.o
    0x20000054   0x00000004   Data   RW          793    .data               lib_mem.o
    0x20000058   0x00000008   Data   RW          947    .data               os_prio.o
    0x20000060   0x000000c8   Data   RW         1050    .data               os_var.o
    0x20000128   0x00000004   Data   RW         1066    .data               os_cpu_c.o
    0x2000012c   0x00001a4c   Zero   RW            4    .bss                main.o
    0x20001b78   0x0000000c   Zero   RW          384    .bss                free.o
    0x20001b84   0x000000c8   Zero   RW          666    .bss                usart.o
    0x20001c4c   0x00000010   Zero   RW          730    .bss                cpu_core.o
    0x20001c5c   0x00000448   Zero   RW          792    .bss                lib_mem.o
    0x200020a4   0x00001490   Zero   RW          831    .bss                os_cfg_app.o
    0x20003534   0x000006e0   Zero   RW         1049    .bss                os_var.o
    0x20003c14   0x00000060   Zero   RW         1377    .bss                c_w.l(libspace.o)
    0x20003c74   0x00000004   PAD
    0x20003c78   0x00000200   Zero   RW          495    HEAP                startup_stm32f40_41xxx.o
    0x20003e78   0x00000400   Zero   RW          494    STACK               startup_stm32f40_41xxx.o


==============================================================================

Image component sizes


      Code (inc. data)   RO Data    RW Data    ZI Data      Debug   Object Name

       132         14          0          0          0       1215   bsp.o
        52          0          0          0          0        332   cpu_a.o
       680         14        260          4         16      14655   cpu_core.o
       352         26          0          4          0       2052   delay.o
      1016        158         72         17          0       2943   driver.o
       580         56          0         12         12       2314   free.o
       560         14          0          0          0       2195   iic.o
       272         12          0          1          0        892   key.o
        64          6          0          0          0        535   led.o
       598          0          0          0          0       3788   lib_ascii.o
      2502         32          0          4       1096      21928   lib_mem.o
       544          0          0          0          0        476   lib_mem_a.o
      2348          6        148          0          0      13194   lib_str.o
       748        112          0          0       6732     324238   main.o
       224         20          0          0          0       1973   misc.o
       252        166        164          0       5264      20938   os_cfg_app.o
      3568        284          0          0          0      12217   os_core.o
       172         32          0          0          0        400   os_cpu_a.o
      1016         64          0          4          0       4057   os_cpu_c.o
       432        286        364          0          0       4785   os_dbg.o
      3624        110          0          0          0       7931   os_flag.o
      1092        146          0          0          0       2308   os_int.o
       568         20          0          0          0       2804   os_mem.o
       556         12          0          0          0       2819   os_msg.o
      2772        114          0          0          0       5626   os_mutex.o
       124          4          0          8          0       1936   os_prio.o
      2264         76          0          0          0       6304   os_q.o
      2096         70          0          0          0       6316   os_sem.o
      1592        180          0          0          0       2813   os_stat.o
      7092        270          0          0          0      13678   os_task.o
      1276         90          0          0          0       3413   os_tick.o
      1380         46          0          0          0       3205   os_time.o
      2072        140          0          0          0       6502   os_tmr.o
         0          0          0        200       1760      19349   os_var.o
        64         26        392          0       1536        840   startup_stm32f40_41xxx.o
       660         44          0          0          0       4249   stm32f4xx_gpio.o
        22          0          0          0          0       1043   stm32f4xx_it.o
      1628         52          0         16          0      13068   stm32f4xx_rcc.o
      3234         60          0          0          0      22452   stm32f4xx_tim.o
      1108         34          0          0          0       7952   stm32f4xx_usart.o
       528         46          0         20          0       1807   system_stm32f4xx.o
       344         16          0          6        200       3326   usart.o

    ----------------------------------------------------------------------
     50216       2858       1432        300      16616     574868   Object Totals
         0          0         32          0          0          0   (incl. Generated)
         8          0          0          4          0          0   (incl. Padding)

    ----------------------------------------------------------------------

      Code (inc. data)   RO Data    RW Data    ZI Data      Debug   Library Member Name

        90          0          0          0          0          0   __dczerorl2.o
         8          0          0          0          0         68   __main.o
       392          4         17          0          0         92   __printf_flags_ss_wp.o
        14          0          0          0          0         68   __printf_wp.o
         0          0          0          0          0          0   __rtentry.o
        12          0          0          0          0          0   __rtentry2.o
         6          0          0          0          0          0   __rtentry4.o
        52          8          0          0          0          0   __scatter.o
        28          0          0          0          0          0   __scatter_zi.o
        48          6          0          0          0         96   _printf_char_common.o
        36          4          0          0          0         80   _printf_char_file.o
         6          0          0          0          0          0   _printf_d.o
       120         16          0          0          0         92   _printf_dec.o
         6          0          0          0          0          0   _printf_f.o
      1050          0          0          0          0        216   _printf_fp_dec.o
       128         16          0          0          0         84   _printf_fp_infnan.o
       178          0          0          0          0         88   _printf_intcommon.o
         0          0          0          0          0          0   _printf_percent.o
         4          0          0          0          0          0   _printf_percent_end.o
       220          4        148          0          0         96   bigflt0.o
      1910        128          0          0          0        672   btod.o
        12          0          0          0          0         72   exit.o
         8          0          0          0          0         68   ferror.o
         6          0          0          0          0        152   heapauxi.o
        44         10         28          0          0         76   lc_numeric_c.o
         2          0          0          0          0          0   libinit.o
        22          0          0          0          0          0   libinit2.o
         2          0          0          0          0          0   libshutdown.o
         2          0          0          0          0          0   libshutdown2.o
         8          4          0          0         96         68   libspace.o
       138          0          0          0          0         80   lludiv10.o
       238          0          0          0          0        100   lludivv7m.o
        24          4          0          0          0         84   noretval__2printf.o
         8          4          0          0          0         68   rt_locale_intlibspace.o
         2          0          0          0          0          0   rtexit.o
        10          0          0          0          0          0   rtexit2.o
       128          0          0          0          0         68   strcmpv7m.o
        74          0          0          0          0         80   sys_stackheap_outer.o
         2          0          0          0          0         68   use_no_semi.o
         2          0          0          0          0         68   use_no_semi_2.o
        12          0          0          0          0        116   dretinf.o
        86          4          0          0          0        132   f2d.o
       140          4          0          0          0        132   fnaninf.o
        10          0          0          0          0        116   fpinit.o
         4          0          0          0          0        116   printf1.o
         0          0          0          0          0          0   usenofp.o
        48          0          0          0          0        124   fpclassify.o

    ----------------------------------------------------------------------
      5352        216        196          0        100       3440   Library Totals
        12          0          3          0          4          0   (incl. Padding)

    ----------------------------------------------------------------------

      Code (inc. data)   RO Data    RW Data    ZI Data      Debug   Library Name

      5040        208        193          0         96       2704   c_w.l
       252          8          0          0          0        612   fz_wm.l
        48          0          0          0          0        124   m_wm.l

    ----------------------------------------------------------------------
      5352        216        196          0        100       3440   Library Totals

    ----------------------------------------------------------------------

==============================================================================


      Code (inc. data)   RO Data    RW Data    ZI Data      Debug   

     55568       3074       1628        300      16716     567852   Grand Totals
     55568       3074       1628         28      16716     567852   ELF Image Totals (compressed)
     55568       3074       1628         28          0          0   ROM Totals

==============================================================================

    Total RO  Size (Code + RO Data)                57196 (  55.86kB)
    Total RW  Size (RW Data + ZI Data)             17016 (  16.62kB)
    Total ROM Size (Code + RO Data + RW Data)      57224 (  55.88kB)

==============================================================================

